Component: Arm Compiler for Embedded 6.18 Tool: armlink [5e4cc100]

==============================================================================

Section Cross References

    main.o(.text.main) refers to gpio.o(.text.setup_RCC) for setup_RCC
    main.o(.text.main) refers to gpio.o(.text.setup_GPIO) for setup_GPIO
    main.o(.text.main) refers to queue.o(.text.xQueueGenericCreate) for xQueueGenericCreate
    main.o(.text.main) refers to main.o(.bss.taskQueues) for taskQueues
    main.o(.text.main) refers to main.o(.text.vSquareTask) for vSquareTask
    main.o(.text.main) refers to tasks.o(.text.xTaskCreate) for xTaskCreate
    main.o(.text.main) refers to main.o(.text.vDecrementTask) for vDecrementTask
    main.o(.text.main) refers to tasks.o(.text.vTaskStartScheduler) for vTaskStartScheduler
    main.o(.ARM.exidx.text.main) refers to main.o(.text.main) for [Anonymous Symbol]
    main.o(.text.vSquareTask) refers to gpio.o(.text.Access) for Access
    main.o(.text.vSquareTask) refers to tasks.o(.text.vTaskDelay) for vTaskDelay
    main.o(.text.vSquareTask) refers to gpio.o(.text.Release) for Release
    main.o(.text.vSquareTask) refers to tasks.o(.text.vTaskDelete) for vTaskDelete
    main.o(.text.vSquareTask) refers to queue.o(.text.xQueueGenericSend) for xQueueGenericSend
    main.o(.text.vSquareTask) refers to queue.o(.text.xQueueReceive) for xQueueReceive
    main.o(.ARM.exidx.text.vSquareTask) refers to main.o(.text.vSquareTask) for [Anonymous Symbol]
    main.o(.text.vDecrementTask) refers to gpio.o(.text.Access) for Access
    main.o(.text.vDecrementTask) refers to tasks.o(.text.vTaskDelay) for vTaskDelay
    main.o(.text.vDecrementTask) refers to gpio.o(.text.Release) for Release
    main.o(.text.vDecrementTask) refers to tasks.o(.text.vTaskDelete) for vTaskDelete
    main.o(.text.vDecrementTask) refers to queue.o(.text.xQueueGenericSend) for xQueueGenericSend
    main.o(.text.vDecrementTask) refers to queue.o(.text.xQueueReceive) for xQueueReceive
    main.o(.ARM.exidx.text.vDecrementTask) refers to main.o(.text.vDecrementTask) for [Anonymous Symbol]
    main.o(.ARM.exidx.text.vSimpleDelay) refers to main.o(.text.vSimpleDelay) for [Anonymous Symbol]
    gpio.o(.ARM.exidx.text.Access) refers to gpio.o(.text.Access) for [Anonymous Symbol]
    gpio.o(.ARM.exidx.text.Release) refers to gpio.o(.text.Release) for [Anonymous Symbol]
    gpio.o(.ARM.exidx.text.Check) refers to gpio.o(.text.Check) for [Anonymous Symbol]
    gpio.o(.ARM.exidx.text.setup_RCC) refers to gpio.o(.text.setup_RCC) for [Anonymous Symbol]
    gpio.o(.ARM.exidx.text.setup_GPIO) refers to gpio.o(.text.setup_GPIO) for [Anonymous Symbol]
    startup_stm32f334x8.o(STACK) refers (Special) to heapauxi.o(.text) for __use_two_region_memory
    startup_stm32f334x8.o(HEAP) refers (Special) to heapauxi.o(.text) for __use_two_region_memory
    startup_stm32f334x8.o(RESET) refers (Special) to heapauxi.o(.text) for __use_two_region_memory
    startup_stm32f334x8.o(RESET) refers to startup_stm32f334x8.o(STACK) for __initial_sp
    startup_stm32f334x8.o(RESET) refers to startup_stm32f334x8.o(.text) for Reset_Handler
    startup_stm32f334x8.o(RESET) refers to port.o(.text.SVC_Handler) for SVC_Handler
    startup_stm32f334x8.o(RESET) refers to port.o(.text.PendSV_Handler) for PendSV_Handler
    startup_stm32f334x8.o(RESET) refers to port.o(.text.SysTick_Handler) for SysTick_Handler
    startup_stm32f334x8.o(.text) refers (Special) to heapauxi.o(.text) for __use_two_region_memory
    startup_stm32f334x8.o(.text) refers to system_stm32f3xx.o(.text.SystemInit) for SystemInit
    startup_stm32f334x8.o(.text) refers to __main.o(!!!main) for __main
    startup_stm32f334x8.o(.text) refers to startup_stm32f334x8.o(HEAP) for Heap_Mem
    startup_stm32f334x8.o(.text) refers to startup_stm32f334x8.o(STACK) for Stack_Mem
    system_stm32f3xx.o(.ARM.exidx.text.SystemInit) refers to system_stm32f3xx.o(.text.SystemInit) for [Anonymous Symbol]
    system_stm32f3xx.o(.text.SystemCoreClockUpdate) refers to system_stm32f3xx.o(.data.SystemCoreClock) for SystemCoreClock
    system_stm32f3xx.o(.text.SystemCoreClockUpdate) refers to system_stm32f3xx.o(.rodata.AHBPrescTable) for AHBPrescTable
    system_stm32f3xx.o(.ARM.exidx.text.SystemCoreClockUpdate) refers to system_stm32f3xx.o(.text.SystemCoreClockUpdate) for [Anonymous Symbol]
    freertos_evr.o(.ARM.exidx.text.EvrFreeRTOSTasks_TaskCreate) refers to freertos_evr.o(.text.EvrFreeRTOSTasks_TaskCreate) for [Anonymous Symbol]
    freertos_evr.o(.ARM.exidx.text.EvrFreeRTOSTasks_TaskCreateFailed) refers to freertos_evr.o(.text.EvrFreeRTOSTasks_TaskCreateFailed) for [Anonymous Symbol]
    freertos_evr.o(.ARM.exidx.text.EvrFreeRTOSTasks_TaskDelete) refers to freertos_evr.o(.text.EvrFreeRTOSTasks_TaskDelete) for [Anonymous Symbol]
[...]
    Removing freertos_evr.o(.ARM.exidx.text.EvrFreeRTOSQueue_CreateCountingSemaphoreFailed), (8 bytes).
    Removing freertos_evr.o(.text.EvrFreeRTOSQueue_QueueSend), (2 bytes).
    Removing freertos_evr.o(.ARM.exidx.text.EvrFreeRTOSQueue_QueueSend), (8 bytes).
    Removing freertos_evr.o(.text.EvrFreeRTOSQueue_QueueSendFailed), (2 bytes).
    Removing freertos_evr.o(.ARM.exidx.text.EvrFreeRTOSQueue_QueueSendFailed), (8 bytes).
    Removing freertos_evr.o(.text.EvrFreeRTOSQueue_QueueReceive), (2 bytes).
    Removing freertos_evr.o(.ARM.exidx.text.EvrFreeRTOSQueue_QueueReceive), (8 bytes).
    Removing freertos_evr.o(.text.EvrFreeRTOSQueue_QueuePeek), (2 bytes).
    Removing freertos_evr.o(.ARM.exidx.text.EvrFreeRTOSQueue_QueuePeek), (8 bytes).
    Removing freertos_evr.o(.text.EvrFreeRTOSQueue_QueuePeekFailed), (2 bytes).
    Removing freertos_evr.o(.ARM.exidx.text.EvrFreeRTOSQueue_QueuePeekFailed), (8 bytes).
    Removing freertos_evr.o(.text.EvrFreeRTOSQueue_QueuePeekFromIsr), (2 bytes).
    Removing freertos_evr.o(.ARM.exidx.text.EvrFreeRTOSQueue_QueuePeekFromIsr), (8 bytes).
    Removing freertos_evr.o(.text.EvrFreeRTOSQueue_QueueReceiveFailed), (2 bytes).
    Removing freertos_evr.o(.ARM.exidx.text.EvrFreeRTOSQueue_QueueReceiveFailed), (8 bytes).
    Removing freertos_evr.o(.text.EvrFreeRTOSQueue_QueueSendFromIsr), (2 bytes).
    Removing freertos_evr.o(.ARM.exidx.text.EvrFreeRTOSQueue_QueueSendFromIsr), (8 bytes).
    Removing freertos_evr.o(.text.EvrFreeRTOSQueue_QueueSendFromIsrFailed), (2 bytes).
    Removing freertos_evr.o(.ARM.exidx.text.EvrFreeRTOSQueue_QueueSendFromIsrFailed), (8 bytes).
    Removing freertos_evr.o(.text.EvrFreeRTOSQueue_QueueReceiveFromIsr), (2 bytes).
    Removing freertos_evr.o(.ARM.exidx.text.EvrFreeRTOSQueue_QueueReceiveFromIsr), (8 bytes).
    Removing freertos_evr.o(.text.EvrFreeRTOSQueue_QueueReceiveFromIsrFailed), (2 bytes).
    Removing freertos_evr.o(.ARM.exidx.text.EvrFreeRTOSQueue_QueueReceiveFromIsrFailed), (8 bytes).
    Removing freertos_evr.o(.text.EvrFreeRTOSQueue_QueuePeekFromIsrFailed), (2 bytes).
    Removing freertos_evr.o(.ARM.exidx.text.EvrFreeRTOSQueue_QueuePeekFromIsrFailed), (8 bytes).
    Removing freertos_evr.o(.text.EvrFreeRTOSQueue_QueueDelete), (2 bytes).
    Removing freertos_evr.o(.ARM.exidx.text.EvrFreeRTOSQueue_QueueDelete), (8 bytes).
    Removing freertos_evr.o(.text.EvrFreeRTOSQueue_QueueRegistryAdd), (2 bytes).
    Removing freertos_evr.o(.ARM.exidx.text.EvrFreeRTOSQueue_QueueRegistryAdd), (8 bytes).
    Removing freertos_evr.o(.text.EvrFreeRTOSQueue_BlockingOnQueueReceive), (2 bytes).
    Removing freertos_evr.o(.ARM.exidx.text.EvrFreeRTOSQueue_BlockingOnQueueReceive), (8 bytes).
    Removing freertos_evr.o(.text.EvrFreeRTOSQueue_BlockingOnQueueSend), (2 bytes).
    Removing freertos_evr.o(.ARM.exidx.text.EvrFreeRTOSQueue_BlockingOnQueueSend), (8 bytes).
    Removing freertos_evr.o(.text.EvrFreeRTOSTimers_TimerCreate), (2 bytes).
    Removing freertos_evr.o(.ARM.exidx.text.EvrFreeRTOSTimers_TimerCreate), (8 bytes).
    Removing freertos_evr.o(.text.EvrFreeRTOSTimers_TimerCreateFailed), (2 bytes).
    Removing freertos_evr.o(.ARM.exidx.text.EvrFreeRTOSTimers_TimerCreateFailed), (8 bytes).
    Removing freertos_evr.o(.text.EvrFreeRTOSTimers_TimerCommandSend), (2 bytes).
    Removing freertos_evr.o(.ARM.exidx.text.EvrFreeRTOSTimers_TimerCommandSend), (8 bytes).
    Removing freertos_evr.o(.text.EvrFreeRTOSTimers_TimerCommandReceived), (2 bytes).
    Removing freertos_evr.o(.ARM.exidx.text.EvrFreeRTOSTimers_TimerCommandReceived), (8 bytes).
    Removing freertos_evr.o(.text.EvrFreeRTOSTimers_TimerExpired), (2 bytes).
    Removing freertos_evr.o(.ARM.exidx.text.EvrFreeRTOSTimers_TimerExpired), (8 bytes).
    Removing freertos_evr.o(.text.EvrFreeRTOSTimers_PendFuncCall), (2 bytes).
    Removing freertos_evr.o(.ARM.exidx.text.EvrFreeRTOSTimers_PendFuncCall), (8 bytes).
    Removing freertos_evr.o(.text.EvrFreeRTOSTimers_PendFuncCallFromIsr), (2 bytes).
    Removing freertos_evr.o(.ARM.exidx.text.EvrFreeRTOSTimers_PendFuncCallFromIsr), (8 bytes).
    Removing freertos_evr.o(.text.EvrFreeRTOSEventGroups_EventGroupCreate), (2 bytes).
    Removing freertos_evr.o(.ARM.exidx.text.EvrFreeRTOSEventGroups_EventGroupCreate), (8 bytes).
    Removing freertos_evr.o(.text.EvrFreeRTOSEventGroups_EventGroupCreateFailed), (2 bytes).
    Removing freertos_evr.o(.ARM.exidx.text.EvrFreeRTOSEventGroups_EventGroupCreateFailed), (8 bytes).
    Removing freertos_evr.o(.text.EvrFreeRTOSEventGroups_EventGroupSyncBlock), (2 bytes).
    Removing freertos_evr.o(.ARM.exidx.text.EvrFreeRTOSEventGroups_EventGroupSyncBlock), (8 bytes).
    Removing freertos_evr.o(.text.EvrFreeRTOSEventGroups_EventGroupSyncEnd), (2 bytes).
    Removing freertos_evr.o(.ARM.exidx.text.EvrFreeRTOSEventGroups_EventGroupSyncEnd), (8 bytes).
    Removing freertos_evr.o(.text.EvrFreeRTOSEventGroups_EventGroupWaitBitsBlock), (2 bytes).
    Removing freertos_evr.o(.ARM.exidx.text.EvrFreeRTOSEventGroups_EventGroupWaitBitsBlock), (8 bytes).
    Removing freertos_evr.o(.text.EvrFreeRTOSEventGroups_EventGroupWaitBitsEnd), (2 bytes).
    Removing freertos_evr.o(.ARM.exidx.text.EvrFreeRTOSEventGroups_EventGroupWaitBitsEnd), (8 bytes).
    Removing freertos_evr.o(.text.EvrFreeRTOSEventGroups_EventGroupClearBits), (2 bytes).
    Removing freertos_evr.o(.ARM.exidx.text.EvrFreeRTOSEventGroups_EventGroupClearBits), (8 bytes).
    Removing freertos_evr.o(.text.EvrFreeRTOSEventGroups_EventGroupClearBitsFromIsr), (2 bytes).
    Removing freertos_evr.o(.ARM.exidx.text.EvrFreeRTOSEventGroups_EventGroupClearBitsFromIsr), (8 bytes).
    Removing freertos_evr.o(.text.EvrFreeRTOSEventGroups_EventGroupSetBits), (2 bytes).
    Removing freertos_evr.o(.ARM.exidx.text.EvrFreeRTOSEventGroups_EventGroupSetBits), (8 bytes).
    Removing freertos_evr.o(.text.EvrFreeRTOSEventGroups_EventGroupSetBitsFromIsr), (2 bytes).
    Removing freertos_evr.o(.ARM.exidx.text.EvrFreeRTOSEventGroups_EventGroupSetBitsFromIsr), (8 bytes).
    Removing freertos_evr.o(.text.EvrFreeRTOSEventGroups_EventGroupDelete), (2 bytes).
    Removing freertos_evr.o(.ARM.exidx.text.EvrFreeRTOSEventGroups_EventGroupDelete), (8 bytes).
    Removing freertos_evr.o(.text.EvrFreeRTOSStreamBuf_StreamBufferCreateFailed), (2 bytes).
    Removing freertos_evr.o(.ARM.exidx.text.EvrFreeRTOSStreamBuf_StreamBufferCreateFailed), (8 bytes).
    Removing freertos_evr.o(.text.EvrFreeRTOSStreamBuf_StreamBufferCreateStaticFailed), (2 bytes).
    Removing freertos_evr.o(.ARM.exidx.text.EvrFreeRTOSStreamBuf_StreamBufferCreateStaticFailed), (8 bytes).
    Removing freertos_evr.o(.text.EvrFreeRTOSStreamBuf_StreamBufferCreate), (2 bytes).
    Removing freertos_evr.o(.ARM.exidx.text.EvrFreeRTOSStreamBuf_StreamBufferCreate), (8 bytes).
    Removing freertos_evr.o(.text.EvrFreeRTOSStreamBuf_StreamBufferDelete), (2 bytes).
    Removing freertos_evr.o(.ARM.exidx.text.EvrFreeRTOSStreamBuf_StreamBufferDelete), (8 bytes).
    Removing freertos_evr.o(.text.EvrFreeRTOSStreamBuf_StreamBufferReset), (2 bytes).
    Removing freertos_evr.o(.ARM.exidx.text.EvrFreeRTOSStreamBuf_StreamBufferReset), (8 bytes).
    Removing freertos_evr.o(.text.EvrFreeRTOSStreamBuf_StreamBufferBlockingOnSend), (2 bytes).
    Removing freertos_evr.o(.ARM.exidx.text.EvrFreeRTOSStreamBuf_StreamBufferBlockingOnSend), (8 bytes).
    Removing freertos_evr.o(.text.EvrFreeRTOSStreamBuf_StreamBufferSend), (2 bytes).
    Removing freertos_evr.o(.ARM.exidx.text.EvrFreeRTOSStreamBuf_StreamBufferSend), (8 bytes).
    Removing freertos_evr.o(.text.EvrFreeRTOSStreamBuf_StreamBufferSendFailed), (2 bytes).
    Removing freertos_evr.o(.ARM.exidx.text.EvrFreeRTOSStreamBuf_StreamBufferSendFailed), (8 bytes).
    Removing freertos_evr.o(.text.EvrFreeRTOSStreamBuf_StreamBufferSendFromIsr), (2 bytes).
    Removing freertos_evr.o(.ARM.exidx.text.EvrFreeRTOSStreamBuf_StreamBufferSendFromIsr), (8 bytes).
    Removing freertos_evr.o(.text.EvrFreeRTOSStreamBuf_StreamBufferBlockingOnReceive), (2 bytes).
    Removing freertos_evr.o(.ARM.exidx.text.EvrFreeRTOSStreamBuf_StreamBufferBlockingOnReceive), (8 bytes).
    Removing freertos_evr.o(.text.EvrFreeRTOSStreamBuf_StreamBufferReceive), (2 bytes).
    Removing freertos_evr.o(.ARM.exidx.text.EvrFreeRTOSStreamBuf_StreamBufferReceive), (8 bytes).
    Removing freertos_evr.o(.text.EvrFreeRTOSStreamBuf_StreamBufferReceiveFailed), (2 bytes).
    Removing freertos_evr.o(.ARM.exidx.text.EvrFreeRTOSStreamBuf_StreamBufferReceiveFailed), (8 bytes).
    Removing freertos_evr.o(.text.EvrFreeRTOSStreamBuf_StreamBufferReceiveFromIsr), (2 bytes).
    Removing freertos_evr.o(.ARM.exidx.text.EvrFreeRTOSStreamBuf_StreamBufferReceiveFromIsr), (8 bytes).
    Removing freertos_evr.o(.text.EvrFreeRTOSHeap_Malloc), (2 bytes).
    Removing freertos_evr.o(.ARM.exidx.text.EvrFreeRTOSHeap_Malloc), (8 bytes).
    Removing freertos_evr.o(.text.EvrFreeRTOSHeap_Free), (2 bytes).
    Removing freertos_evr.o(.ARM.exidx.text.EvrFreeRTOSHeap_Free), (8 bytes).
    Removing list.o(.text), (0 bytes).
    Removing list.o(.ARM.exidx.text.vListInitialise), (8 bytes).
    Removing list.o(.ARM.exidx.text.vListInitialiseItem), (8 bytes).
    Removing list.o(.ARM.exidx.text.vListInsertEnd), (8 bytes).
    Removing list.o(.ARM.exidx.text.vListInsert), (8 bytes).
    Removing list.o(.ARM.exidx.text.uxListRemove), (8 bytes).
    Removing port.o(.text), (0 bytes).
    Removing port.o(.ARM.exidx.text.pxPortInitialiseStack), (8 bytes).
    Removing port.o(.ARM.exidx.text.prvTaskExitError), (8 bytes).
    Removing port.o(.ARM.exidx.text.SVC_Handler), (8 bytes).
    Removing port.o(.ARM.exidx.text.xPortStartScheduler), (8 bytes).
    Removing port.o(.ARM.exidx.text.vPortSetupTimerInterrupt), (8 bytes).
    Removing port.o(.ARM.exidx.text.vPortEnableVFP), (8 bytes).
    Removing port.o(.ARM.exidx.text.prvPortStartFirstTask), (8 bytes).
    Removing port.o(.text.vPortEndScheduler), (38 bytes).
    Removing port.o(.ARM.exidx.text.vPortEndScheduler), (8 bytes).
    Removing port.o(.ARM.exidx.text.vPortEnterCritical), (8 bytes).
    Removing port.o(.ARM.exidx.text.vPortExitCritical), (8 bytes).
    Removing port.o(.ARM.exidx.text.PendSV_Handler), (8 bytes).
    Removing port.o(.ARM.exidx.text.SysTick_Handler), (8 bytes).
    Removing port.o(.text.vPortValidateInterruptPriority), (98 bytes).
    Removing port.o(.ARM.exidx.text.vPortValidateInterruptPriority), (8 bytes).
    Removing heap_4.o(.text), (0 bytes).
    Removing heap_4.o(.ARM.exidx.text.pvPortMalloc), (8 bytes).
    Removing heap_4.o(.ARM.exidx.text.vPortFree), (8 bytes).
    Removing heap_4.o(.text.xPortGetFreeHeapSize), (12 bytes).
    Removing heap_4.o(.ARM.exidx.text.xPortGetFreeHeapSize), (8 bytes).
    Removing heap_4.o(.text.xPortGetMinimumEverFreeHeapSize), (12 bytes).
    Removing heap_4.o(.ARM.exidx.text.xPortGetMinimumEverFreeHeapSize), (8 bytes).
    Removing heap_4.o(.text.vPortInitialiseBlocks), (2 bytes).
    Removing heap_4.o(.ARM.exidx.text.vPortInitialiseBlocks), (8 bytes).
    Removing heap_4.o(.text.pvPortCalloc), (36 bytes).
    Removing heap_4.o(.ARM.exidx.text.pvPortCalloc), (8 bytes).
    Removing heap_4.o(.text.vPortGetHeapStats), (156 bytes).
    Removing heap_4.o(.ARM.exidx.text.vPortGetHeapStats), (8 bytes).
    Removing queue.o(.text), (0 bytes).
    Removing queue.o(.text.xQueueGenericReset), (178 bytes).
    Removing queue.o(.ARM.exidx.text.xQueueGenericReset), (8 bytes).
    Removing queue.o(.ARM.exidx.text.xQueueGenericCreate), (8 bytes).
    Removing queue.o(.text.xQueueCreateMutex), (116 bytes).
    Removing queue.o(.ARM.exidx.text.xQueueCreateMutex), (8 bytes).
    Removing queue.o(.text.xQueueGiveMutexRecursive), (66 bytes).
    Removing queue.o(.ARM.exidx.text.xQueueGiveMutexRecursive), (8 bytes).
    Removing queue.o(.ARM.exidx.text.xQueueGenericSend), (8 bytes).
    Removing queue.o(.text.xQueueTakeMutexRecursive), (60 bytes).
    Removing queue.o(.ARM.exidx.text.xQueueTakeMutexRecursive), (8 bytes).
    Removing queue.o(.text.xQueueSemaphoreTake), (430 bytes).
    Removing queue.o(.ARM.exidx.text.xQueueSemaphoreTake), (8 bytes).
    Removing queue.o(.text.xQueueCreateCountingSemaphore), (50 bytes).
    Removing queue.o(.ARM.exidx.text.xQueueCreateCountingSemaphore), (8 bytes).
    Removing queue.o(.ARM.exidx.text.prvUnlockQueue), (8 bytes).
    Removing queue.o(.text.xQueueGenericSendFromISR), (352 bytes).
    Removing queue.o(.ARM.exidx.text.xQueueGenericSendFromISR), (8 bytes).
    Removing queue.o(.text.xQueueGiveFromISR), (244 bytes).
    Removing queue.o(.ARM.exidx.text.xQueueGiveFromISR), (8 bytes).
    Removing queue.o(.ARM.exidx.text.xQueueReceive), (8 bytes).
    Removing queue.o(.text.xQueuePeek), (388 bytes).
    Removing queue.o(.ARM.exidx.text.xQueuePeek), (8 bytes).
    Removing queue.o(.text.xQueueReceiveFromISR), (268 bytes).
    Removing queue.o(.ARM.exidx.text.xQueueReceiveFromISR), (8 bytes).
    Removing queue.o(.text.xQueuePeekFromISR), (152 bytes).
    Removing queue.o(.ARM.exidx.text.xQueuePeekFromISR), (8 bytes).
    Removing queue.o(.text.uxQueueMessagesWaiting), (38 bytes).
    Removing queue.o(.ARM.exidx.text.uxQueueMessagesWaiting), (8 bytes).
    Removing queue.o(.text.uxQueueSpacesAvailable), (42 bytes).
    Removing queue.o(.ARM.exidx.text.uxQueueSpacesAvailable), (8 bytes).
    Removing queue.o(.text.uxQueueMessagesWaitingFromISR), (26 bytes).
    Removing queue.o(.ARM.exidx.text.uxQueueMessagesWaitingFromISR), (8 bytes).
    Removing queue.o(.text.vQueueDelete), (72 bytes).
    Removing queue.o(.ARM.exidx.text.vQueueDelete), (8 bytes).
    Removing queue.o(.text.vQueueUnregisterQueue), (62 bytes).
    Removing queue.o(.ARM.exidx.text.vQueueUnregisterQueue), (8 bytes).
    Removing queue.o(.text.uxQueueGetQueueNumber), (4 bytes).
    Removing queue.o(.ARM.exidx.text.uxQueueGetQueueNumber), (8 bytes).
    Removing queue.o(.text.vQueueSetQueueNumber), (4 bytes).
    Removing queue.o(.ARM.exidx.text.vQueueSetQueueNumber), (8 bytes).
    Removing queue.o(.text.ucQueueGetQueueType), (6 bytes).
    Removing queue.o(.ARM.exidx.text.ucQueueGetQueueType), (8 bytes).
    Removing queue.o(.text.xQueueIsQueueEmptyFromISR), (30 bytes).
    Removing queue.o(.ARM.exidx.text.xQueueIsQueueEmptyFromISR), (8 bytes).
    Removing queue.o(.text.xQueueIsQueueFullFromISR), (34 bytes).
    Removing queue.o(.ARM.exidx.text.xQueueIsQueueFullFromISR), (8 bytes).
    Removing queue.o(.text.vQueueAddToRegistry), (94 bytes).
    Removing queue.o(.ARM.exidx.text.vQueueAddToRegistry), (8 bytes).
    Removing queue.o(.text.pcQueueGetName), (58 bytes).
    Removing queue.o(.ARM.exidx.text.pcQueueGetName), (8 bytes).
    Removing queue.o(.bss.xQueueRegistry), (64 bytes).
    Removing tasks.o(.text), (0 bytes).
    Removing tasks.o(.ARM.exidx.text.xTaskCreate), (8 bytes).
    Removing tasks.o(.ARM.exidx.text.vTaskDelete), (8 bytes).
    Removing tasks.o(.text.xTaskDelayUntil), (294 bytes).
    Removing tasks.o(.ARM.exidx.text.xTaskDelayUntil), (8 bytes).
    Removing tasks.o(.ARM.exidx.text.vTaskSuspendAll), (8 bytes).
    Removing tasks.o(.ARM.exidx.text.prvAddCurrentTaskToDelayedList), (8 bytes).
    Removing tasks.o(.ARM.exidx.text.xTaskResumeAll), (8 bytes).
    Removing tasks.o(.ARM.exidx.text.vTaskDelay), (8 bytes).
    Removing tasks.o(.text.eTaskGetState), (156 bytes).
    Removing tasks.o(.ARM.exidx.text.eTaskGetState), (8 bytes).
    Removing tasks.o(.text.uxTaskPriorityGet), (30 bytes).
    Removing tasks.o(.ARM.exidx.text.uxTaskPriorityGet), (8 bytes).
    Removing tasks.o(.text.uxTaskPriorityGetFromISR), (48 bytes).
    Removing tasks.o(.ARM.exidx.text.uxTaskPriorityGetFromISR), (8 bytes).
    Removing tasks.o(.text.vTaskPrioritySet), (246 bytes).
    Removing tasks.o(.ARM.exidx.text.vTaskPrioritySet), (8 bytes).
    Removing tasks.o(.text.vTaskSuspend), (398 bytes).
    Removing tasks.o(.ARM.exidx.text.vTaskSuspend), (8 bytes).
    Removing tasks.o(.ARM.exidx.text.vTaskSwitchContext), (8 bytes).
    Removing tasks.o(.text.vTaskResume), (182 bytes).
    Removing tasks.o(.ARM.exidx.text.vTaskResume), (8 bytes).
    Removing tasks.o(.text.xTaskResumeFromISR), (224 bytes).
    Removing tasks.o(.ARM.exidx.text.xTaskResumeFromISR), (8 bytes).
    Removing tasks.o(.ARM.exidx.text.vTaskStartScheduler), (8 bytes).
    Removing tasks.o(.ARM.exidx.text.prvIdleTask), (8 bytes).
    Removing tasks.o(.text.vTaskEndScheduler), (36 bytes).
    Removing tasks.o(.ARM.exidx.text.vTaskEndScheduler), (8 bytes).
    Removing tasks.o(.ARM.exidx.text.xTaskIncrementTick), (8 bytes).
    Removing tasks.o(.text.xTaskGetTickCount), (12 bytes).
    Removing tasks.o(.ARM.exidx.text.xTaskGetTickCount), (8 bytes).
    Removing tasks.o(.text.xTaskGetTickCountFromISR), (18 bytes).
    Removing tasks.o(.ARM.exidx.text.xTaskGetTickCountFromISR), (8 bytes).
    Removing tasks.o(.text.uxTaskGetNumberOfTasks), (12 bytes).
    Removing tasks.o(.ARM.exidx.text.uxTaskGetNumberOfTasks), (8 bytes).
    Removing tasks.o(.text.pcTaskGetName), (38 bytes).
    Removing tasks.o(.ARM.exidx.text.pcTaskGetName), (8 bytes).
    Removing tasks.o(.text.uxTaskGetSystemState), (1178 bytes).
    Removing tasks.o(.ARM.exidx.text.uxTaskGetSystemState), (8 bytes).
    Removing tasks.o(.text.xTaskGetIdleTaskHandle), (34 bytes).
    Removing tasks.o(.ARM.exidx.text.xTaskGetIdleTaskHandle), (8 bytes).
    Removing tasks.o(.text.xTaskCatchUpTicks), (70 bytes).
    Removing tasks.o(.ARM.exidx.text.xTaskCatchUpTicks), (8 bytes).
    Removing tasks.o(.ARM.exidx.text.vTaskPlaceOnEventList), (8 bytes).
    Removing tasks.o(.text.vTaskPlaceOnUnorderedEventList), (138 bytes).
    Removing tasks.o(.ARM.exidx.text.vTaskPlaceOnUnorderedEventList), (8 bytes).
    Removing tasks.o(.ARM.exidx.text.xTaskRemoveFromEventList), (8 bytes).
    Removing tasks.o(.text.vTaskRemoveFromUnorderedEventList), (238 bytes).
    Removing tasks.o(.ARM.exidx.text.vTaskRemoveFromUnorderedEventList), (8 bytes).
    Removing tasks.o(.text.vTaskSetTimeOutState), (58 bytes).
    Removing tasks.o(.ARM.exidx.text.vTaskSetTimeOutState), (8 bytes).
    Removing tasks.o(.ARM.exidx.text.vTaskInternalSetTimeOutState), (8 bytes).
    Removing tasks.o(.ARM.exidx.text.xTaskCheckForTimeOut), (8 bytes).
    Removing tasks.o(.ARM.exidx.text.vTaskMissedYield), (8 bytes).
    Removing tasks.o(.text.uxTaskGetTaskNumber), (10 bytes).
    Removing tasks.o(.ARM.exidx.text.uxTaskGetTaskNumber), (8 bytes).
    Removing tasks.o(.text.vTaskSetTaskNumber), (8 bytes).
    Removing tasks.o(.ARM.exidx.text.vTaskSetTaskNumber), (8 bytes).
    Removing tasks.o(.text.vTaskGetInfo), (300 bytes).
    Removing tasks.o(.ARM.exidx.text.vTaskGetInfo), (8 bytes).
    Removing tasks.o(.text.xTaskGetCurrentTaskHandle), (12 bytes).
    Removing tasks.o(.ARM.exidx.text.xTaskGetCurrentTaskHandle), (8 bytes).
    Removing tasks.o(.text.xTaskPriorityInherit), (190 bytes).
    Removing tasks.o(.ARM.exidx.text.xTaskPriorityInherit), (8 bytes).
    Removing tasks.o(.ARM.exidx.text.xTaskPriorityDisinherit), (8 bytes).
    Removing tasks.o(.text.vTaskPriorityDisinheritAfterTimeout), (206 bytes).
    Removing tasks.o(.ARM.exidx.text.vTaskPriorityDisinheritAfterTimeout), (8 bytes).
    Removing tasks.o(.text.uxTaskResetEventItemValue), (26 bytes).
    Removing tasks.o(.ARM.exidx.text.uxTaskResetEventItemValue), (8 bytes).
    Removing tasks.o(.text.pvTaskIncrementMutexHeldCount), (24 bytes).
    Removing tasks.o(.ARM.exidx.text.pvTaskIncrementMutexHeldCount), (8 bytes).
    Removing tasks.o(.text.ulTaskGenericNotifyTake), (150 bytes).
    Removing tasks.o(.ARM.exidx.text.ulTaskGenericNotifyTake), (8 bytes).
    Removing tasks.o(.text.xTaskGenericNotifyWait), (194 bytes).
    Removing tasks.o(.ARM.exidx.text.xTaskGenericNotifyWait), (8 bytes).
    Removing tasks.o(.text.xTaskGenericNotify), (358 bytes).
    Removing tasks.o(.ARM.exidx.text.xTaskGenericNotify), (8 bytes).
    Removing tasks.o(.text.xTaskGenericNotifyFromISR), (402 bytes).
    Removing tasks.o(.ARM.exidx.text.xTaskGenericNotifyFromISR), (8 bytes).
    Removing tasks.o(.text.vTaskGenericNotifyGiveFromISR), (304 bytes).
    Removing tasks.o(.ARM.exidx.text.vTaskGenericNotifyGiveFromISR), (8 bytes).
    Removing tasks.o(.text.xTaskGenericNotifyStateClear), (66 bytes).
    Removing tasks.o(.ARM.exidx.text.xTaskGenericNotifyStateClear), (8 bytes).
    Removing tasks.o(.text.ulTaskGenericNotifyValueClear), (44 bytes).
    Removing tasks.o(.ARM.exidx.text.ulTaskGenericNotifyValueClear), (8 bytes).
    Removing timers.o(.text), (0 bytes).

365 unused section(s) (total 10814 bytes) removed from the image.

==============================================================================

Image Symbol Table

    Local Symbols

    Symbol Name                              Value     Ov Type        Size  Object(Section)

    ../clib/angel/boardlib.s                 0x00000000   Number         0  boardinit1.o ABSOLUTE
    ../clib/angel/boardlib.s                 0x00000000   Number         0  boardinit2.o ABSOLUTE
    ../clib/angel/boardlib.s                 0x00000000   Number         0  boardinit3.o ABSOLUTE
    ../clib/angel/boardlib.s                 0x00000000   Number         0  boardshut.o ABSOLUTE
    ../clib/angel/handlers.s                 0x00000000   Number         0  __scatter_copy.o ABSOLUTE
    ../clib/angel/handlers.s                 0x00000000   Number         0  __scatter_zi.o ABSOLUTE
    ../clib/angel/kernel.s                   0x00000000   Number         0  __rtentry.o ABSOLUTE
    ../clib/angel/kernel.s                   0x00000000   Number         0  __rtentry2.o ABSOLUTE
    ../clib/angel/kernel.s                   0x00000000   Number         0  __rtentry4.o ABSOLUTE
    ../clib/angel/kernel.s                   0x00000000   Number         0  rtexit.o ABSOLUTE
    ../clib/angel/kernel.s                   0x00000000   Number         0  rtexit2.o ABSOLUTE
    ../clib/angel/rt.s                       0x00000000   Number         0  rt_raise.o ABSOLUTE
    ../clib/angel/scatter.s                  0x00000000   Number         0  __scatter.o ABSOLUTE
    ../clib/angel/startup.s                  0x00000000   Number         0  __main.o ABSOLUTE
    ../clib/angel/sys.s                      0x00000000   Number         0  sys_stackheap_outer.o ABSOLUTE
    ../clib/angel/sys.s                      0x00000000   Number         0  libspace.o ABSOLUTE
    ../clib/angel/sys.s                      0x00000000   Number         0  use_no_semi.o ABSOLUTE
    ../clib/angel/sys.s                      0x00000000   Number         0  indicate_semi.o ABSOLUTE
    ../clib/angel/sysapp.c                   0x00000000   Number         0  sys_exit.o ABSOLUTE
    ../clib/angel/sysapp.c                   0x00000000   Number         0  sys_exit_hlt.o ABSOLUTE
    ../clib/angel/sysapp.c                   0x00000000   Number         0  sys_command.o ABSOLUTE
    ../clib/angel/sysapp.c                   0x00000000   Number         0  sys_command_hlt.o ABSOLUTE
    ../clib/angel/sysapp.c                   0x00000000   Number         0  sys_wrch.o ABSOLUTE
    ../clib/angel/sysapp.c                   0x00000000   Number         0  sys_wrch_hlt.o ABSOLUTE
    ../clib/armsys.c                         0x00000000   Number         0  argv_veneer.o ABSOLUTE
    ../clib/armsys.c                         0x00000000   Number         0  argv_veneer.o ABSOLUTE
    ../clib/armsys.c                         0x00000000   Number         0  _get_argv_nomalloc.o ABSOLUTE
    ../clib/armsys.c                         0x00000000   Number         0  no_argv.o ABSOLUTE
    ../clib/heapalloc.c                      0x00000000   Number         0  hrguard.o ABSOLUTE
    ../clib/heapaux.c                        0x00000000   Number         0  heapauxi.o ABSOLUTE
    ../clib/libinit.s                        0x00000000   Number         0  libinit.o ABSOLUTE
    ../clib/libinit.s                        0x00000000   Number         0  libinit2.o ABSOLUTE
    ../clib/libinit.s                        0x00000000   Number         0  libshutdown.o ABSOLUTE
    ../clib/libinit.s                        0x00000000   Number         0  libshutdown2.o ABSOLUTE
    ../clib/memcpset.s                       0x00000000   Number         0  rt_memcpy_v6.o ABSOLUTE
    ../clib/memcpset.s                       0x00000000   Number         0  aeabi_memset4.o ABSOLUTE
    ../clib/memcpset.s                       0x00000000   Number         0  rt_memclr.o ABSOLUTE
    ../clib/memcpset.s                       0x00000000   Number         0  rt_memcpy_w.o ABSOLUTE
    ../clib/memcpset.s                       0x00000000   Number         0  rt_memclr_w.o ABSOLUTE
    ../clib/signal.c                         0x00000000   Number         0  defsig_rtmem_outer.o ABSOLUTE
    ../clib/signal.c                         0x00000000   Number         0  defsig_rtmem_formal.o ABSOLUTE
    ../clib/signal.c                         0x00000000   Number         0  defsig_exit.o ABSOLUTE
    ../clib/signal.c                         0x00000000   Number         0  defsig_rtmem_inner.o ABSOLUTE
    ../clib/signal.c                         0x00000000   Number         0  __raise.o ABSOLUTE
    ../clib/signal.c                         0x00000000   Number         0  defsig_general.o ABSOLUTE
    ../clib/signal.c                         0x00000000   Number         0  defsig_abrt_inner.o ABSOLUTE
    ../clib/signal.c                         0x00000000   Number         0  defsig_fpe_inner.o ABSOLUTE
    ../clib/signal.c                         0x00000000   Number         0  defsig_rtred_inner.o ABSOLUTE
    ../clib/signal.c                         0x00000000   Number         0  defsig_stak_inner.o ABSOLUTE
    ../clib/signal.c                         0x00000000   Number         0  defsig_pvfn_inner.o ABSOLUTE
    ../clib/signal.c                         0x00000000   Number         0  defsig_cppl_inner.o ABSOLUTE
    ../clib/signal.c                         0x00000000   Number         0  defsig_segv_inner.o ABSOLUTE
    ../clib/signal.c                         0x00000000   Number         0  defsig_other.o ABSOLUTE
    ../clib/signal.s                         0x00000000   Number         0  defsig.o ABSOLUTE
    ../clib/stdlib.c                         0x00000000   Number         0  exit.o ABSOLUTE
    ../fplib/fpinit.s                        0x00000000   Number         0  fpinit.o ABSOLUTE
    RTE/Device/STM32F334R8Tx/startup_stm32f334x8.s 0x00000000   Number         0  startup_stm32f334x8.o ABSOLUTE
    dc.s                                     0x00000000   Number         0  dc.o ABSOLUTE
    freertos_evr.c                           0x00000000   Number         0  freertos_evr.o ABSOLUTE
    gpio.c                                   0x00000000   Number         0  gpio.o ABSOLUTE
    heap_4.c                                 0x00000000   Number         0  heap_4.o ABSOLUTE
    list.c                                   0x00000000   Number         0  list.o ABSOLUTE
    main.c                                   0x00000000   Number         0  main.o ABSOLUTE
    port.c                                   0x00000000   Number         0  port.o ABSOLUTE
    queue.c                                  0x00000000   Number         0  queue.o ABSOLUTE
    system_stm32f3xx.c                       0x00000000   Number         0  system_stm32f3xx.o ABSOLUTE
    tasks.c                                  0x00000000   Number         0  tasks.o ABSOLUTE
    timers.c                                 0x00000000   Number         0  timers.o ABSOLUTE
    RESET                                    0x08000000   Section      392  startup_stm32f334x8.o(RESET)
    !!!main                                  0x08000188   Section        8  __main.o(!!!main)
    !!!scatter                               0x08000190   Section       52  __scatter.o(!!!scatter)
    !!handler_copy                           0x080001c4   Section       26  __scatter_copy.o(!!handler_copy)
    !!handler_zi                             0x080001e0   Section       28  __scatter_zi.o(!!handler_zi)
    .ARM.Collect$$libinit$$00000000          0x080001fc   Section        2  libinit.o(.ARM.Collect$$libinit$$00000000)
    .ARM.Collect$$libinit$$00000001          0x080001fe   Section        4  libinit2.o(.ARM.Collect$$libinit$$00000001)
    .ARM.Collect$$libinit$$00000004          0x08000202   Section        0  libinit2.o(.ARM.Collect$$libinit$$00000004)
    .ARM.Collect$$libinit$$00000006          0x08000202   Section        0  libinit2.o(.ARM.Collect$$libinit$$00000006)
    .ARM.Collect$$libinit$$0000000C          0x08000202   Section        0  libinit2.o(.ARM.Collect$$libinit$$0000000C)
    .ARM.Collect$$libinit$$0000000E          0x08000202   Section        0  libinit2.o(.ARM.Collect$$libinit$$0000000E)
    .ARM.Collect$$libinit$$00000010          0x08000202   Section        0  libinit2.o(.ARM.Collect$$libinit$$00000010)
    .ARM.Collect$$libinit$$00000013          0x08000202   Section        0  libinit2.o(.ARM.Collect$$libinit$$00000013)
    .ARM.Collect$$libinit$$00000015          0x08000202   Section        0  libinit2.o(.ARM.Collect$$libinit$$00000015)
    .ARM.Collect$$libinit$$00000017          0x08000202   Section        0  libinit2.o(.ARM.Collect$$libinit$$00000017)
    .ARM.Collect$$libinit$$00000019          0x08000202   Section        0  libinit2.o(.ARM.Collect$$libinit$$00000019)
    .ARM.Collect$$libinit$$0000001B          0x08000202   Section        0  libinit2.o(.ARM.Collect$$libinit$$0000001B)
    .ARM.Collect$$libinit$$0000001D          0x08000202   Section        0  libinit2.o(.ARM.Collect$$libinit$$0000001D)
    .ARM.Collect$$libinit$$0000001F          0x08000202   Section        0  libinit2.o(.ARM.Collect$$libinit$$0000001F)
    .ARM.Collect$$libinit$$00000021          0x08000202   Section        0  libinit2.o(.ARM.Collect$$libinit$$00000021)
    .ARM.Collect$$libinit$$00000023          0x08000202   Section        0  libinit2.o(.ARM.Collect$$libinit$$00000023)
    .ARM.Collect$$libinit$$00000025          0x08000202   Section        0  libinit2.o(.ARM.Collect$$libinit$$00000025)
    .ARM.Collect$$libinit$$00000027          0x08000202   Section        0  libinit2.o(.ARM.Collect$$libinit$$00000027)
    .ARM.Collect$$libinit$$0000002E          0x08000202   Section        0  libinit2.o(.ARM.Collect$$libinit$$0000002E)
    .ARM.Collect$$libinit$$00000030          0x08000202   Section        0  libinit2.o(.ARM.Collect$$libinit$$00000030)
    .ARM.Collect$$libinit$$00000032          0x08000202   Section        0  libinit2.o(.ARM.Collect$$libinit$$00000032)
    .ARM.Collect$$libinit$$00000034          0x08000202   Section        0  libinit2.o(.ARM.Collect$$libinit$$00000034)
    .ARM.Collect$$libinit$$00000035          0x08000202   Section        2  libinit2.o(.ARM.Collect$$libinit$$00000035)
    .ARM.Collect$$libshutdown$$00000000      0x08000204   Section        2  libshutdown.o(.ARM.Collect$$libshutdown$$00000000)
    .ARM.Collect$$libshutdown$$00000002      0x08000206   Section        0  libshutdown2.o(.ARM.Collect$$libshutdown$$00000002)
    .ARM.Collect$$libshutdown$$00000004      0x08000206   Section        0  libshutdown2.o(.ARM.Collect$$libshutdown$$00000004)
    .ARM.Collect$$libshutdown$$00000007      0x08000206   Section        0  libshutdown2.o(.ARM.Collect$$libshutdown$$00000007)
    .ARM.Collect$$libshutdown$$0000000A      0x08000206   Section        0  libshutdown2.o(.ARM.Collect$$libshutdown$$0000000A)
    .ARM.Collect$$libshutdown$$0000000C      0x08000206   Section        0  libshutdown2.o(.ARM.Collect$$libshutdown$$0000000C)
    .ARM.Collect$$libshutdown$$0000000F      0x08000206   Section        0  libshutdown2.o(.ARM.Collect$$libshutdown$$0000000F)
    .ARM.Collect$$libshutdown$$00000010      0x08000206   Section        2  libshutdown2.o(.ARM.Collect$$libshutdown$$00000010)
    .ARM.Collect$$rtentry$$00000000          0x08000208   Section        0  __rtentry.o(.ARM.Collect$$rtentry$$00000000)
    .ARM.Collect$$rtentry$$00000002          0x08000208   Section        0  __rtentry2.o(.ARM.Collect$$rtentry$$00000002)
    .ARM.Collect$$rtentry$$00000004          0x08000208   Section        6  __rtentry4.o(.ARM.Collect$$rtentry$$00000004)
    .ARM.Collect$$rtentry$$00000009          0x0800020e   Section        0  __rtentry2.o(.ARM.Collect$$rtentry$$00000009)
    .ARM.Collect$$rtentry$$0000000A          0x0800020e   Section        4  __rtentry2.o(.ARM.Collect$$rtentry$$0000000A)
    .ARM.Collect$$rtentry$$0000000C          0x08000212   Section        0  __rtentry2.o(.ARM.Collect$$rtentry$$0000000C)
    .ARM.Collect$$rtentry$$0000000D          0x08000212   Section        8  __rtentry2.o(.ARM.Collect$$rtentry$$0000000D)
    .ARM.Collect$$rtexit$$00000000           0x0800021a   Section        2  rtexit.o(.ARM.Collect$$rtexit$$00000000)
    .ARM.Collect$$rtexit$$00000002           0x0800021c   Section        0  rtexit2.o(.ARM.Collect$$rtexit$$00000002)
    .ARM.Collect$$rtexit$$00000003           0x0800021c   Section        4  rtexit2.o(.ARM.Collect$$rtexit$$00000003)
    .ARM.Collect$$rtexit$$00000004           0x08000220   Section        6  rtexit2.o(.ARM.Collect$$rtexit$$00000004)
    $v0                                      0x08000228   Number         0  startup_stm32f334x8.o(.text)
    .text                                    0x08000228   Section       64  startup_stm32f334x8.o(.text)
    .text                                    0x08000268   Section      138  rt_memcpy_v6.o(.text)
    .text                                    0x080002f2   Section       16  aeabi_memset4.o(.text)
    .text                                    0x08000302   Section       68  rt_memclr.o(.text)
    .text                                    0x08000346   Section        0  heapauxi.o(.text)
    .text                                    0x0800034c   Section      100  rt_memcpy_w.o(.text)
    .text                                    0x080003b0   Section       78  rt_memclr_w.o(.text)
    .text                                    0x080003fe   Section       74  sys_stackheap_outer.o(.text)
    .text                                    0x08000448   Section        0  exit.o(.text)
    .text                                    0x0800045c   Section        8  libspace.o(.text)
    .text                                    0x08000464   Section        0  sys_exit.o(.text)
    .text                                    0x08000470   Section        2  use_no_semi.o(.text)
    .text                                    0x08000472   Section        0  indicate_semi.o(.text)
    [Anonymous Symbol]                       0x08000474   Section        0  gpio.o(.text.Access)
    [Anonymous Symbol]                       0x08000490   Section        0  port.o(.text.PendSV_Handler)
    pxCurrentTCBConst                        0x080004f0   Number         0  port.o(.text.PendSV_Handler)
    [Anonymous Symbol]                       0x080004f4   Section        0  gpio.o(.text.Release)
    [Anonymous Symbol]                       0x08000510   Section        0  port.o(.text.SVC_Handler)
    pxCurrentTCBConst2                       0x08000530   Number         0  port.o(.text.SVC_Handler)
    [Anonymous Symbol]                       0x08000534   Section        0  port.o(.text.SysTick_Handler)
    [Anonymous Symbol]                       0x08000564   Section        0  system_stm32f3xx.o(.text.SystemInit)
    [Anonymous Symbol]                       0x08000578   Section        0  main.o(.text.main)
    prvAddCurrentTaskToDelayedList           0x08000635   Thumb Code   190  tasks.o(.text.prvAddCurrentTaskToDelayedList)
    [Anonymous Symbol]                       0x08000634   Section        0  tasks.o(.text.prvAddCurrentTaskToDelayedList)
    prvIdleTask                              0x080006f5   Thumb Code   118  tasks.o(.text.prvIdleTask)
    [Anonymous Symbol]                       0x080006f4   Section        0  tasks.o(.text.prvIdleTask)
    prvPortStartFirstTask                    0x0800076d   Thumb Code    40  port.o(.text.prvPortStartFirstTask)
    [Anonymous Symbol]                       0x0800076c   Section        0  port.o(.text.prvPortStartFirstTask)
    prvTaskExitError                         0x08000795   Thumb Code    50  port.o(.text.prvTaskExitError)
    [Anonymous Symbol]                       0x08000794   Section        0  port.o(.text.prvTaskExitError)
    prvUnlockQueue                           0x080007c9   Thumb Code   114  queue.o(.text.prvUnlockQueue)
    [Anonymous Symbol]                       0x080007c8   Section        0  queue.o(.text.prvUnlockQueue)
    [Anonymous Symbol]                       0x0800083c   Section        0  heap_4.o(.text.pvPortMalloc)
    [Anonymous Symbol]                       0x080009e0   Section        0  port.o(.text.pxPortInitialiseStack)
    [Anonymous Symbol]                       0x08000a08   Section        0  gpio.o(.text.setup_GPIO)
    [Anonymous Symbol]                       0x08000a28   Section        0  gpio.o(.text.setup_RCC)
    [Anonymous Symbol]                       0x08000a3c   Section        0  list.o(.text.uxListRemove)
    [Anonymous Symbol]                       0x08000a60   Section        0  main.o(.text.vDecrementTask)
    [Anonymous Symbol]                       0x08000ae8   Section        0  list.o(.text.vListInitialise)
    [Anonymous Symbol]                       0x08000b00   Section        0  list.o(.text.vListInitialiseItem)
    [Anonymous Symbol]                       0x08000b08   Section        0  list.o(.text.vListInsert)
    [Anonymous Symbol]                       0x08000b44   Section        0  list.o(.text.vListInsertEnd)
    vPortEnableVFP                           0x08000b61   Thumb Code    20  port.o(.text.vPortEnableVFP)
    [Anonymous Symbol]                       0x08000b60   Section        0  port.o(.text.vPortEnableVFP)
    [Anonymous Symbol]                       0x08000b74   Section        0  port.o(.text.vPortEnterCritical)
    [Anonymous Symbol]                       0x08000bbc   Section        0  port.o(.text.vPortExitCritical)
    [Anonymous Symbol]                       0x08000bec   Section        0  heap_4.o(.text.vPortFree)
    [Anonymous Symbol]                       0x08000cac   Section        0  port.o(.text.vPortSetupTimerInterrupt)
    [Anonymous Symbol]                       0x08000cd0   Section        0  main.o(.text.vSquareTask)
    [Anonymous Symbol]                       0x08000d5c   Section        0  tasks.o(.text.vTaskDelay)
    [Anonymous Symbol]                       0x08000e20   Section        0  tasks.o(.text.vTaskDelete)
    [Anonymous Symbol]                       0x08000f44   Section        0  tasks.o(.text.vTaskInternalSetTimeOutState)
    [Anonymous Symbol]                       0x08000f60   Section        0  tasks.o(.text.vTaskMissedYield)
    [Anonymous Symbol]                       0x08000f70   Section        0  tasks.o(.text.vTaskPlaceOnEventList)
    [Anonymous Symbol]                       0x08000fa4   Section        0  tasks.o(.text.vTaskStartScheduler)
    [Anonymous Symbol]                       0x08001038   Section        0  tasks.o(.text.vTaskSuspendAll)
    __tagsym$$used.0                         0x08001048   Number         0  tasks.o(.text.vTaskSwitchContext)
    [Anonymous Symbol]                       0x08001048   Section        0  tasks.o(.text.vTaskSwitchContext)
    [Anonymous Symbol]                       0x080010d0   Section        0  port.o(.text.xPortStartScheduler)
    [Anonymous Symbol]                       0x08001200   Section        0  queue.o(.text.xQueueGenericCreate)
    [Anonymous Symbol]                       0x080012a8   Section        0  queue.o(.text.xQueueGenericSend)
    [Anonymous Symbol]                       0x080014b0   Section        0  queue.o(.text.xQueueReceive)
    [Anonymous Symbol]                       0x0800163c   Section        0  tasks.o(.text.xTaskCheckForTimeOut)
    [Anonymous Symbol]                       0x080016d0   Section        0  tasks.o(.text.xTaskCreate)
    [Anonymous Symbol]                       0x080018d4   Section        0  tasks.o(.text.xTaskIncrementTick)
    [Anonymous Symbol]                       0x08001a90   Section        0  tasks.o(.text.xTaskPriorityDisinherit)
    [Anonymous Symbol]                       0x08001b58   Section        0  tasks.o(.text.xTaskRemoveFromEventList)
    [Anonymous Symbol]                       0x08001c48   Section        0  tasks.o(.text.xTaskResumeAll)
    $v0                                      0x08001dcc   Number         0  fpinit.o(x$fpl$fpinit)
    x$fpl$fpinit                             0x08001dcc   Section       26  fpinit.o(x$fpl$fpinit)
    uxCriticalNesting                        0x20000004   Data           4  port.o(.data.uxCriticalNesting)
    [Anonymous Symbol]                       0x20000004   Section        0  port.o(.data.uxCriticalNesting)
    .bss                                     0x20000008   Section       96  libspace.o(.bss)
    __tagsym$$used.1                         0x20000068   Number         0  tasks.o(.bss.pxCurrentTCB)
    pxDelayedTaskList                        0x2000006c   Data           4  tasks.o(.bss.pxDelayedTaskList)
    [Anonymous Symbol]                       0x2000006c   Section        0  tasks.o(.bss.pxDelayedTaskList)
    pxEnd                                    0x20000070   Data           4  heap_4.o(.bss.pxEnd)
    [Anonymous Symbol]                       0x20000070   Section        0  heap_4.o(.bss.pxEnd)
    pxOverflowDelayedTaskList                0x20000074   Data           4  tasks.o(.bss.pxOverflowDelayedTaskList)
    [Anonymous Symbol]                       0x20000074   Section        0  tasks.o(.bss.pxOverflowDelayedTaskList)
    pxReadyTasksLists                        0x20000078   Data         100  tasks.o(.bss.pxReadyTasksLists)
    [Anonymous Symbol]                       0x20000078   Section        0  tasks.o(.bss.pxReadyTasksLists)
    ucHeap                                   0x200000e4   Data       10240  heap_4.o(.bss.ucHeap)
    [Anonymous Symbol]                       0x200000e4   Section        0  heap_4.o(.bss.ucHeap)
    ucMaxSysCallPriority                     0x200028e4   Data           1  port.o(.bss.ucMaxSysCallPriority)
    [Anonymous Symbol]                       0x200028e4   Section        0  port.o(.bss.ucMaxSysCallPriority)
    ulMaxPRIGROUPValue                       0x200028e8   Data           4  port.o(.bss.ulMaxPRIGROUPValue)
    [Anonymous Symbol]                       0x200028e8   Section        0  port.o(.bss.ulMaxPRIGROUPValue)
    uxCurrentNumberOfTasks                   0x200028ec   Data           4  tasks.o(.bss.uxCurrentNumberOfTasks)
    [Anonymous Symbol]                       0x200028ec   Section        0  tasks.o(.bss.uxCurrentNumberOfTasks)
    uxDeletedTasksWaitingCleanUp             0x200028f0   Data           4  tasks.o(.bss.uxDeletedTasksWaitingCleanUp)
    [Anonymous Symbol]                       0x200028f0   Section        0  tasks.o(.bss.uxDeletedTasksWaitingCleanUp)
    uxSchedulerSuspended                     0x200028f4   Data           4  tasks.o(.bss.uxSchedulerSuspended)
    [Anonymous Symbol]                       0x200028f4   Section        0  tasks.o(.bss.uxSchedulerSuspended)
    uxTaskNumber                             0x200028f8   Data           4  tasks.o(.bss.uxTaskNumber)
    [Anonymous Symbol]                       0x200028f8   Section        0  tasks.o(.bss.uxTaskNumber)
    uxTopReadyPriority                       0x200028fc   Data           4  tasks.o(.bss.uxTopReadyPriority)
    [Anonymous Symbol]                       0x200028fc   Section        0  tasks.o(.bss.uxTopReadyPriority)
    xDelayedTaskList1                        0x20002900   Data          20  tasks.o(.bss.xDelayedTaskList1)
    [Anonymous Symbol]                       0x20002900   Section        0  tasks.o(.bss.xDelayedTaskList1)
    xDelayedTaskList2                        0x20002914   Data          20  tasks.o(.bss.xDelayedTaskList2)
    [Anonymous Symbol]                       0x20002914   Section        0  tasks.o(.bss.xDelayedTaskList2)
    xFreeBytesRemaining                      0x20002928   Data           4  heap_4.o(.bss.xFreeBytesRemaining)
    [Anonymous Symbol]                       0x20002928   Section        0  heap_4.o(.bss.xFreeBytesRemaining)
    xIdleTaskHandle                          0x2000292c   Data           4  tasks.o(.bss.xIdleTaskHandle)
    [Anonymous Symbol]                       0x2000292c   Section        0  tasks.o(.bss.xIdleTaskHandle)
    xMinimumEverFreeBytesRemaining           0x20002930   Data           4  heap_4.o(.bss.xMinimumEverFreeBytesRemaining)
    [Anonymous Symbol]                       0x20002930   Section        0  heap_4.o(.bss.xMinimumEverFreeBytesRemaining)
    xNextTaskUnblockTime                     0x20002934   Data           4  tasks.o(.bss.xNextTaskUnblockTime)
    [Anonymous Symbol]                       0x20002934   Section        0  tasks.o(.bss.xNextTaskUnblockTime)
    xNumOfOverflows                          0x20002938   Data           4  tasks.o(.bss.xNumOfOverflows)
    [Anonymous Symbol]                       0x20002938   Section        0  tasks.o(.bss.xNumOfOverflows)
    xNumberOfSuccessfulAllocations           0x2000293c   Data           4  heap_4.o(.bss.xNumberOfSuccessfulAllocations)
    [Anonymous Symbol]                       0x2000293c   Section        0  heap_4.o(.bss.xNumberOfSuccessfulAllocations)
    xNumberOfSuccessfulFrees                 0x20002940   Data           4  heap_4.o(.bss.xNumberOfSuccessfulFrees)
    [Anonymous Symbol]                       0x20002940   Section        0  heap_4.o(.bss.xNumberOfSuccessfulFrees)
    xPendedTicks                             0x20002944   Data           4  tasks.o(.bss.xPendedTicks)
    [Anonymous Symbol]                       0x20002944   Section        0  tasks.o(.bss.xPendedTicks)
    xPendingReadyList                        0x20002948   Data          20  tasks.o(.bss.xPendingReadyList)
    [Anonymous Symbol]                       0x20002948   Section        0  tasks.o(.bss.xPendingReadyList)
    xSchedulerRunning                        0x2000295c   Data           4  tasks.o(.bss.xSchedulerRunning)
    [Anonymous Symbol]                       0x2000295c   Section        0  tasks.o(.bss.xSchedulerRunning)
    xStart                                   0x20002960   Data           8  heap_4.o(.bss.xStart)
    [Anonymous Symbol]                       0x20002960   Section        0  heap_4.o(.bss.xStart)
    xSuspendedTaskList                       0x20002968   Data          20  tasks.o(.bss.xSuspendedTaskList)
    [Anonymous Symbol]                       0x20002968   Section        0  tasks.o(.bss.xSuspendedTaskList)
    xTasksWaitingTermination                 0x2000297c   Data          20  tasks.o(.bss.xTasksWaitingTermination)
    [Anonymous Symbol]                       0x2000297c   Section        0  tasks.o(.bss.xTasksWaitingTermination)
    xTickCount                               0x20002990   Data           4  tasks.o(.bss.xTickCount)
    [Anonymous Symbol]                       0x20002990   Section        0  tasks.o(.bss.xTickCount)
    xYieldPending                            0x20002994   Data           4  tasks.o(.bss.xYieldPending)
    [Anonymous Symbol]                       0x20002994   Section        0  tasks.o(.bss.xYieldPending)
    Heap_Mem                                 0x20002998   Data         512  startup_stm32f334x8.o(HEAP)
    HEAP                                     0x20002998   Section      512  startup_stm32f334x8.o(HEAP)
    Stack_Mem                                0x20002b98   Data        1024  startup_stm32f334x8.o(STACK)
    STACK                                    0x20002b98   Section     1024  startup_stm32f334x8.o(STACK)
    __initial_sp                             0x20002f98   Data           0  startup_stm32f334x8.o(STACK)

    Global Symbols

    Symbol Name                              Value     Ov Type        Size  Object(Section)

    BuildAttributes$$THM_ISAv4$E$P$D$K$B$S$7EM$VFPi3$EXTD16$VFPS$VFMA$PE$A:L22UL41UL21$X:L11$S22US41US21$IEEE1$IW$~IW$USESV6$~STKCKD$USESV7$~SHL$OTIME$ROPI$EBA8$UX$STANDARDLIB$REQ8$PRES8$EABIv2 0x00000000   Number         0  anon$$obj.o ABSOLUTE
    __ARM_exceptions_init                     - Undefined Weak Reference
    __alloca_initialize                       - Undefined Weak Reference
    __arm_preinit_                            - Undefined Weak Reference
    __arm_relocate_pie_                       - Undefined Weak Reference
    __cpp_initialize__aeabi_                  - Undefined Weak Reference
    __cxa_finalize                            - Undefined Weak Reference
    __rt_locale                               - Undefined Weak Reference
    __sigvec_lookup                           - Undefined Weak Reference
    _atexit_init                              - Undefined Weak Reference
    _call_atexit_fns                          - Undefined Weak Reference
    _clock_init                               - Undefined Weak Reference
    _fp_trap_init                             - Undefined Weak Reference
    _fp_trap_shutdown                         - Undefined Weak Reference
    _get_lc_collate                           - Undefined Weak Reference
    _get_lc_ctype                             - Undefined Weak Reference
    _get_lc_monetary                          - Undefined Weak Reference
    _get_lc_numeric                           - Undefined Weak Reference
    _get_lc_time                              - Undefined Weak Reference
    _getenv_init                              - Undefined Weak Reference
    _handle_redirection                       - Undefined Weak Reference
    _init_alloc                               - Undefined Weak Reference
    _init_user_alloc                          - Undefined Weak Reference
    _initio                                   - Undefined Weak Reference
    _rand_init                                - Undefined Weak Reference
    _signal_finish                            - Undefined Weak Reference
    _signal_init                              - Undefined Weak Reference
    _terminate_alloc                          - Undefined Weak Reference
    _terminate_user_alloc                     - Undefined Weak Reference
    _terminateio                              - Undefined Weak Reference
    __Vectors_Size                           0x00000188   Number         0  startup_stm32f334x8.o ABSOLUTE
    __Vectors                                0x08000000   Data           4  startup_stm32f334x8.o(RESET)
    __Vectors_End                            0x08000188   Data           0  startup_stm32f334x8.o(RESET)
    __main                                   0x08000189   Thumb Code     8  __main.o(!!!main)
    __scatterload                            0x08000191   Thumb Code     0  __scatter.o(!!!scatter)
    __scatterload_rt2                        0x08000191   Thumb Code    44  __scatter.o(!!!scatter)
    __scatterload_rt2_thumb_only             0x08000191   Thumb Code     0  __scatter.o(!!!scatter)
    __scatterload_null                       0x0800019f   Thumb Code     0  __scatter.o(!!!scatter)
    __scatterload_copy                       0x080001c5   Thumb Code    26  __scatter_copy.o(!!handler_copy)
    __scatterload_zeroinit                   0x080001e1   Thumb Code    28  __scatter_zi.o(!!handler_zi)
    __rt_lib_init                            0x080001fd   Thumb Code     0  libinit.o(.ARM.Collect$$libinit$$00000000)
    __rt_lib_init_fp_1                       0x080001ff   Thumb Code     0  libinit2.o(.ARM.Collect$$libinit$$00000001)
    __rt_lib_init_alloca_1                   0x08000203   Thumb Code     0  libinit2.o(.ARM.Collect$$libinit$$00000030)
    __rt_lib_init_argv_1                     0x08000203   Thumb Code     0  libinit2.o(.ARM.Collect$$libinit$$0000002E)
    __rt_lib_init_atexit_1                   0x08000203   Thumb Code     0  libinit2.o(.ARM.Collect$$libinit$$0000001D)
    __rt_lib_init_clock_1                    0x08000203   Thumb Code     0  libinit2.o(.ARM.Collect$$libinit$$00000023)
    __rt_lib_init_cpp_1                      0x08000203   Thumb Code     0  libinit2.o(.ARM.Collect$$libinit$$00000034)
    __rt_lib_init_exceptions_1               0x08000203   Thumb Code     0  libinit2.o(.ARM.Collect$$libinit$$00000032)
    __rt_lib_init_fp_trap_1                  0x08000203   Thumb Code     0  libinit2.o(.ARM.Collect$$libinit$$00000021)
    __rt_lib_init_getenv_1                   0x08000203   Thumb Code     0  libinit2.o(.ARM.Collect$$libinit$$00000025)
    __rt_lib_init_heap_1                     0x08000203   Thumb Code     0  libinit2.o(.ARM.Collect$$libinit$$0000000C)
    __rt_lib_init_lc_collate_1               0x08000203   Thumb Code     0  libinit2.o(.ARM.Collect$$libinit$$00000013)
    __rt_lib_init_lc_ctype_1                 0x08000203   Thumb Code     0  libinit2.o(.ARM.Collect$$libinit$$00000015)
    __rt_lib_init_lc_monetary_1              0x08000203   Thumb Code     0  libinit2.o(.ARM.Collect$$libinit$$00000017)
    __rt_lib_init_lc_numeric_1               0x08000203   Thumb Code     0  libinit2.o(.ARM.Collect$$libinit$$00000019)
    __rt_lib_init_lc_time_1                  0x08000203   Thumb Code     0  libinit2.o(.ARM.Collect$$libinit$$0000001B)
    __rt_lib_init_preinit_1                  0x08000203   Thumb Code     0  libinit2.o(.ARM.Collect$$libinit$$00000006)
    __rt_lib_init_rand_1                     0x08000203   Thumb Code     0  libinit2.o(.ARM.Collect$$libinit$$00000010)
    __rt_lib_init_relocate_pie_1             0x08000203   Thumb Code     0  libinit2.o(.ARM.Collect$$libinit$$00000004)
    __rt_lib_init_return                     0x08000203   Thumb Code     0  libinit2.o(.ARM.Collect$$libinit$$00000035)
    __rt_lib_init_signal_1                   0x08000203   Thumb Code     0  libinit2.o(.ARM.Collect$$libinit$$0000001F)
    __rt_lib_init_stdio_1                    0x08000203   Thumb Code     0  libinit2.o(.ARM.Collect$$libinit$$00000027)
    __rt_lib_init_user_alloc_1               0x08000203   Thumb Code     0  libinit2.o(.ARM.Collect$$libinit$$0000000E)
    __rt_lib_shutdown                        0x08000205   Thumb Code     0  libshutdown.o(.ARM.Collect$$libshutdown$$00000000)
    __rt_lib_shutdown_cpp_1                  0x08000207   Thumb Code     0  libshutdown2.o(.ARM.Collect$$libshutdown$$00000002)
    __rt_lib_shutdown_fp_trap_1              0x08000207   Thumb Code     0  libshutdown2.o(.ARM.Collect$$libshutdown$$00000007)
    __rt_lib_shutdown_heap_1                 0x08000207   Thumb Code     0  libshutdown2.o(.ARM.Collect$$libshutdown$$0000000F)
    __rt_lib_shutdown_return                 0x08000207   Thumb Code     0  libshutdown2.o(.ARM.Collect$$libshutdown$$00000010)
    __rt_lib_shutdown_signal_1               0x08000207   Thumb Code     0  libshutdown2.o(.ARM.Collect$$libshutdown$$0000000A)
    __rt_lib_shutdown_stdio_1                0x08000207   Thumb Code     0  libshutdown2.o(.ARM.Collect$$libshutdown$$00000004)
    __rt_lib_shutdown_user_alloc_1           0x08000207   Thumb Code     0  libshutdown2.o(.ARM.Collect$$libshutdown$$0000000C)
    __rt_entry                               0x08000209   Thumb Code     0  __rtentry.o(.ARM.Collect$$rtentry$$00000000)
    __rt_entry_presh_1                       0x08000209   Thumb Code     0  __rtentry2.o(.ARM.Collect$$rtentry$$00000002)
    __rt_entry_sh                            0x08000209   Thumb Code     0  __rtentry4.o(.ARM.Collect$$rtentry$$00000004)
    __rt_entry_li                            0x0800020f   Thumb Code     0  __rtentry2.o(.ARM.Collect$$rtentry$$0000000A)
    __rt_entry_postsh_1                      0x0800020f   Thumb Code     0  __rtentry2.o(.ARM.Collect$$rtentry$$00000009)
    __rt_entry_main                          0x08000213   Thumb Code     0  __rtentry2.o(.ARM.Collect$$rtentry$$0000000D)
    __rt_entry_postli_1                      0x08000213   Thumb Code     0  __rtentry2.o(.ARM.Collect$$rtentry$$0000000C)
    __rt_exit                                0x0800021b   Thumb Code     0  rtexit.o(.ARM.Collect$$rtexit$$00000000)
    __rt_exit_ls                             0x0800021d   Thumb Code     0  rtexit2.o(.ARM.Collect$$rtexit$$00000003)
    __rt_exit_prels_1                        0x0800021d   Thumb Code     0  rtexit2.o(.ARM.Collect$$rtexit$$00000002)
    __rt_exit_exit                           0x08000221   Thumb Code     0  rtexit2.o(.ARM.Collect$$rtexit$$00000004)
    Reset_Handler                            0x08000229   Thumb Code     8  startup_stm32f334x8.o(.text)
    NMI_Handler                              0x08000231   Thumb Code     2  startup_stm32f334x8.o(.text)
    HardFault_Handler                        0x08000233   Thumb Code     2  startup_stm32f334x8.o(.text)
    MemManage_Handler                        0x08000235   Thumb Code     2  startup_stm32f334x8.o(.text)
    BusFault_Handler                         0x08000237   Thumb Code     2  startup_stm32f334x8.o(.text)
    UsageFault_Handler                       0x08000239   Thumb Code     2  startup_stm32f334x8.o(.text)
    DebugMon_Handler                         0x0800023d   Thumb Code     2  startup_stm32f334x8.o(.text)
    ADC1_2_IRQHandler                        0x08000243   Thumb Code     0  startup_stm32f334x8.o(.text)
    CAN_RX0_IRQHandler                       0x08000243   Thumb Code     0  startup_stm32f334x8.o(.text)
    CAN_RX1_IRQHandler                       0x08000243   Thumb Code     0  startup_stm32f334x8.o(.text)
    CAN_SCE_IRQHandler                       0x08000243   Thumb Code     0  startup_stm32f334x8.o(.text)
    CAN_TX_IRQHandler                        0x08000243   Thumb Code     0  startup_stm32f334x8.o(.text)
    COMP2_IRQHandler                         0x08000243   Thumb Code     0  startup_stm32f334x8.o(.text)
    COMP4_6_IRQHandler                       0x08000243   Thumb Code     0  startup_stm32f334x8.o(.text)
    DMA1_Channel1_IRQHandler                 0x08000243   Thumb Code     0  startup_stm32f334x8.o(.text)
    DMA1_Channel2_IRQHandler                 0x08000243   Thumb Code     0  startup_stm32f334x8.o(.text)
    DMA1_Channel3_IRQHandler                 0x08000243   Thumb Code     0  startup_stm32f334x8.o(.text)
    DMA1_Channel4_IRQHandler                 0x08000243   Thumb Code     0  startup_stm32f334x8.o(.text)
    DMA1_Channel5_IRQHandler                 0x08000243   Thumb Code     0  startup_stm32f334x8.o(.text)
    DMA1_Channel6_IRQHandler                 0x08000243   Thumb Code     0  startup_stm32f334x8.o(.text)
    DMA1_Channel7_IRQHandler                 0x08000243   Thumb Code     0  startup_stm32f334x8.o(.text)
    EXTI0_IRQHandler                         0x08000243   Thumb Code     0  startup_stm32f334x8.o(.text)
    EXTI15_10_IRQHandler                     0x08000243   Thumb Code     0  startup_stm32f334x8.o(.text)
    EXTI1_IRQHandler                         0x08000243   Thumb Code     0  startup_stm32f334x8.o(.text)
    EXTI2_TSC_IRQHandler                     0x08000243   Thumb Code     0  startup_stm32f334x8.o(.text)
    EXTI3_IRQHandler                         0x08000243   Thumb Code     0  startup_stm32f334x8.o(.text)
    EXTI4_IRQHandler                         0x08000243   Thumb Code     0  startup_stm32f334x8.o(.text)
    EXTI9_5_IRQHandler                       0x08000243   Thumb Code     0  startup_stm32f334x8.o(.text)
    FLASH_IRQHandler                         0x08000243   Thumb Code     0  startup_stm32f334x8.o(.text)
    FPU_IRQHandler                           0x08000243   Thumb Code     0  startup_stm32f334x8.o(.text)
    HRTIM1_FLT_IRQHandler                    0x08000243   Thumb Code     0  startup_stm32f334x8.o(.text)
    HRTIM1_Master_IRQHandler                 0x08000243   Thumb Code     0  startup_stm32f334x8.o(.text)
    HRTIM1_TIMA_IRQHandler                   0x08000243   Thumb Code     0  startup_stm32f334x8.o(.text)
    HRTIM1_TIMB_IRQHandler                   0x08000243   Thumb Code     0  startup_stm32f334x8.o(.text)
    HRTIM1_TIMC_IRQHandler                   0x08000243   Thumb Code     0  startup_stm32f334x8.o(.text)
    HRTIM1_TIMD_IRQHandler                   0x08000243   Thumb Code     0  startup_stm32f334x8.o(.text)
    HRTIM1_TIME_IRQHandler                   0x08000243   Thumb Code     0  startup_stm32f334x8.o(.text)
    I2C1_ER_IRQHandler                       0x08000243   Thumb Code     0  startup_stm32f334x8.o(.text)
    I2C1_EV_IRQHandler                       0x08000243   Thumb Code     0  startup_stm32f334x8.o(.text)
    PVD_IRQHandler                           0x08000243   Thumb Code     0  startup_stm32f334x8.o(.text)
    RCC_IRQHandler                           0x08000243   Thumb Code     0  startup_stm32f334x8.o(.text)
    RTC_Alarm_IRQHandler                     0x08000243   Thumb Code     0  startup_stm32f334x8.o(.text)
    RTC_WKUP_IRQHandler                      0x08000243   Thumb Code     0  startup_stm32f334x8.o(.text)
    SPI1_IRQHandler                          0x08000243   Thumb Code     0  startup_stm32f334x8.o(.text)
    TAMP_STAMP_IRQHandler                    0x08000243   Thumb Code     0  startup_stm32f334x8.o(.text)
    TIM1_BRK_TIM15_IRQHandler                0x08000243   Thumb Code     0  startup_stm32f334x8.o(.text)
    TIM1_CC_IRQHandler                       0x08000243   Thumb Code     0  startup_stm32f334x8.o(.text)
    TIM1_TRG_COM_TIM17_IRQHandler            0x08000243   Thumb Code     0  startup_stm32f334x8.o(.text)
    TIM1_UP_TIM16_IRQHandler                 0x08000243   Thumb Code     0  startup_stm32f334x8.o(.text)
    TIM2_IRQHandler                          0x08000243   Thumb Code     0  startup_stm32f334x8.o(.text)
    TIM3_IRQHandler                          0x08000243   Thumb Code     0  startup_stm32f334x8.o(.text)
    TIM6_DAC1_IRQHandler                     0x08000243   Thumb Code     0  startup_stm32f334x8.o(.text)
    TIM7_DAC2_IRQHandler                     0x08000243   Thumb Code     0  startup_stm32f334x8.o(.text)
    USART1_IRQHandler                        0x08000243   Thumb Code     0  startup_stm32f334x8.o(.text)
    USART2_IRQHandler                        0x08000243   Thumb Code     0  startup_stm32f334x8.o(.text)
    USART3_IRQHandler                        0x08000243   Thumb Code     0  startup_stm32f334x8.o(.text)
    WWDG_IRQHandler                          0x08000243   Thumb Code     0  startup_stm32f334x8.o(.text)
    __user_initial_stackheap                 0x08000245   Thumb Code     0  startup_stm32f334x8.o(.text)
    __aeabi_memcpy                           0x08000269   Thumb Code     0  rt_memcpy_v6.o(.text)
    __rt_memcpy                              0x08000269   Thumb Code   138  rt_memcpy_v6.o(.text)
    _memcpy_lastbytes                        0x080002cf   Thumb Code     0  rt_memcpy_v6.o(.text)
    __aeabi_memset4                          0x080002f3   Thumb Code    16  aeabi_memset4.o(.text)
    __aeabi_memset8                          0x080002f3   Thumb Code     0  aeabi_memset4.o(.text)
    __aeabi_memclr                           0x08000303   Thumb Code     0  rt_memclr.o(.text)
    __rt_memclr                              0x08000303   Thumb Code     0  rt_memclr.o(.text)
    _memset                                  0x08000307   Thumb Code    64  rt_memclr.o(.text)
    __use_two_region_memory                  0x08000347   Thumb Code     2  heapauxi.o(.text)
    __rt_heap_escrow$2region                 0x08000349   Thumb Code     2  heapauxi.o(.text)
    __rt_heap_expand$2region                 0x0800034b   Thumb Code     2  heapauxi.o(.text)
    __aeabi_memcpy4                          0x0800034d   Thumb Code     0  rt_memcpy_w.o(.text)
    __aeabi_memcpy8                          0x0800034d   Thumb Code     0  rt_memcpy_w.o(.text)
    __rt_memcpy_w                            0x0800034d   Thumb Code   100  rt_memcpy_w.o(.text)
    _memcpy_lastbytes_aligned                0x08000395   Thumb Code     0  rt_memcpy_w.o(.text)
    __aeabi_memclr4                          0x080003b1   Thumb Code     0  rt_memclr_w.o(.text)
    __aeabi_memclr8                          0x080003b1   Thumb Code     0  rt_memclr_w.o(.text)
    __rt_memclr_w                            0x080003b1   Thumb Code     0  rt_memclr_w.o(.text)
    _memset_w                                0x080003b5   Thumb Code    74  rt_memclr_w.o(.text)
    __user_setup_stackheap                   0x080003ff   Thumb Code    74  sys_stackheap_outer.o(.text)
    exit                                     0x08000449   Thumb Code    18  exit.o(.text)
    __user_libspace                          0x0800045d   Thumb Code     8  libspace.o(.text)
    __user_perproc_libspace                  0x0800045d   Thumb Code     0  libspace.o(.text)
    __user_perthread_libspace                0x0800045d   Thumb Code     0  libspace.o(.text)
    _sys_exit                                0x08000465   Thumb Code     8  sys_exit.o(.text)
    __I$use$semihosting                      0x08000471   Thumb Code     0  use_no_semi.o(.text)
    __use_no_semihosting_swi                 0x08000471   Thumb Code     2  use_no_semi.o(.text)
    __semihosting_library_function           0x08000473   Thumb Code     0  indicate_semi.o(.text)
    Access                                   0x08000475   Thumb Code    14  gpio.o(.text.Access)
    PendSV_Handler                           0x08000491   Thumb Code   100  port.o(.text.PendSV_Handler)
    Release                                  0x080004f5   Thumb Code    16  gpio.o(.text.Release)
    SVC_Handler                              0x08000511   Thumb Code    36  port.o(.text.SVC_Handler)
    SysTick_Handler                          0x08000535   Thumb Code    46  port.o(.text.SysTick_Handler)
    SystemInit                               0x08000565   Thumb Code    18  system_stm32f3xx.o(.text.SystemInit)
    main                                     0x08000579   Thumb Code   160  main.o(.text.main)
    pvPortMalloc                             0x0800083d   Thumb Code   418  heap_4.o(.text.pvPortMalloc)
    pxPortInitialiseStack                    0x080009e1   Thumb Code    40  port.o(.text.pxPortInitialiseStack)
    setup_GPIO                               0x08000a09   Thumb Code    30  gpio.o(.text.setup_GPIO)
    setup_RCC                                0x08000a29   Thumb Code    18  gpio.o(.text.setup_RCC)
    uxListRemove                             0x08000a3d   Thumb Code    36  list.o(.text.uxListRemove)
    vDecrementTask                           0x08000a61   Thumb Code   136  main.o(.text.vDecrementTask)
    vListInitialise                          0x08000ae9   Thumb Code    22  list.o(.text.vListInitialise)
    vListInitialiseItem                      0x08000b01   Thumb Code     6  list.o(.text.vListInitialiseItem)
    vListInsert                              0x08000b09   Thumb Code    58  list.o(.text.vListInsert)
    vListInsertEnd                           0x08000b45   Thumb Code    28  list.o(.text.vListInsertEnd)
    vPortEnterCritical                       0x08000b75   Thumb Code    70  port.o(.text.vPortEnterCritical)
    vPortExitCritical                        0x08000bbd   Thumb Code    46  port.o(.text.vPortExitCritical)
    vPortFree                                0x08000bed   Thumb Code   192  heap_4.o(.text.vPortFree)
    vPortSetupTimerInterrupt                 0x08000cad   Thumb Code    34  port.o(.text.vPortSetupTimerInterrupt)
    vSquareTask                              0x08000cd1   Thumb Code   140  main.o(.text.vSquareTask)
    vTaskDelay                               0x08000d5d   Thumb Code   194  tasks.o(.text.vTaskDelay)
    vTaskDelete                              0x08000e21   Thumb Code   290  tasks.o(.text.vTaskDelete)
    vTaskInternalSetTimeOutState             0x08000f45   Thumb Code    26  tasks.o(.text.vTaskInternalSetTimeOutState)
    vTaskMissedYield                         0x08000f61   Thumb Code    14  tasks.o(.text.vTaskMissedYield)
    vTaskPlaceOnEventList                    0x08000f71   Thumb Code    50  tasks.o(.text.vTaskPlaceOnEventList)
    vTaskStartScheduler                      0x08000fa5   Thumb Code   140  tasks.o(.text.vTaskStartScheduler)
    vTaskSuspendAll                          0x08001039   Thumb Code    16  tasks.o(.text.vTaskSuspendAll)
    vTaskSwitchContext                       0x08001049   Thumb Code   134  tasks.o(.text.vTaskSwitchContext)
    xPortStartScheduler                      0x080010d1   Thumb Code   302  port.o(.text.xPortStartScheduler)
    xQueueGenericCreate                      0x08001201   Thumb Code   166  queue.o(.text.xQueueGenericCreate)
    xQueueGenericSend                        0x080012a9   Thumb Code   518  queue.o(.text.xQueueGenericSend)
    xQueueReceive                            0x080014b1   Thumb Code   396  queue.o(.text.xQueueReceive)
    xTaskCheckForTimeOut                     0x0800163d   Thumb Code   146  tasks.o(.text.xTaskCheckForTimeOut)
    xTaskCreate                              0x080016d1   Thumb Code   516  tasks.o(.text.xTaskCreate)
    xTaskIncrementTick                       0x080018d5   Thumb Code   442  tasks.o(.text.xTaskIncrementTick)
    xTaskPriorityDisinherit                  0x08001a91   Thumb Code   198  tasks.o(.text.xTaskPriorityDisinherit)
    xTaskRemoveFromEventList                 0x08001b59   Thumb Code   240  tasks.o(.text.xTaskRemoveFromEventList)
    xTaskResumeAll                           0x08001c49   Thumb Code   388  tasks.o(.text.xTaskResumeAll)
    _fp_init                                 0x08001dcd   Thumb Code    26  fpinit.o(x$fpl$fpinit)
    __fplib_config_fpu_vfp                   0x08001de5   Thumb Code     0  fpinit.o(x$fpl$fpinit)
    __fplib_config_pureend_doubles           0x08001de5   Thumb Code     0  fpinit.o(x$fpl$fpinit)
    uxTopUsedPriority                        0x08001de8   Data           4  tasks.o(.rodata.uxTopUsedPriority)
    Region$$Table$$Base                      0x08001dec   Number         0  anon$$obj.o(Region$$Table)
    Region$$Table$$Limit                     0x08001e0c   Number         0  anon$$obj.o(Region$$Table)
    SystemCoreClock                          0x20000000   Data           4  system_stm32f3xx.o(.data.SystemCoreClock)
    __libspace_start                         0x20000008   Data          96  libspace.o(.bss)
    __temporary_stack_top$libspace           0x20000068   Data           0  libspace.o(.bss)
    pxCurrentTCB                             0x20000068   Data           4  tasks.o(.bss.pxCurrentTCB)
    taskQueues                               0x200000dc   Data           8  main.o(.bss.taskQueues)



==============================================================================

Memory Map of the image

  Image Entry point : 0x08000229

  Load Region LR_1 (Base: 0x08000000, Size: 0x00001e14, Max: 0xffffffff, ABSOLUTE)

    Execution Region ER_RO (Exec base: 0x08000000, Load base: 0x08000000, Size: 0x00001e0c, Max: 0xffffffff, ABSOLUTE)

    Exec Addr    Load Addr    Size         Type   Attr      Idx    E Section Name        Object

    0x08000000   0x08000000   0x00000188   Data   RO           40    RESET               startup_stm32f334x8.o
    0x08000188   0x08000188   0x00000008   Code   RO          527  * !!!main             c_w.l(__main.o)
    0x08000190   0x08000190   0x00000034   Code   RO          696    !!!scatter          c_w.l(__scatter.o)
    0x080001c4   0x080001c4   0x0000001a   Code   RO          698    !!handler_copy      c_w.l(__scatter_copy.o)
    0x080001de   0x080001de   0x00000002   PAD
    0x080001e0   0x080001e0   0x0000001c   Code   RO          700    !!handler_zi        c_w.l(__scatter_zi.o)
    0x080001fc   0x080001fc   0x00000002   Code   RO          558    .ARM.Collect$$libinit$$00000000  c_w.l(libinit.o)
    0x080001fe   0x080001fe   0x00000004   Code   RO          564    .ARM.Collect$$libinit$$00000001  c_w.l(libinit2.o)
    0x08000202   0x08000202   0x00000000   Code   RO          567    .ARM.Collect$$libinit$$00000004  c_w.l(libinit2.o)
    0x08000202   0x08000202   0x00000000   Code   RO          569    .ARM.Collect$$libinit$$00000006  c_w.l(libinit2.o)
    0x08000202   0x08000202   0x00000000   Code   RO          572    .ARM.Collect$$libinit$$0000000C  c_w.l(libinit2.o)
    0x08000202   0x08000202   0x00000000   Code   RO          574    .ARM.Collect$$libinit$$0000000E  c_w.l(libinit2.o)
    0x08000202   0x08000202   0x00000000   Code   RO          576    .ARM.Collect$$libinit$$00000010  c_w.l(libinit2.o)
    0x08000202   0x08000202   0x00000000   Code   RO          579    .ARM.Collect$$libinit$$00000013  c_w.l(libinit2.o)
    0x08000202   0x08000202   0x00000000   Code   RO          581    .ARM.Collect$$libinit$$00000015  c_w.l(libinit2.o)
    0x08000202   0x08000202   0x00000000   Code   RO          583    .ARM.Collect$$libinit$$00000017  c_w.l(libinit2.o)
    0x08000202   0x08000202   0x00000000   Code   RO          585    .ARM.Collect$$libinit$$00000019  c_w.l(libinit2.o)
    0x08000202   0x08000202   0x00000000   Code   RO          587    .ARM.Collect$$libinit$$0000001B  c_w.l(libinit2.o)
    0x08000202   0x08000202   0x00000000   Code   RO          589    .ARM.Collect$$libinit$$0000001D  c_w.l(libinit2.o)
    0x08000202   0x08000202   0x00000000   Code   RO          591    .ARM.Collect$$libinit$$0000001F  c_w.l(libinit2.o)
    0x08000202   0x08000202   0x00000000   Code   RO          593    .ARM.Collect$$libinit$$00000021  c_w.l(libinit2.o)
    0x08000202   0x08000202   0x00000000   Code   RO          595    .ARM.Collect$$libinit$$00000023  c_w.l(libinit2.o)
    0x08000202   0x08000202   0x00000000   Code   RO          597    .ARM.Collect$$libinit$$00000025  c_w.l(libinit2.o)
    0x08000202   0x08000202   0x00000000   Code   RO          599    .ARM.Collect$$libinit$$00000027  c_w.l(libinit2.o)
    0x08000202   0x08000202   0x00000000   Code   RO          603    .ARM.Collect$$libinit$$0000002E  c_w.l(libinit2.o)
    0x08000202   0x08000202   0x00000000   Code   RO          605    .ARM.Collect$$libinit$$00000030  c_w.l(libinit2.o)
    0x08000202   0x08000202   0x00000000   Code   RO          607    .ARM.Collect$$libinit$$00000032  c_w.l(libinit2.o)
    0x08000202   0x08000202   0x00000000   Code   RO          609    .ARM.Collect$$libinit$$00000034  c_w.l(libinit2.o)
    0x08000202   0x08000202   0x00000002   Code   RO          610    .ARM.Collect$$libinit$$00000035  c_w.l(libinit2.o)
    0x08000204   0x08000204   0x00000002   Code   RO          632    .ARM.Collect$$libshutdown$$00000000  c_w.l(libshutdown.o)
    0x08000206   0x08000206   0x00000000   Code   RO          647    .ARM.Collect$$libshutdown$$00000002  c_w.l(libshutdown2.o)
    0x08000206   0x08000206   0x00000000   Code   RO          649    .ARM.Collect$$libshutdown$$00000004  c_w.l(libshutdown2.o)
    0x08000206   0x08000206   0x00000000   Code   RO          652    .ARM.Collect$$libshutdown$$00000007  c_w.l(libshutdown2.o)
    0x08000206   0x08000206   0x00000000   Code   RO          655    .ARM.Collect$$libshutdown$$0000000A  c_w.l(libshutdown2.o)
    0x08000206   0x08000206   0x00000000   Code   RO          657    .ARM.Collect$$libshutdown$$0000000C  c_w.l(libshutdown2.o)
    0x08000206   0x08000206   0x00000000   Code   RO          660    .ARM.Collect$$libshutdown$$0000000F  c_w.l(libshutdown2.o)
    0x08000206   0x08000206   0x00000002   Code   RO          661    .ARM.Collect$$libshutdown$$00000010  c_w.l(libshutdown2.o)
    0x08000208   0x08000208   0x00000000   Code   RO          529    .ARM.Collect$$rtentry$$00000000  c_w.l(__rtentry.o)
    0x08000208   0x08000208   0x00000000   Code   RO          535    .ARM.Collect$$rtentry$$00000002  c_w.l(__rtentry2.o)
    0x08000208   0x08000208   0x00000006   Code   RO          547    .ARM.Collect$$rtentry$$00000004  c_w.l(__rtentry4.o)
    0x0800020e   0x0800020e   0x00000000   Code   RO          537    .ARM.Collect$$rtentry$$00000009  c_w.l(__rtentry2.o)
    0x0800020e   0x0800020e   0x00000004   Code   RO          538    .ARM.Collect$$rtentry$$0000000A  c_w.l(__rtentry2.o)
    0x08000212   0x08000212   0x00000000   Code   RO          540    .ARM.Collect$$rtentry$$0000000C  c_w.l(__rtentry2.o)
    0x08000212   0x08000212   0x00000008   Code   RO          541    .ARM.Collect$$rtentry$$0000000D  c_w.l(__rtentry2.o)
    0x0800021a   0x0800021a   0x00000002   Code   RO          562    .ARM.Collect$$rtexit$$00000000  c_w.l(rtexit.o)
    0x0800021c   0x0800021c   0x00000000   Code   RO          612    .ARM.Collect$$rtexit$$00000002  c_w.l(rtexit2.o)
    0x0800021c   0x0800021c   0x00000004   Code   RO          613    .ARM.Collect$$rtexit$$00000003  c_w.l(rtexit2.o)
    0x08000220   0x08000220   0x00000006   Code   RO          614    .ARM.Collect$$rtexit$$00000004  c_w.l(rtexit2.o)
    0x08000226   0x08000226   0x00000002   PAD
    0x08000228   0x08000228   0x00000040   Code   RO           41  * .text               startup_stm32f334x8.o
    0x08000268   0x08000268   0x0000008a   Code   RO          519    .text               c_w.l(rt_memcpy_v6.o)
    0x080002f2   0x080002f2   0x00000010   Code   RO          521    .text               c_w.l(aeabi_memset4.o)
    0x08000302   0x08000302   0x00000044   Code   RO          523    .text               c_w.l(rt_memclr.o)
    0x08000346   0x08000346   0x00000006   Code   RO          525    .text               c_w.l(heapauxi.o)
    0x0800034c   0x0800034c   0x00000064   Code   RO          530    .text               c_w.l(rt_memcpy_w.o)
    0x080003b0   0x080003b0   0x0000004e   Code   RO          532    .text               c_w.l(rt_memclr_w.o)
    0x080003fe   0x080003fe   0x0000004a   Code   RO          549    .text               c_w.l(sys_stackheap_outer.o)
    0x08000448   0x08000448   0x00000012   Code   RO          551    .text               c_w.l(exit.o)
    0x0800045a   0x0800045a   0x00000002   PAD
    0x0800045c   0x0800045c   0x00000008   Code   RO          559    .text               c_w.l(libspace.o)
    0x08000464   0x08000464   0x0000000c   Code   RO          622    .text               c_w.l(sys_exit.o)
    0x08000470   0x08000470   0x00000002   Code   RO          637    .text               c_w.l(use_no_semi.o)
    0x08000472   0x08000472   0x00000000   Code   RO          639    .text               c_w.l(indicate_semi.o)
    0x08000472   0x08000472   0x00000002   PAD
    0x08000474   0x08000474   0x0000000e   Code   RO           20    .text.Access        gpio.o
    0x08000482   0x08000482   0x0000000e   PAD
    0x08000490   0x08000490   0x00000064   Code   RO          278    .text.PendSV_Handler  port.o
    0x080004f4   0x080004f4   0x00000010   Code   RO           22    .text.Release       gpio.o
    0x08000504   0x08000504   0x0000000c   PAD
    0x08000510   0x08000510   0x00000024   Code   RO          262    .text.SVC_Handler   port.o
    0x08000534   0x08000534   0x0000002e   Code   RO          280    .text.SysTick_Handler  port.o
    0x08000562   0x08000562   0x00000002   PAD
    0x08000564   0x08000564   0x00000012   Code   RO           48    .text.SystemInit    system_stm32f3xx.o
    0x08000576   0x08000576   0x00000002   PAD
    0x08000578   0x08000578   0x000000bc   Code   RO            2    .text.main          main.o
    0x08000634   0x08000634   0x000000be   Code   RO          395    .text.prvAddCurrentTaskToDelayedList  tasks.o
    0x080006f2   0x080006f2   0x00000002   PAD
    0x080006f4   0x080006f4   0x00000076   Code   RO          419    .text.prvIdleTask   tasks.o
    0x0800076a   0x0800076a   0x00000002   PAD
    0x0800076c   0x0800076c   0x00000028   Code   RO          270    .text.prvPortStartFirstTask  port.o
    0x08000794   0x08000794   0x00000032   Code   RO          260    .text.prvTaskExitError  port.o
    0x080007c6   0x080007c6   0x00000002   PAD
    0x080007c8   0x080007c8   0x00000072   Code   RO          340    .text.prvUnlockQueue  queue.o
    0x0800083a   0x0800083a   0x00000002   PAD
    0x0800083c   0x0800083c   0x000001a2   Code   RO          295    .text.pvPortMalloc  heap_4.o
    0x080009de   0x080009de   0x00000002   PAD
    0x080009e0   0x080009e0   0x00000028   Code   RO          258    .text.pxPortInitialiseStack  port.o
    0x08000a08   0x08000a08   0x0000001e   Code   RO           28    .text.setup_GPIO    gpio.o
    0x08000a26   0x08000a26   0x00000002   PAD
    0x08000a28   0x08000a28   0x00000012   Code   RO           26    .text.setup_RCC     gpio.o
    0x08000a3a   0x08000a3a   0x00000002   PAD
    0x08000a3c   0x08000a3c   0x00000024   Code   RO          248    .text.uxListRemove  list.o
    0x08000a60   0x08000a60   0x00000088   Code   RO            6    .text.vDecrementTask  main.o
    0x08000ae8   0x08000ae8   0x00000016   Code   RO          240    .text.vListInitialise  list.o
    0x08000afe   0x08000afe   0x00000002   PAD
    0x08000b00   0x08000b00   0x00000006   Code   RO          242    .text.vListInitialiseItem  list.o
    0x08000b06   0x08000b06   0x00000002   PAD
    0x08000b08   0x08000b08   0x0000003a   Code   RO          246    .text.vListInsert   list.o
    0x08000b42   0x08000b42   0x00000002   PAD
    0x08000b44   0x08000b44   0x0000001c   Code   RO          244    .text.vListInsertEnd  list.o
    0x08000b60   0x08000b60   0x00000014   Code   RO          268    .text.vPortEnableVFP  port.o
    0x08000b74   0x08000b74   0x00000046   Code   RO          274    .text.vPortEnterCritical  port.o
    0x08000bba   0x08000bba   0x00000002   PAD
    0x08000bbc   0x08000bbc   0x0000002e   Code   RO          276    .text.vPortExitCritical  port.o
    0x08000bea   0x08000bea   0x00000002   PAD
    0x08000bec   0x08000bec   0x000000c0   Code   RO          297    .text.vPortFree     heap_4.o
    0x08000cac   0x08000cac   0x00000022   Code   RO          266    .text.vPortSetupTimerInterrupt  port.o
    0x08000cce   0x08000cce   0x00000002   PAD
    0x08000cd0   0x08000cd0   0x0000008c   Code   RO            4    .text.vSquareTask   main.o
    0x08000d5c   0x08000d5c   0x000000c2   Code   RO          399    .text.vTaskDelay    tasks.o
    0x08000e1e   0x08000e1e   0x00000002   PAD
    0x08000e20   0x08000e20   0x00000122   Code   RO          389    .text.vTaskDelete   tasks.o
    0x08000f42   0x08000f42   0x00000002   PAD
    0x08000f44   0x08000f44   0x0000001a   Code   RO          449    .text.vTaskInternalSetTimeOutState  tasks.o
    0x08000f5e   0x08000f5e   0x00000002   PAD
    0x08000f60   0x08000f60   0x0000000e   Code   RO          453    .text.vTaskMissedYield  tasks.o
    0x08000f6e   0x08000f6e   0x00000002   PAD
    0x08000f70   0x08000f70   0x00000032   Code   RO          439    .text.vTaskPlaceOnEventList  tasks.o
    0x08000fa2   0x08000fa2   0x00000002   PAD
    0x08000fa4   0x08000fa4   0x00000094   Code   RO          417    .text.vTaskStartScheduler  tasks.o
    0x08001038   0x08001038   0x00000010   Code   RO          393    .text.vTaskSuspendAll  tasks.o
    0x08001048   0x08001048   0x00000086   Code   RO          411    .text.vTaskSwitchContext  tasks.o
    0x080010ce   0x080010ce   0x00000002   PAD
    0x080010d0   0x080010d0   0x0000012e   Code   RO          264    .text.xPortStartScheduler  port.o
    0x080011fe   0x080011fe   0x00000002   PAD
    0x08001200   0x08001200   0x000000a6   Code   RO          326    .text.xQueueGenericCreate  queue.o
    0x080012a6   0x080012a6   0x00000002   PAD
    0x080012a8   0x080012a8   0x00000206   Code   RO          332    .text.xQueueGenericSend  queue.o
    0x080014ae   0x080014ae   0x00000002   PAD
    0x080014b0   0x080014b0   0x0000018c   Code   RO          346    .text.xQueueReceive  queue.o
    0x0800163c   0x0800163c   0x00000092   Code   RO          451    .text.xTaskCheckForTimeOut  tasks.o
    0x080016ce   0x080016ce   0x00000002   PAD
    0x080016d0   0x080016d0   0x00000204   Code   RO          387    .text.xTaskCreate   tasks.o
    0x080018d4   0x080018d4   0x000001ba   Code   RO          423    .text.xTaskIncrementTick  tasks.o
    0x08001a8e   0x08001a8e   0x00000002   PAD
    0x08001a90   0x08001a90   0x000000c6   Code   RO          465    .text.xTaskPriorityDisinherit  tasks.o
    0x08001b56   0x08001b56   0x00000002   PAD
    0x08001b58   0x08001b58   0x000000f0   Code   RO          443    .text.xTaskRemoveFromEventList  tasks.o
    0x08001c48   0x08001c48   0x00000184   Code   RO          397    .text.xTaskResumeAll  tasks.o
    0x08001dcc   0x08001dcc   0x0000001a   Code   RO          620    x$fpl$fpinit        fz_wm.l(fpinit.o)
    0x08001de6   0x08001de6   0x00000002   PAD
    0x08001de8   0x08001de8   0x00000004   Data   RO          488    .rodata.uxTopUsedPriority  tasks.o
    0x08001dec   0x08001dec   0x00000020   Data   RO          695    Region$$Table       anon$$obj.o


    Execution Region ER_RW (Exec base: 0x20000000, Load base: 0x08001e0c, Size: 0x00000008, Max: 0xffffffff, ABSOLUTE)

    Exec Addr    Load Addr    Size         Type   Attr      Idx    E Section Name        Object

    0x20000000   0x08001e0c   0x00000004   Data   RW           52    .data.SystemCoreClock  system_stm32f3xx.o
    0x20000004   0x08001e10   0x00000004   Data   RW          286    .data.uxCriticalNesting  port.o


    Execution Region ER_ZI (Exec base: 0x20000008, Load base: 0x08001e14, Size: 0x00002f90, Max: 0xffffffff, ABSOLUTE)

    Exec Addr    Load Addr    Size         Type   Attr      Idx    E Section Name        Object

    0x20000008        -       0x00000060   Zero   RW          560    .bss                c_w.l(libspace.o)
    0x20000068        -       0x00000004   Zero   RW          487    .bss.pxCurrentTCB   tasks.o
    0x2000006c        -       0x00000004   Zero   RW          498    .bss.pxDelayedTaskList  tasks.o
    0x20000070        -       0x00000004   Zero   RW          309    .bss.pxEnd          heap_4.o
    0x20000074        -       0x00000004   Zero   RW          499    .bss.pxOverflowDelayedTaskList  tasks.o
    0x20000078        -       0x00000064   Zero   RW          489    .bss.pxReadyTasksLists  tasks.o
    0x200000dc        -       0x00000008   Zero   RW           10    .bss.taskQueues     main.o
    0x200000e4        -       0x00002800   Zero   RW          315    .bss.ucHeap         heap_4.o
    0x200028e4        -       0x00000001   Zero   RW          284    .bss.ucMaxSysCallPriority  port.o
    0x200028e5   0x08001e14   0x00000003   PAD
    0x200028e8        -       0x00000004   Zero   RW          285    .bss.ulMaxPRIGROUPValue  port.o
    0x200028ec        -       0x00000004   Zero   RW          494    .bss.uxCurrentNumberOfTasks  tasks.o
    0x200028f0        -       0x00000004   Zero   RW          493    .bss.uxDeletedTasksWaitingCleanUp  tasks.o
    0x200028f4        -       0x00000004   Zero   RW          496    .bss.uxSchedulerSuspended  tasks.o
    0x200028f8        -       0x00000004   Zero   RW          491    .bss.uxTaskNumber   tasks.o
    0x200028fc        -       0x00000004   Zero   RW          490    .bss.uxTopReadyPriority  tasks.o
    0x20002900        -       0x00000014   Zero   RW          507    .bss.xDelayedTaskList1  tasks.o
    0x20002914        -       0x00000014   Zero   RW          508    .bss.xDelayedTaskList2  tasks.o
    0x20002928        -       0x00000004   Zero   RW          310    .bss.xFreeBytesRemaining  heap_4.o
    0x2000292c        -       0x00000004   Zero   RW          503    .bss.xIdleTaskHandle  tasks.o
    0x20002930        -       0x00000004   Zero   RW          312    .bss.xMinimumEverFreeBytesRemaining  heap_4.o
    0x20002934        -       0x00000004   Zero   RW          504    .bss.xNextTaskUnblockTime  tasks.o
    0x20002938        -       0x00000004   Zero   RW          506    .bss.xNumOfOverflows  tasks.o
    0x2000293c        -       0x00000004   Zero   RW          313    .bss.xNumberOfSuccessfulAllocations  heap_4.o
    0x20002940        -       0x00000004   Zero   RW          314    .bss.xNumberOfSuccessfulFrees  heap_4.o
    0x20002944        -       0x00000004   Zero   RW          505    .bss.xPendedTicks   tasks.o
    0x20002948        -       0x00000014   Zero   RW          502    .bss.xPendingReadyList  tasks.o
    0x2000295c        -       0x00000004   Zero   RW          495    .bss.xSchedulerRunning  tasks.o
    0x20002960        -       0x00000008   Zero   RW          311    .bss.xStart         heap_4.o
    0x20002968        -       0x00000014   Zero   RW          500    .bss.xSuspendedTaskList  tasks.o
    0x2000297c        -       0x00000014   Zero   RW          492    .bss.xTasksWaitingTermination  tasks.o
    0x20002990        -       0x00000004   Zero   RW          497    .bss.xTickCount     tasks.o
    0x20002994        -       0x00000004   Zero   RW          501    .bss.xYieldPending  tasks.o
    0x20002998        -       0x00000200   Zero   RW           39    HEAP                startup_stm32f334x8.o
    0x20002b98        -       0x00000400   Zero   RW           38    STACK               startup_stm32f334x8.o


==============================================================================

Image component sizes


      Code (inc. data)   RO Data    RW Data    ZI Data      Debug   Object Name

        78          0          0          0          0       1869   gpio.o
       610          0          0          0      10268       5394   heap_4.o
       150          0          0          0          0       2371   list.o
       464         28          0          0          8       3183   main.o
       784         16          0          4          5       4093   port.o
      1194          0          0          0          0      22715   queue.o
        64         26        392          0       1536        920   startup_stm32f334x8.o
        18          0          0          4          0       2363   system_stm32f3xx.o
      3110          8          4          0        260      36072   tasks.o

    ----------------------------------------------------------------------
      6552         78        428          8      12080      78980   Object Totals
         0          0         32          0          0          0   (incl. Generated)
        80          0          0          0          3          0   (incl. Padding)

    ----------------------------------------------------------------------

      Code (inc. data)   RO Data    RW Data    ZI Data      Debug   Library Member Name

         8          0          0          0          0         68   __main.o
         0          0          0          0          0          0   __rtentry.o
        12          0          0          0          0          0   __rtentry2.o
         6          0          0          0          0          0   __rtentry4.o
        52          8          0          0          0          0   __scatter.o
        26          0          0          0          0          0   __scatter_copy.o
        28          0          0          0          0          0   __scatter_zi.o
        16          0          0          0          0         68   aeabi_memset4.o
        18          0          0          0          0         80   exit.o
         6          0          0          0          0        152   heapauxi.o
         0          0          0          0          0          0   indicate_semi.o
         2          0          0          0          0          0   libinit.o
         6          0          0          0          0          0   libinit2.o
         2          0          0          0          0          0   libshutdown.o
         2          0          0          0          0          0   libshutdown2.o
         8          4          0          0         96         68   libspace.o
        68          0          0          0          0         68   rt_memclr.o
        78          0          0          0          0         80   rt_memclr_w.o
       138          0          0          0          0         68   rt_memcpy_v6.o
       100          0          0          0          0         80   rt_memcpy_w.o
         2          0          0          0          0          0   rtexit.o
        10          0          0          0          0          0   rtexit2.o
        12          4          0          0          0         68   sys_exit.o
        74          0          0          0          0         80   sys_stackheap_outer.o
         2          0          0          0          0         68   use_no_semi.o
        26          0          0          0          0        116   fpinit.o

    ----------------------------------------------------------------------
       712         16          0          0         96       1064   Library Totals
        10          0          0          0          0          0   (incl. Padding)

    ----------------------------------------------------------------------

      Code (inc. data)   RO Data    RW Data    ZI Data      Debug   Library Name

       676         16          0          0         96        948   c_w.l
        26          0          0          0          0        116   fz_wm.l

    ----------------------------------------------------------------------
       712         16          0          0         96       1064   Library Totals

    ----------------------------------------------------------------------

==============================================================================


      Code (inc. data)   RO Data    RW Data    ZI Data      Debug   

      7264         94        428          8      12176      79488   Grand Totals
      7264         94        428          8      12176      79488   ELF Image Totals
      7264         94        428          8          0          0   ROM Totals

==============================================================================

    Total RO  Size (Code + RO Data)                 7692 (   7.51kB)
    Total RW  Size (RW Data + ZI Data)             12184 (  11.90kB)
    Total ROM Size (Code + RO Data + RW Data)       7700 (   7.52kB)

==============================================================================

