Component: Arm Compiler for Embedded 6.19 Tool: armlink [5e73cb00]

==============================================================================

Section Cross References

    main.o(.text.main) refers to gpio.o(.text.setup_RCC) for setup_RCC
    main.o(.text.main) refers to gpio.o(.text.setup_GPIO) for setup_GPIO
    main.o(.text.main) refers to main.o(.text.vTask1) for vTask1
    main.o(.text.main) refers to tasks.o(.text.xTaskCreate) for xTaskCreate
    main.o(.text.main) refers to tasks.o(.text.vTaskStartScheduler) for vTaskStartScheduler
    main.o(.ARM.exidx.text.main) refers to main.o(.text.main) for [Anonymous Symbol]
    main.o(.text.vTask1) refers to gpio.o(.text.Access) for Access
    main.o(.text.vTask1) refers to gpio.o(.text.Release) for Release
    main.o(.text.vTask1) refers to tasks.o(.text.vTaskDelete) for vTaskDelete
    main.o(.ARM.exidx.text.vTask1) refers to main.o(.text.vTask1) for [Anonymous Symbol]
    main.o(.ARM.exidx.text.vSimpleDelay) refers to main.o(.text.vSimpleDelay) for [Anonymous Symbol]
    main.o(.text.vTask2) refers to gpio.o(.text.Access) for Access
    main.o(.text.vTask2) refers to gpio.o(.text.Release) for Release
    main.o(.text.vTask2) refers to tasks.o(.text.vTaskDelete) for vTaskDelete
    main.o(.ARM.exidx.text.vTask2) refers to main.o(.text.vTask2) for [Anonymous Symbol]
    gpio.o(.ARM.exidx.text.Access) refers to gpio.o(.text.Access) for [Anonymous Symbol]
    gpio.o(.ARM.exidx.text.Release) refers to gpio.o(.text.Release) for [Anonymous Symbol]
    gpio.o(.ARM.exidx.text.Check) refers to gpio.o(.text.Check) for [Anonymous Symbol]
    gpio.o(.ARM.exidx.text.setup_RCC) refers to gpio.o(.text.setup_RCC) for [Anonymous Symbol]
    gpio.o(.ARM.exidx.text.setup_GPIO) refers to gpio.o(.text.setup_GPIO) for [Anonymous Symbol]
    startup_stm32f10x_ld.o(RESET) refers to startup_stm32f10x_ld.o(STACK) for __initial_sp
    startup_stm32f10x_ld.o(RESET) refers to startup_stm32f10x_ld.o(.text) for Reset_Handler
    startup_stm32f10x_ld.o(RESET) refers to port.o(.text.SVC_Handler) for SVC_Handler
    startup_stm32f10x_ld.o(RESET) refers to port.o(.text.PendSV_Handler) for PendSV_Handler
    startup_stm32f10x_ld.o(RESET) refers to port.o(.text.SysTick_Handler) for SysTick_Handler
    startup_stm32f10x_ld.o(.text) refers to system_stm32f10x.o(.text.SystemInit) for SystemInit
    startup_stm32f10x_ld.o(.text) refers to entry.o(.ARM.Collect$$$$00000000) for __main
    system_stm32f10x.o(.ARM.exidx.text.SystemInit) refers to system_stm32f10x.o(.text.SystemInit) for [Anonymous Symbol]
    system_stm32f10x.o(.text.SystemCoreClockUpdate) refers to system_stm32f10x.o(.data.SystemCoreClock) for SystemCoreClock
    system_stm32f10x.o(.text.SystemCoreClockUpdate) refers to system_stm32f10x.o(.rodata.AHBPrescTable) for AHBPrescTable
    system_stm32f10x.o(.ARM.exidx.text.SystemCoreClockUpdate) refers to system_stm32f10x.o(.text.SystemCoreClockUpdate) for [Anonymous Symbol]
    freertos_evr.o(.ARM.exidx.text.EvrFreeRTOSTasks_TaskCreate) refers to freertos_evr.o(.text.EvrFreeRTOSTasks_TaskCreate) for [Anonymous Symbol]
    freertos_evr.o(.ARM.exidx.text.EvrFreeRTOSTasks_TaskCreateFailed) refers to freertos_evr.o(.text.EvrFreeRTOSTasks_TaskCreateFailed) for [Anonymous Symbol]
    freertos_evr.o(.ARM.exidx.text.EvrFreeRTOSTasks_TaskDelete) refers to freertos_evr.o(.text.EvrFreeRTOSTasks_TaskDelete) for [Anonymous Symbol]
    freertos_evr.o(.ARM.exidx.text.EvrFreeRTOSTasks_TaskDelayUntil) refers to freertos_evr.o(.text.EvrFreeRTOSTasks_TaskDelayUntil) for [Anonymous Symbol]
    freertos_evr.o(.ARM.exidx.text.EvrFreeRTOSTasks_TaskDelay) refers to freertos_evr.o(.text.EvrFreeRTOSTasks_TaskDelay) for [Anonymous Symbol]
    freertos_evr.o(.ARM.exidx.text.EvrFreeRTOSTasks_TaskPrioritySet) refers to freertos_evr.o(.text.EvrFreeRTOSTasks_TaskPrioritySet) for [Anonymous Symbol]
    freertos_evr.o(.ARM.exidx.text.EvrFreeRTOSTasks_TaskSuspend) refers to freertos_evr.o(.text.EvrFreeRTOSTasks_TaskSuspend) for [Anonymous Symbol]
    freertos_evr.o(.ARM.exidx.text.EvrFreeRTOSTasks_TaskResume) refers to freertos_evr.o(.text.EvrFreeRTOSTasks_TaskResume) for [Anonymous Symbol]
    freertos_evr.o(.ARM.exidx.text.EvrFreeRTOSTasks_TaskResumeFromIsr) refers to freertos_evr.o(.text.EvrFreeRTOSTasks_TaskResumeFromIsr) for [Anonymous Symbol]
    freertos_evr.o(.ARM.exidx.text.EvrFreeRTOSTasks_TaskIncrementTick) refers to freertos_evr.o(.text.EvrFreeRTOSTasks_TaskIncrementTick) for [Anonymous Symbol]
    freertos_evr.o(.ARM.exidx.text.EvrFreeRTOSTasks_IncreaseTickCount) refers to freertos_evr.o(.text.EvrFreeRTOSTasks_IncreaseTickCount) for [Anonymous Symbol]
    freertos_evr.o(.ARM.exidx.text.EvrFreeRTOSTasks_TaskSwitchedOut) refers to freertos_evr.o(.text.EvrFreeRTOSTasks_TaskSwitchedOut) for [Anonymous Symbol]
[...]
    tasks.o(.text.vTaskSuspend) refers to port.o(.text.vPortEnterCritical) for vPortEnterCritical
    tasks.o(.text.vTaskSuspend) refers to tasks.o(.bss.pxCurrentTCB) for pxCurrentTCB
    tasks.o(.text.vTaskSuspend) refers to list.o(.text.uxListRemove) for uxListRemove
    tasks.o(.text.vTaskSuspend) refers to tasks.o(.bss.pxReadyTasksLists) for pxReadyTasksLists
    tasks.o(.text.vTaskSuspend) refers to tasks.o(.bss.uxTopReadyPriority) for uxTopReadyPriority
    tasks.o(.text.vTaskSuspend) refers to tasks.o(.bss.xSuspendedTaskList) for xSuspendedTaskList
    tasks.o(.text.vTaskSuspend) refers to list.o(.text.vListInsertEnd) for vListInsertEnd
    tasks.o(.text.vTaskSuspend) refers to port.o(.text.vPortExitCritical) for vPortExitCritical
    tasks.o(.text.vTaskSuspend) refers to tasks.o(.bss.xSchedulerRunning) for xSchedulerRunning
    tasks.o(.text.vTaskSuspend) refers to tasks.o(.bss.pxDelayedTaskList) for pxDelayedTaskList
    tasks.o(.text.vTaskSuspend) refers to tasks.o(.bss.xNextTaskUnblockTime) for xNextTaskUnblockTime
    tasks.o(.text.vTaskSuspend) refers to tasks.o(.bss.uxSchedulerSuspended) for uxSchedulerSuspended
    tasks.o(.text.vTaskSuspend) refers to tasks.o(.bss.uxCurrentNumberOfTasks) for uxCurrentNumberOfTasks
    tasks.o(.text.vTaskSuspend) refers to tasks.o(.bss.xYieldPending) for xYieldPending
    tasks.o(.ARM.exidx.text.vTaskSuspend) refers to tasks.o(.text.vTaskSuspend) for [Anonymous Symbol]
    tasks.o(.text.vTaskSwitchContext) refers to tasks.o(.bss.uxSchedulerSuspended) for uxSchedulerSuspended
    tasks.o(.text.vTaskSwitchContext) refers to tasks.o(.bss.xYieldPending) for xYieldPending
    tasks.o(.text.vTaskSwitchContext) refers to tasks.o(.bss.uxTopReadyPriority) for uxTopReadyPriority
    tasks.o(.text.vTaskSwitchContext) refers to tasks.o(.bss.pxReadyTasksLists) for pxReadyTasksLists
    tasks.o(.text.vTaskSwitchContext) refers to tasks.o(.bss.pxCurrentTCB) for pxCurrentTCB
    tasks.o(.ARM.exidx.text.vTaskSwitchContext) refers to tasks.o(.text.vTaskSwitchContext) for [Anonymous Symbol]
    tasks.o(.text.vTaskResume) refers to tasks.o(.bss.pxCurrentTCB) for pxCurrentTCB
    tasks.o(.text.vTaskResume) refers to port.o(.text.vPortEnterCritical) for vPortEnterCritical
    tasks.o(.text.vTaskResume) refers to tasks.o(.bss.xSuspendedTaskList) for xSuspendedTaskList
    tasks.o(.text.vTaskResume) refers to port.o(.text.vPortExitCritical) for vPortExitCritical
    tasks.o(.text.vTaskResume) refers to list.o(.text.uxListRemove) for uxListRemove
    tasks.o(.text.vTaskResume) refers to tasks.o(.bss.uxTopReadyPriority) for uxTopReadyPriority
    tasks.o(.text.vTaskResume) refers to tasks.o(.bss.pxReadyTasksLists) for pxReadyTasksLists
    tasks.o(.ARM.exidx.text.vTaskResume) refers to tasks.o(.text.vTaskResume) for [Anonymous Symbol]
    tasks.o(.text.xTaskResumeFromISR) refers to port.o(.text.vPortValidateInterruptPriority) for vPortValidateInterruptPriority
    tasks.o(.text.xTaskResumeFromISR) refers to tasks.o(.bss.xSuspendedTaskList) for xSuspendedTaskList
    tasks.o(.text.xTaskResumeFromISR) refers to tasks.o(.bss.uxSchedulerSuspended) for uxSchedulerSuspended
    tasks.o(.text.xTaskResumeFromISR) refers to tasks.o(.bss.xPendingReadyList) for xPendingReadyList
    tasks.o(.text.xTaskResumeFromISR) refers to list.o(.text.vListInsertEnd) for vListInsertEnd
    tasks.o(.text.xTaskResumeFromISR) refers to tasks.o(.bss.pxCurrentTCB) for pxCurrentTCB
    tasks.o(.text.xTaskResumeFromISR) refers to tasks.o(.bss.xYieldPending) for xYieldPending
    tasks.o(.text.xTaskResumeFromISR) refers to list.o(.text.uxListRemove) for uxListRemove
    tasks.o(.text.xTaskResumeFromISR) refers to tasks.o(.bss.uxTopReadyPriority) for uxTopReadyPriority
    tasks.o(.text.xTaskResumeFromISR) refers to tasks.o(.bss.pxReadyTasksLists) for pxReadyTasksLists
    tasks.o(.ARM.exidx.text.xTaskResumeFromISR) refers to tasks.o(.text.xTaskResumeFromISR) for [Anonymous Symbol]
    tasks.o(.text.vTaskStartScheduler) refers to tasks.o(.bss.xIdleTaskHandle) for xIdleTaskHandle
    tasks.o(.text.vTaskStartScheduler) refers to tasks.o(.text.prvIdleTask) for prvIdleTask
    tasks.o(.text.vTaskStartScheduler) refers to tasks.o(.text.xTaskCreate) for xTaskCreate
    tasks.o(.text.vTaskStartScheduler) refers to tasks.o(.bss.xNextTaskUnblockTime) for xNextTaskUnblockTime
    tasks.o(.text.vTaskStartScheduler) refers to tasks.o(.bss.xSchedulerRunning) for xSchedulerRunning
    tasks.o(.text.vTaskStartScheduler) refers to tasks.o(.bss.xTickCount) for xTickCount
    tasks.o(.text.vTaskStartScheduler) refers to port.o(.text.xPortStartScheduler) for xPortStartScheduler
    tasks.o(.text.vTaskStartScheduler) refers to tasks.o(.rodata.uxTopUsedPriority) for uxTopUsedPriority
    tasks.o(.ARM.exidx.text.vTaskStartScheduler) refers to tasks.o(.text.vTaskStartScheduler) for [Anonymous Symbol]
    tasks.o(.text.prvIdleTask) refers to tasks.o(.bss.uxDeletedTasksWaitingCleanUp) for uxDeletedTasksWaitingCleanUp
    tasks.o(.text.prvIdleTask) refers to tasks.o(.bss.pxReadyTasksLists) for pxReadyTasksLists
    tasks.o(.text.prvIdleTask) refers to tasks.o(.bss.xTasksWaitingTermination) for xTasksWaitingTermination
    tasks.o(.text.prvIdleTask) refers to tasks.o(.bss.uxCurrentNumberOfTasks) for uxCurrentNumberOfTasks
    tasks.o(.text.prvIdleTask) refers to port.o(.text.vPortEnterCritical) for vPortEnterCritical
    tasks.o(.text.prvIdleTask) refers to list.o(.text.uxListRemove) for uxListRemove
    tasks.o(.text.prvIdleTask) refers to port.o(.text.vPortExitCritical) for vPortExitCritical
    tasks.o(.text.prvIdleTask) refers to heap_4.o(.text.vPortFree) for vPortFree
    tasks.o(.ARM.exidx.text.prvIdleTask) refers to tasks.o(.text.prvIdleTask) for [Anonymous Symbol]
    tasks.o(.text.vTaskEndScheduler) refers to tasks.o(.bss.xSchedulerRunning) for xSchedulerRunning
    tasks.o(.text.vTaskEndScheduler) refers to port.o(.text.vPortEndScheduler) for vPortEndScheduler
    tasks.o(.ARM.exidx.text.vTaskEndScheduler) refers to tasks.o(.text.vTaskEndScheduler) for [Anonymous Symbol]
    tasks.o(.text.xTaskIncrementTick) refers to tasks.o(.bss.uxSchedulerSuspended) for uxSchedulerSuspended
    tasks.o(.text.xTaskIncrementTick) refers to tasks.o(.bss.xPendedTicks) for xPendedTicks
    tasks.o(.text.xTaskIncrementTick) refers to tasks.o(.bss.xTickCount) for xTickCount
    tasks.o(.text.xTaskIncrementTick) refers to tasks.o(.bss.pxDelayedTaskList) for pxDelayedTaskList
    tasks.o(.text.xTaskIncrementTick) refers to tasks.o(.bss.pxOverflowDelayedTaskList) for pxOverflowDelayedTaskList
    tasks.o(.text.xTaskIncrementTick) refers to tasks.o(.bss.xNumOfOverflows) for xNumOfOverflows
    tasks.o(.text.xTaskIncrementTick) refers to tasks.o(.bss.xNextTaskUnblockTime) for xNextTaskUnblockTime
    tasks.o(.text.xTaskIncrementTick) refers to tasks.o(.bss.pxReadyTasksLists) for pxReadyTasksLists
    tasks.o(.text.xTaskIncrementTick) refers to tasks.o(.bss.uxTopReadyPriority) for uxTopReadyPriority
    tasks.o(.text.xTaskIncrementTick) refers to tasks.o(.bss.pxCurrentTCB) for pxCurrentTCB
    tasks.o(.text.xTaskIncrementTick) refers to tasks.o(.bss.xYieldPending) for xYieldPending
    tasks.o(.ARM.exidx.text.xTaskIncrementTick) refers to tasks.o(.text.xTaskIncrementTick) for [Anonymous Symbol]
    tasks.o(.text.xTaskGetTickCount) refers to tasks.o(.bss.xTickCount) for xTickCount
    tasks.o(.ARM.exidx.text.xTaskGetTickCount) refers to tasks.o(.text.xTaskGetTickCount) for [Anonymous Symbol]
    tasks.o(.text.xTaskGetTickCountFromISR) refers to port.o(.text.vPortValidateInterruptPriority) for vPortValidateInterruptPriority
    tasks.o(.text.xTaskGetTickCountFromISR) refers to tasks.o(.bss.xTickCount) for xTickCount
    tasks.o(.ARM.exidx.text.xTaskGetTickCountFromISR) refers to tasks.o(.text.xTaskGetTickCountFromISR) for [Anonymous Symbol]
    tasks.o(.text.uxTaskGetNumberOfTasks) refers to tasks.o(.bss.uxCurrentNumberOfTasks) for uxCurrentNumberOfTasks
    tasks.o(.ARM.exidx.text.uxTaskGetNumberOfTasks) refers to tasks.o(.text.uxTaskGetNumberOfTasks) for [Anonymous Symbol]
    tasks.o(.text.pcTaskGetName) refers to tasks.o(.bss.pxCurrentTCB) for pxCurrentTCB
    tasks.o(.ARM.exidx.text.pcTaskGetName) refers to tasks.o(.text.pcTaskGetName) for [Anonymous Symbol]
    tasks.o(.text.uxTaskGetSystemState) refers to tasks.o(.bss.uxSchedulerSuspended) for uxSchedulerSuspended
    tasks.o(.text.uxTaskGetSystemState) refers to tasks.o(.bss.uxCurrentNumberOfTasks) for uxCurrentNumberOfTasks
    tasks.o(.text.uxTaskGetSystemState) refers to tasks.o(.bss.pxReadyTasksLists) for pxReadyTasksLists
    tasks.o(.text.uxTaskGetSystemState) refers to tasks.o(.bss.pxCurrentTCB) for pxCurrentTCB
    tasks.o(.text.uxTaskGetSystemState) refers to tasks.o(.bss.pxDelayedTaskList) for pxDelayedTaskList
    tasks.o(.text.uxTaskGetSystemState) refers to tasks.o(.bss.pxOverflowDelayedTaskList) for pxOverflowDelayedTaskList
    tasks.o(.text.uxTaskGetSystemState) refers to tasks.o(.bss.xTasksWaitingTermination) for xTasksWaitingTermination
    tasks.o(.text.uxTaskGetSystemState) refers to tasks.o(.bss.xSuspendedTaskList) for xSuspendedTaskList
    tasks.o(.text.uxTaskGetSystemState) refers to tasks.o(.text.xTaskResumeAll) for xTaskResumeAll
    tasks.o(.ARM.exidx.text.uxTaskGetSystemState) refers to tasks.o(.text.uxTaskGetSystemState) for [Anonymous Symbol]
    tasks.o(.text.xTaskGetIdleTaskHandle) refers to tasks.o(.bss.xIdleTaskHandle) for xIdleTaskHandle
    tasks.o(.ARM.exidx.text.xTaskGetIdleTaskHandle) refers to tasks.o(.text.xTaskGetIdleTaskHandle) for [Anonymous Symbol]
    tasks.o(.text.xTaskCatchUpTicks) refers to tasks.o(.bss.uxSchedulerSuspended) for uxSchedulerSuspended
    tasks.o(.text.xTaskCatchUpTicks) refers to port.o(.text.vPortEnterCritical) for vPortEnterCritical
    tasks.o(.text.xTaskCatchUpTicks) refers to tasks.o(.bss.xPendedTicks) for xPendedTicks
    tasks.o(.text.xTaskCatchUpTicks) refers to port.o(.text.vPortExitCritical) for vPortExitCritical
    tasks.o(.text.xTaskCatchUpTicks) refers to tasks.o(.text.xTaskResumeAll) for xTaskResumeAll
    tasks.o(.ARM.exidx.text.xTaskCatchUpTicks) refers to tasks.o(.text.xTaskCatchUpTicks) for [Anonymous Symbol]
    tasks.o(.text.vTaskPlaceOnEventList) refers to tasks.o(.bss.pxCurrentTCB) for pxCurrentTCB
    tasks.o(.text.vTaskPlaceOnEventList) refers to list.o(.text.vListInsert) for vListInsert
    tasks.o(.text.vTaskPlaceOnEventList) refers to tasks.o(.text.prvAddCurrentTaskToDelayedList) for prvAddCurrentTaskToDelayedList
    tasks.o(.ARM.exidx.text.vTaskPlaceOnEventList) refers to tasks.o(.text.vTaskPlaceOnEventList) for [Anonymous Symbol]
    tasks.o(.text.vTaskPlaceOnUnorderedEventList) refers to tasks.o(.bss.uxSchedulerSuspended) for uxSchedulerSuspended
    tasks.o(.text.vTaskPlaceOnUnorderedEventList) refers to tasks.o(.bss.pxCurrentTCB) for pxCurrentTCB
    tasks.o(.text.vTaskPlaceOnUnorderedEventList) refers to tasks.o(.text.prvAddCurrentTaskToDelayedList) for prvAddCurrentTaskToDelayedList
    tasks.o(.ARM.exidx.text.vTaskPlaceOnUnorderedEventList) refers to tasks.o(.text.vTaskPlaceOnUnorderedEventList) for [Anonymous Symbol]
    tasks.o(.text.xTaskRemoveFromEventList) refers to tasks.o(.bss.uxSchedulerSuspended) for uxSchedulerSuspended
    tasks.o(.text.xTaskRemoveFromEventList) refers to tasks.o(.bss.xPendingReadyList) for xPendingReadyList
    tasks.o(.text.xTaskRemoveFromEventList) refers to tasks.o(.bss.uxTopReadyPriority) for uxTopReadyPriority
    tasks.o(.text.xTaskRemoveFromEventList) refers to tasks.o(.bss.pxReadyTasksLists) for pxReadyTasksLists
    tasks.o(.text.xTaskRemoveFromEventList) refers to tasks.o(.bss.pxCurrentTCB) for pxCurrentTCB
    tasks.o(.text.xTaskRemoveFromEventList) refers to tasks.o(.bss.xYieldPending) for xYieldPending
    tasks.o(.ARM.exidx.text.xTaskRemoveFromEventList) refers to tasks.o(.text.xTaskRemoveFromEventList) for [Anonymous Symbol]
    tasks.o(.text.vTaskRemoveFromUnorderedEventList) refers to tasks.o(.bss.uxSchedulerSuspended) for uxSchedulerSuspended
    tasks.o(.text.vTaskRemoveFromUnorderedEventList) refers to tasks.o(.bss.uxTopReadyPriority) for uxTopReadyPriority
    tasks.o(.text.vTaskRemoveFromUnorderedEventList) refers to tasks.o(.bss.pxReadyTasksLists) for pxReadyTasksLists
    tasks.o(.text.vTaskRemoveFromUnorderedEventList) refers to tasks.o(.bss.pxCurrentTCB) for pxCurrentTCB
    tasks.o(.text.vTaskRemoveFromUnorderedEventList) refers to tasks.o(.bss.xYieldPending) for xYieldPending
    tasks.o(.ARM.exidx.text.vTaskRemoveFromUnorderedEventList) refers to tasks.o(.text.vTaskRemoveFromUnorderedEventList) for [Anonymous Symbol]
    tasks.o(.text.vTaskSetTimeOutState) refers to port.o(.text.vPortEnterCritical) for vPortEnterCritical
    tasks.o(.text.vTaskSetTimeOutState) refers to tasks.o(.bss.xNumOfOverflows) for xNumOfOverflows
    tasks.o(.text.vTaskSetTimeOutState) refers to tasks.o(.bss.xTickCount) for xTickCount
    tasks.o(.text.vTaskSetTimeOutState) refers to port.o(.text.vPortExitCritical) for vPortExitCritical
    tasks.o(.ARM.exidx.text.vTaskSetTimeOutState) refers to tasks.o(.text.vTaskSetTimeOutState) for [Anonymous Symbol]
    tasks.o(.text.vTaskInternalSetTimeOutState) refers to tasks.o(.bss.xNumOfOverflows) for xNumOfOverflows
    tasks.o(.text.vTaskInternalSetTimeOutState) refers to tasks.o(.bss.xTickCount) for xTickCount
    tasks.o(.ARM.exidx.text.vTaskInternalSetTimeOutState) refers to tasks.o(.text.vTaskInternalSetTimeOutState) for [Anonymous Symbol]
    tasks.o(.text.xTaskCheckForTimeOut) refers to port.o(.text.vPortEnterCritical) for vPortEnterCritical
    tasks.o(.text.xTaskCheckForTimeOut) refers to tasks.o(.bss.xTickCount) for xTickCount
    tasks.o(.text.xTaskCheckForTimeOut) refers to tasks.o(.bss.xNumOfOverflows) for xNumOfOverflows
    tasks.o(.text.xTaskCheckForTimeOut) refers to port.o(.text.vPortExitCritical) for vPortExitCritical
    tasks.o(.ARM.exidx.text.xTaskCheckForTimeOut) refers to tasks.o(.text.xTaskCheckForTimeOut) for [Anonymous Symbol]
    tasks.o(.text.vTaskMissedYield) refers to tasks.o(.bss.xYieldPending) for xYieldPending
    tasks.o(.ARM.exidx.text.vTaskMissedYield) refers to tasks.o(.text.vTaskMissedYield) for [Anonymous Symbol]
    tasks.o(.ARM.exidx.text.uxTaskGetTaskNumber) refers to tasks.o(.text.uxTaskGetTaskNumber) for [Anonymous Symbol]
    tasks.o(.ARM.exidx.text.vTaskSetTaskNumber) refers to tasks.o(.text.vTaskSetTaskNumber) for [Anonymous Symbol]
    tasks.o(.text.vTaskGetInfo) refers to tasks.o(.bss.pxCurrentTCB) for pxCurrentTCB
    tasks.o(.text.vTaskGetInfo) refers to port.o(.text.vPortEnterCritical) for vPortEnterCritical
    tasks.o(.text.vTaskGetInfo) refers to tasks.o(.bss.pxDelayedTaskList) for pxDelayedTaskList
    tasks.o(.text.vTaskGetInfo) refers to tasks.o(.bss.pxOverflowDelayedTaskList) for pxOverflowDelayedTaskList
    tasks.o(.text.vTaskGetInfo) refers to port.o(.text.vPortExitCritical) for vPortExitCritical
    tasks.o(.text.vTaskGetInfo) refers to tasks.o(.bss.xSuspendedTaskList) for xSuspendedTaskList
    tasks.o(.text.vTaskGetInfo) refers to tasks.o(.bss.xTasksWaitingTermination) for xTasksWaitingTermination
    tasks.o(.text.vTaskGetInfo) refers to tasks.o(.bss.uxSchedulerSuspended) for uxSchedulerSuspended
    tasks.o(.text.vTaskGetInfo) refers to tasks.o(.text.xTaskResumeAll) for xTaskResumeAll
    tasks.o(.ARM.exidx.text.vTaskGetInfo) refers to tasks.o(.text.vTaskGetInfo) for [Anonymous Symbol]
    tasks.o(.text.xTaskGetCurrentTaskHandle) refers to tasks.o(.bss.pxCurrentTCB) for pxCurrentTCB
    tasks.o(.ARM.exidx.text.xTaskGetCurrentTaskHandle) refers to tasks.o(.text.xTaskGetCurrentTaskHandle) for [Anonymous Symbol]
    tasks.o(.text.xTaskPriorityInherit) refers to tasks.o(.bss.pxCurrentTCB) for pxCurrentTCB
    tasks.o(.text.xTaskPriorityInherit) refers to tasks.o(.bss.pxReadyTasksLists) for pxReadyTasksLists
    tasks.o(.text.xTaskPriorityInherit) refers to list.o(.text.uxListRemove) for uxListRemove
    tasks.o(.text.xTaskPriorityInherit) refers to tasks.o(.bss.uxTopReadyPriority) for uxTopReadyPriority
    tasks.o(.ARM.exidx.text.xTaskPriorityInherit) refers to tasks.o(.text.xTaskPriorityInherit) for [Anonymous Symbol]
    tasks.o(.text.xTaskPriorityDisinherit) refers to tasks.o(.bss.pxCurrentTCB) for pxCurrentTCB
    tasks.o(.text.xTaskPriorityDisinherit) refers to list.o(.text.uxListRemove) for uxListRemove
    tasks.o(.text.xTaskPriorityDisinherit) refers to tasks.o(.bss.uxTopReadyPriority) for uxTopReadyPriority
    tasks.o(.text.xTaskPriorityDisinherit) refers to tasks.o(.bss.pxReadyTasksLists) for pxReadyTasksLists
    tasks.o(.ARM.exidx.text.xTaskPriorityDisinherit) refers to tasks.o(.text.xTaskPriorityDisinherit) for [Anonymous Symbol]
    tasks.o(.text.vTaskPriorityDisinheritAfterTimeout) refers to tasks.o(.bss.pxCurrentTCB) for pxCurrentTCB
    tasks.o(.text.vTaskPriorityDisinheritAfterTimeout) refers to tasks.o(.bss.pxReadyTasksLists) for pxReadyTasksLists
    tasks.o(.text.vTaskPriorityDisinheritAfterTimeout) refers to list.o(.text.uxListRemove) for uxListRemove
    tasks.o(.text.vTaskPriorityDisinheritAfterTimeout) refers to tasks.o(.bss.uxTopReadyPriority) for uxTopReadyPriority
    tasks.o(.ARM.exidx.text.vTaskPriorityDisinheritAfterTimeout) refers to tasks.o(.text.vTaskPriorityDisinheritAfterTimeout) for [Anonymous Symbol]
    tasks.o(.text.uxTaskResetEventItemValue) refers to tasks.o(.bss.pxCurrentTCB) for pxCurrentTCB
    tasks.o(.ARM.exidx.text.uxTaskResetEventItemValue) refers to tasks.o(.text.uxTaskResetEventItemValue) for [Anonymous Symbol]
    tasks.o(.text.pvTaskIncrementMutexHeldCount) refers to tasks.o(.bss.pxCurrentTCB) for pxCurrentTCB
    tasks.o(.ARM.exidx.text.pvTaskIncrementMutexHeldCount) refers to tasks.o(.text.pvTaskIncrementMutexHeldCount) for [Anonymous Symbol]
    tasks.o(.text.ulTaskGenericNotifyTake) refers to port.o(.text.vPortEnterCritical) for vPortEnterCritical
    tasks.o(.text.ulTaskGenericNotifyTake) refers to tasks.o(.bss.pxCurrentTCB) for pxCurrentTCB
    tasks.o(.text.ulTaskGenericNotifyTake) refers to tasks.o(.text.prvAddCurrentTaskToDelayedList) for prvAddCurrentTaskToDelayedList
    tasks.o(.text.ulTaskGenericNotifyTake) refers to port.o(.text.vPortExitCritical) for vPortExitCritical
    tasks.o(.ARM.exidx.text.ulTaskGenericNotifyTake) refers to tasks.o(.text.ulTaskGenericNotifyTake) for [Anonymous Symbol]
    tasks.o(.text.xTaskGenericNotifyWait) refers to port.o(.text.vPortEnterCritical) for vPortEnterCritical
    tasks.o(.text.xTaskGenericNotifyWait) refers to tasks.o(.bss.pxCurrentTCB) for pxCurrentTCB
    tasks.o(.text.xTaskGenericNotifyWait) refers to tasks.o(.text.prvAddCurrentTaskToDelayedList) for prvAddCurrentTaskToDelayedList
    tasks.o(.text.xTaskGenericNotifyWait) refers to port.o(.text.vPortExitCritical) for vPortExitCritical
    tasks.o(.ARM.exidx.text.xTaskGenericNotifyWait) refers to tasks.o(.text.xTaskGenericNotifyWait) for [Anonymous Symbol]
    tasks.o(.text.xTaskGenericNotify) refers to port.o(.text.vPortEnterCritical) for vPortEnterCritical
    tasks.o(.text.xTaskGenericNotify) refers to tasks.o(.bss.xTickCount) for xTickCount
    tasks.o(.text.xTaskGenericNotify) refers to tasks.o(.bss.uxTopReadyPriority) for uxTopReadyPriority
    tasks.o(.text.xTaskGenericNotify) refers to tasks.o(.bss.pxReadyTasksLists) for pxReadyTasksLists
    tasks.o(.text.xTaskGenericNotify) refers to tasks.o(.bss.pxCurrentTCB) for pxCurrentTCB
    tasks.o(.text.xTaskGenericNotify) refers to port.o(.text.vPortExitCritical) for vPortExitCritical
    tasks.o(.ARM.exidx.text.xTaskGenericNotify) refers to tasks.o(.text.xTaskGenericNotify) for [Anonymous Symbol]
    tasks.o(.text.xTaskGenericNotifyFromISR) refers to port.o(.text.vPortValidateInterruptPriority) for vPortValidateInterruptPriority
    tasks.o(.text.xTaskGenericNotifyFromISR) refers to tasks.o(.bss.xTickCount) for xTickCount
    tasks.o(.text.xTaskGenericNotifyFromISR) refers to tasks.o(.bss.uxSchedulerSuspended) for uxSchedulerSuspended
    tasks.o(.text.xTaskGenericNotifyFromISR) refers to tasks.o(.bss.xPendingReadyList) for xPendingReadyList
    tasks.o(.text.xTaskGenericNotifyFromISR) refers to tasks.o(.bss.uxTopReadyPriority) for uxTopReadyPriority
    tasks.o(.text.xTaskGenericNotifyFromISR) refers to tasks.o(.bss.pxReadyTasksLists) for pxReadyTasksLists
    tasks.o(.text.xTaskGenericNotifyFromISR) refers to tasks.o(.bss.pxCurrentTCB) for pxCurrentTCB
    tasks.o(.text.xTaskGenericNotifyFromISR) refers to tasks.o(.bss.xYieldPending) for xYieldPending
    tasks.o(.ARM.exidx.text.xTaskGenericNotifyFromISR) refers to tasks.o(.text.xTaskGenericNotifyFromISR) for [Anonymous Symbol]
    tasks.o(.text.vTaskGenericNotifyGiveFromISR) refers to port.o(.text.vPortValidateInterruptPriority) for vPortValidateInterruptPriority
    tasks.o(.text.vTaskGenericNotifyGiveFromISR) refers to tasks.o(.bss.uxSchedulerSuspended) for uxSchedulerSuspended
    tasks.o(.text.vTaskGenericNotifyGiveFromISR) refers to tasks.o(.bss.xPendingReadyList) for xPendingReadyList
    tasks.o(.text.vTaskGenericNotifyGiveFromISR) refers to tasks.o(.bss.uxTopReadyPriority) for uxTopReadyPriority
    tasks.o(.text.vTaskGenericNotifyGiveFromISR) refers to tasks.o(.bss.pxReadyTasksLists) for pxReadyTasksLists
    tasks.o(.text.vTaskGenericNotifyGiveFromISR) refers to tasks.o(.bss.pxCurrentTCB) for pxCurrentTCB
    tasks.o(.text.vTaskGenericNotifyGiveFromISR) refers to tasks.o(.bss.xYieldPending) for xYieldPending
    tasks.o(.ARM.exidx.text.vTaskGenericNotifyGiveFromISR) refers to tasks.o(.text.vTaskGenericNotifyGiveFromISR) for [Anonymous Symbol]
    tasks.o(.text.xTaskGenericNotifyStateClear) refers to tasks.o(.bss.pxCurrentTCB) for pxCurrentTCB
    tasks.o(.text.xTaskGenericNotifyStateClear) refers to port.o(.text.vPortEnterCritical) for vPortEnterCritical
    tasks.o(.text.xTaskGenericNotifyStateClear) refers to port.o(.text.vPortExitCritical) for vPortExitCritical
    tasks.o(.ARM.exidx.text.xTaskGenericNotifyStateClear) refers to tasks.o(.text.xTaskGenericNotifyStateClear) for [Anonymous Symbol]
    tasks.o(.text.ulTaskGenericNotifyValueClear) refers to tasks.o(.bss.pxCurrentTCB) for pxCurrentTCB
    tasks.o(.text.ulTaskGenericNotifyValueClear) refers to port.o(.text.vPortEnterCritical) for vPortEnterCritical
    tasks.o(.text.ulTaskGenericNotifyValueClear) refers to port.o(.text.vPortExitCritical) for vPortExitCritical
    tasks.o(.ARM.exidx.text.ulTaskGenericNotifyValueClear) refers to tasks.o(.text.ulTaskGenericNotifyValueClear) for [Anonymous Symbol]
    entry.o(.ARM.Collect$$$$00000000) refers (Special) to entry10a.o(.ARM.Collect$$$$0000000D) for __rt_final_cpp
    entry.o(.ARM.Collect$$$$00000000) refers (Special) to entry11a.o(.ARM.Collect$$$$0000000F) for __rt_final_exit
    entry.o(.ARM.Collect$$$$00000000) refers (Special) to entry7b.o(.ARM.Collect$$$$00000008) for _main_clock
    entry.o(.ARM.Collect$$$$00000000) refers (Special) to entry8b.o(.ARM.Collect$$$$0000000A) for _main_cpp_init
    entry.o(.ARM.Collect$$$$00000000) refers (Special) to entry9a.o(.ARM.Collect$$$$0000000B) for _main_init
    entry.o(.ARM.Collect$$$$00000000) refers (Special) to entry5.o(.ARM.Collect$$$$00000004) for _main_scatterload
    entry.o(.ARM.Collect$$$$00000000) refers (Special) to entry2.o(.ARM.Collect$$$$00000001) for _main_stk
    entry2.o(.ARM.Collect$$$$00000001) refers to entry2.o(.ARM.Collect$$$$00002712) for __lit__00000000
    entry2.o(.ARM.Collect$$$$00002712) refers to startup_stm32f10x_ld.o(STACK) for __initial_sp
    entry2.o(__vectab_stack_and_reset_area) refers to startup_stm32f10x_ld.o(STACK) for __initial_sp
    entry2.o(__vectab_stack_and_reset_area) refers to entry.o(.ARM.Collect$$$$00000000) for __main
    entry5.o(.ARM.Collect$$$$00000004) refers to init.o(.text) for __scatterload
    entry9a.o(.ARM.Collect$$$$0000000B) refers to main.o(.text.main) for main
    entry9b.o(.ARM.Collect$$$$0000000C) refers to main.o(.text.main) for main
    init.o(.text) refers to entry5.o(.ARM.Collect$$$$00000004) for __main_after_scatterload


==============================================================================

Removing Unused input sections from the image.

    Removing main.o(.text), (0 bytes).
    Removing main.o(.ARM.exidx.text.main), (8 bytes).
    Removing main.o(.ARM.exidx.text.vTask1), (8 bytes).
    Removing main.o(.text.vSimpleDelay), (16 bytes).
    Removing main.o(.ARM.exidx.text.vSimpleDelay), (8 bytes).
    Removing main.o(.text.vTask2), (62 bytes).
    Removing main.o(.ARM.exidx.text.vTask2), (8 bytes).
    Removing main.o(.ARM.use_no_argv), (4 bytes).
    Removing gpio.o(.text), (0 bytes).
    Removing gpio.o(.ARM.exidx.text.Access), (8 bytes).
    Removing gpio.o(.ARM.exidx.text.Release), (8 bytes).
    Removing gpio.o(.text.Check), (2 bytes).
    Removing gpio.o(.ARM.exidx.text.Check), (8 bytes).
    Removing gpio.o(.ARM.exidx.text.setup_RCC), (8 bytes).
    Removing gpio.o(.ARM.exidx.text.setup_GPIO), (8 bytes).
    Removing startup_stm32f10x_ld.o(HEAP), (512 bytes).
    Removing system_stm32f10x.o(.text), (0 bytes).
    Removing system_stm32f10x.o(.ARM.exidx.text.SystemInit), (8 bytes).
    Removing system_stm32f10x.o(.text.SystemCoreClockUpdate), (110 bytes).
    Removing system_stm32f10x.o(.ARM.exidx.text.SystemCoreClockUpdate), (8 bytes).
    Removing system_stm32f10x.o(.rodata.AHBPrescTable), (16 bytes).
    Removing freertos_evr.o(.text), (0 bytes).
    Removing freertos_evr.o(.text.EvrFreeRTOSTasks_TaskCreate), (2 bytes).
    Removing freertos_evr.o(.ARM.exidx.text.EvrFreeRTOSTasks_TaskCreate), (8 bytes).
    Removing freertos_evr.o(.text.EvrFreeRTOSTasks_TaskCreateFailed), (2 bytes).
    Removing freertos_evr.o(.ARM.exidx.text.EvrFreeRTOSTasks_TaskCreateFailed), (8 bytes).
    Removing freertos_evr.o(.text.EvrFreeRTOSTasks_TaskDelete), (2 bytes).
    Removing freertos_evr.o(.ARM.exidx.text.EvrFreeRTOSTasks_TaskDelete), (8 bytes).
    Removing freertos_evr.o(.text.EvrFreeRTOSTasks_TaskDelayUntil), (2 bytes).
    Removing freertos_evr.o(.ARM.exidx.text.EvrFreeRTOSTasks_TaskDelayUntil), (8 bytes).
    Removing freertos_evr.o(.text.EvrFreeRTOSTasks_TaskDelay), (2 bytes).
    Removing freertos_evr.o(.ARM.exidx.text.EvrFreeRTOSTasks_TaskDelay), (8 bytes).
    Removing freertos_evr.o(.text.EvrFreeRTOSTasks_TaskPrioritySet), (2 bytes).
    Removing freertos_evr.o(.ARM.exidx.text.EvrFreeRTOSTasks_TaskPrioritySet), (8 bytes).
    Removing freertos_evr.o(.text.EvrFreeRTOSTasks_TaskSuspend), (2 bytes).
    Removing freertos_evr.o(.ARM.exidx.text.EvrFreeRTOSTasks_TaskSuspend), (8 bytes).
    Removing freertos_evr.o(.text.EvrFreeRTOSTasks_TaskResume), (2 bytes).
    Removing freertos_evr.o(.ARM.exidx.text.EvrFreeRTOSTasks_TaskResume), (8 bytes).
    Removing freertos_evr.o(.text.EvrFreeRTOSTasks_TaskResumeFromIsr), (2 bytes).
    Removing freertos_evr.o(.ARM.exidx.text.EvrFreeRTOSTasks_TaskResumeFromIsr), (8 bytes).
    Removing freertos_evr.o(.text.EvrFreeRTOSTasks_TaskIncrementTick), (2 bytes).
    Removing freertos_evr.o(.ARM.exidx.text.EvrFreeRTOSTasks_TaskIncrementTick), (8 bytes).
    Removing freertos_evr.o(.text.EvrFreeRTOSTasks_IncreaseTickCount), (2 bytes).
    Removing freertos_evr.o(.ARM.exidx.text.EvrFreeRTOSTasks_IncreaseTickCount), (8 bytes).
    Removing freertos_evr.o(.text.EvrFreeRTOSTasks_TaskSwitchedOut), (2 bytes).
    Removing freertos_evr.o(.ARM.exidx.text.EvrFreeRTOSTasks_TaskSwitchedOut), (8 bytes).
    Removing freertos_evr.o(.text.EvrFreeRTOSTasks_TaskSwitchedIn), (2 bytes).
    Removing freertos_evr.o(.ARM.exidx.text.EvrFreeRTOSTasks_TaskSwitchedIn), (8 bytes).
    Removing freertos_evr.o(.text.EvrFreeRTOSTasks_TaskPriorityInherit), (2 bytes).
    Removing freertos_evr.o(.ARM.exidx.text.EvrFreeRTOSTasks_TaskPriorityInherit), (8 bytes).
    Removing freertos_evr.o(.text.EvrFreeRTOSTasks_TaskPriorityDisinherit), (2 bytes).
    Removing freertos_evr.o(.ARM.exidx.text.EvrFreeRTOSTasks_TaskPriorityDisinherit), (8 bytes).
    Removing freertos_evr.o(.text.EvrFreeRTOSTasks_MovedTaskToReadyState), (2 bytes).
    Removing freertos_evr.o(.ARM.exidx.text.EvrFreeRTOSTasks_MovedTaskToReadyState), (8 bytes).
    Removing freertos_evr.o(.text.EvrFreeRTOSTasks_PostMovedTaskToReadyState), (2 bytes).
    Removing freertos_evr.o(.ARM.exidx.text.EvrFreeRTOSTasks_PostMovedTaskToReadyState), (8 bytes).
    Removing freertos_evr.o(.text.EvrFreeRTOSTasks_LowPowerIdleBegin), (2 bytes).
    Removing freertos_evr.o(.ARM.exidx.text.EvrFreeRTOSTasks_LowPowerIdleBegin), (8 bytes).
    Removing freertos_evr.o(.text.EvrFreeRTOSTasks_LowPowerIdleEnd), (2 bytes).
    Removing freertos_evr.o(.ARM.exidx.text.EvrFreeRTOSTasks_LowPowerIdleEnd), (8 bytes).
    Removing freertos_evr.o(.text.EvrFreeRTOSTasks_TaskNotifyTakeBlock), (2 bytes).
    Removing freertos_evr.o(.ARM.exidx.text.EvrFreeRTOSTasks_TaskNotifyTakeBlock), (8 bytes).
    Removing freertos_evr.o(.text.EvrFreeRTOSTasks_TaskNotifyTake), (2 bytes).
    Removing freertos_evr.o(.ARM.exidx.text.EvrFreeRTOSTasks_TaskNotifyTake), (8 bytes).
    Removing freertos_evr.o(.text.EvrFreeRTOSTasks_TaskNotifyWaitBlock), (2 bytes).
    Removing freertos_evr.o(.ARM.exidx.text.EvrFreeRTOSTasks_TaskNotifyWaitBlock), (8 bytes).
    Removing freertos_evr.o(.text.EvrFreeRTOSTasks_TaskNotifyWait), (2 bytes).
    Removing freertos_evr.o(.ARM.exidx.text.EvrFreeRTOSTasks_TaskNotifyWait), (8 bytes).
    Removing freertos_evr.o(.text.EvrFreeRTOSTasks_TaskNotify), (2 bytes).
    Removing freertos_evr.o(.ARM.exidx.text.EvrFreeRTOSTasks_TaskNotify), (8 bytes).
    Removing freertos_evr.o(.text.EvrFreeRTOSTasks_TaskNotifyFromIsr), (2 bytes).
    Removing freertos_evr.o(.ARM.exidx.text.EvrFreeRTOSTasks_TaskNotifyFromIsr), (8 bytes).
    Removing freertos_evr.o(.text.EvrFreeRTOSTasks_TaskNotifyGiveFromIsr), (2 bytes).
    Removing freertos_evr.o(.ARM.exidx.text.EvrFreeRTOSTasks_TaskNotifyGiveFromIsr), (8 bytes).
    Removing freertos_evr.o(.text.EvrFreeRTOSQueue_QueueCreate), (2 bytes).
    Removing freertos_evr.o(.ARM.exidx.text.EvrFreeRTOSQueue_QueueCreate), (8 bytes).
    Removing freertos_evr.o(.text.EvrFreeRTOSQueue_QueueCreateFailed), (2 bytes).
    Removing freertos_evr.o(.ARM.exidx.text.EvrFreeRTOSQueue_QueueCreateFailed), (8 bytes).
    Removing freertos_evr.o(.text.EvrFreeRTOSQueue_CreateMutex), (2 bytes).
    Removing freertos_evr.o(.ARM.exidx.text.EvrFreeRTOSQueue_CreateMutex), (8 bytes).
    Removing freertos_evr.o(.text.EvrFreeRTOSQueue_CreateMutexFailed), (2 bytes).
    Removing freertos_evr.o(.ARM.exidx.text.EvrFreeRTOSQueue_CreateMutexFailed), (8 bytes).
    Removing freertos_evr.o(.text.EvrFreeRTOSQueue_GiveMutexRecursive), (2 bytes).
    Removing freertos_evr.o(.ARM.exidx.text.EvrFreeRTOSQueue_GiveMutexRecursive), (8 bytes).
    Removing freertos_evr.o(.text.EvrFreeRTOSQueue_GiveMutexRecursiveFailed), (2 bytes).
    Removing freertos_evr.o(.ARM.exidx.text.EvrFreeRTOSQueue_GiveMutexRecursiveFailed), (8 bytes).
    Removing freertos_evr.o(.text.EvrFreeRTOSQueue_TakeMutexRecursive), (2 bytes).
    Removing freertos_evr.o(.ARM.exidx.text.EvrFreeRTOSQueue_TakeMutexRecursive), (8 bytes).
    Removing freertos_evr.o(.text.EvrFreeRTOSQueue_TakeMutexRecursiveFailed), (2 bytes).
    Removing freertos_evr.o(.ARM.exidx.text.EvrFreeRTOSQueue_TakeMutexRecursiveFailed), (8 bytes).
    Removing freertos_evr.o(.text.EvrFreeRTOSQueue_CreateCountingSemaphore), (2 bytes).
    Removing freertos_evr.o(.ARM.exidx.text.EvrFreeRTOSQueue_CreateCountingSemaphore), (8 bytes).
    Removing freertos_evr.o(.text.EvrFreeRTOSQueue_CreateCountingSemaphoreFailed), (2 bytes).
    Removing freertos_evr.o(.ARM.exidx.text.EvrFreeRTOSQueue_CreateCountingSemaphoreFailed), (8 bytes).
    Removing freertos_evr.o(.text.EvrFreeRTOSQueue_QueueSend), (2 bytes).
    Removing freertos_evr.o(.ARM.exidx.text.EvrFreeRTOSQueue_QueueSend), (8 bytes).
    Removing freertos_evr.o(.text.EvrFreeRTOSQueue_QueueSendFailed), (2 bytes).
    Removing freertos_evr.o(.ARM.exidx.text.EvrFreeRTOSQueue_QueueSendFailed), (8 bytes).
    Removing freertos_evr.o(.text.EvrFreeRTOSQueue_QueueReceive), (2 bytes).
    Removing freertos_evr.o(.ARM.exidx.text.EvrFreeRTOSQueue_QueueReceive), (8 bytes).
    Removing freertos_evr.o(.text.EvrFreeRTOSQueue_QueuePeek), (2 bytes).
    Removing freertos_evr.o(.ARM.exidx.text.EvrFreeRTOSQueue_QueuePeek), (8 bytes).
    Removing freertos_evr.o(.text.EvrFreeRTOSQueue_QueuePeekFailed), (2 bytes).
    Removing freertos_evr.o(.ARM.exidx.text.EvrFreeRTOSQueue_QueuePeekFailed), (8 bytes).
    Removing freertos_evr.o(.text.EvrFreeRTOSQueue_QueuePeekFromIsr), (2 bytes).
    Removing freertos_evr.o(.ARM.exidx.text.EvrFreeRTOSQueue_QueuePeekFromIsr), (8 bytes).
    Removing freertos_evr.o(.text.EvrFreeRTOSQueue_QueueReceiveFailed), (2 bytes).
    Removing freertos_evr.o(.ARM.exidx.text.EvrFreeRTOSQueue_QueueReceiveFailed), (8 bytes).
    Removing freertos_evr.o(.text.EvrFreeRTOSQueue_QueueSendFromIsr), (2 bytes).
    Removing freertos_evr.o(.ARM.exidx.text.EvrFreeRTOSQueue_QueueSendFromIsr), (8 bytes).
    Removing freertos_evr.o(.text.EvrFreeRTOSQueue_QueueSendFromIsrFailed), (2 bytes).
    Removing freertos_evr.o(.ARM.exidx.text.EvrFreeRTOSQueue_QueueSendFromIsrFailed), (8 bytes).
    Removing freertos_evr.o(.text.EvrFreeRTOSQueue_QueueReceiveFromIsr), (2 bytes).
    Removing freertos_evr.o(.ARM.exidx.text.EvrFreeRTOSQueue_QueueReceiveFromIsr), (8 bytes).
    Removing freertos_evr.o(.text.EvrFreeRTOSQueue_QueueReceiveFromIsrFailed), (2 bytes).
    Removing freertos_evr.o(.ARM.exidx.text.EvrFreeRTOSQueue_QueueReceiveFromIsrFailed), (8 bytes).
    Removing freertos_evr.o(.text.EvrFreeRTOSQueue_QueuePeekFromIsrFailed), (2 bytes).
    Removing freertos_evr.o(.ARM.exidx.text.EvrFreeRTOSQueue_QueuePeekFromIsrFailed), (8 bytes).
    Removing freertos_evr.o(.text.EvrFreeRTOSQueue_QueueDelete), (2 bytes).
    Removing freertos_evr.o(.ARM.exidx.text.EvrFreeRTOSQueue_QueueDelete), (8 bytes).
    Removing freertos_evr.o(.text.EvrFreeRTOSQueue_QueueRegistryAdd), (2 bytes).
    Removing freertos_evr.o(.ARM.exidx.text.EvrFreeRTOSQueue_QueueRegistryAdd), (8 bytes).
    Removing freertos_evr.o(.text.EvrFreeRTOSQueue_BlockingOnQueueReceive), (2 bytes).
    Removing freertos_evr.o(.ARM.exidx.text.EvrFreeRTOSQueue_BlockingOnQueueReceive), (8 bytes).
    Removing freertos_evr.o(.text.EvrFreeRTOSQueue_BlockingOnQueueSend), (2 bytes).
    Removing freertos_evr.o(.ARM.exidx.text.EvrFreeRTOSQueue_BlockingOnQueueSend), (8 bytes).
    Removing freertos_evr.o(.text.EvrFreeRTOSTimers_TimerCreate), (2 bytes).
    Removing freertos_evr.o(.ARM.exidx.text.EvrFreeRTOSTimers_TimerCreate), (8 bytes).
    Removing freertos_evr.o(.text.EvrFreeRTOSTimers_TimerCreateFailed), (2 bytes).
    Removing freertos_evr.o(.ARM.exidx.text.EvrFreeRTOSTimers_TimerCreateFailed), (8 bytes).
    Removing freertos_evr.o(.text.EvrFreeRTOSTimers_TimerCommandSend), (2 bytes).
    Removing freertos_evr.o(.ARM.exidx.text.EvrFreeRTOSTimers_TimerCommandSend), (8 bytes).
    Removing freertos_evr.o(.text.EvrFreeRTOSTimers_TimerCommandReceived), (2 bytes).
    Removing freertos_evr.o(.ARM.exidx.text.EvrFreeRTOSTimers_TimerCommandReceived), (8 bytes).
    Removing freertos_evr.o(.text.EvrFreeRTOSTimers_TimerExpired), (2 bytes).
    Removing freertos_evr.o(.ARM.exidx.text.EvrFreeRTOSTimers_TimerExpired), (8 bytes).
    Removing freertos_evr.o(.text.EvrFreeRTOSTimers_PendFuncCall), (2 bytes).
    Removing freertos_evr.o(.ARM.exidx.text.EvrFreeRTOSTimers_PendFuncCall), (8 bytes).
    Removing freertos_evr.o(.text.EvrFreeRTOSTimers_PendFuncCallFromIsr), (2 bytes).
    Removing freertos_evr.o(.ARM.exidx.text.EvrFreeRTOSTimers_PendFuncCallFromIsr), (8 bytes).
    Removing freertos_evr.o(.text.EvrFreeRTOSEventGroups_EventGroupCreate), (2 bytes).
    Removing freertos_evr.o(.ARM.exidx.text.EvrFreeRTOSEventGroups_EventGroupCreate), (8 bytes).
    Removing freertos_evr.o(.text.EvrFreeRTOSEventGroups_EventGroupCreateFailed), (2 bytes).
    Removing freertos_evr.o(.ARM.exidx.text.EvrFreeRTOSEventGroups_EventGroupCreateFailed), (8 bytes).
    Removing freertos_evr.o(.text.EvrFreeRTOSEventGroups_EventGroupSyncBlock), (2 bytes).
    Removing freertos_evr.o(.ARM.exidx.text.EvrFreeRTOSEventGroups_EventGroupSyncBlock), (8 bytes).
    Removing freertos_evr.o(.text.EvrFreeRTOSEventGroups_EventGroupSyncEnd), (2 bytes).
    Removing freertos_evr.o(.ARM.exidx.text.EvrFreeRTOSEventGroups_EventGroupSyncEnd), (8 bytes).
    Removing freertos_evr.o(.text.EvrFreeRTOSEventGroups_EventGroupWaitBitsBlock), (2 bytes).
    Removing freertos_evr.o(.ARM.exidx.text.EvrFreeRTOSEventGroups_EventGroupWaitBitsBlock), (8 bytes).
    Removing freertos_evr.o(.text.EvrFreeRTOSEventGroups_EventGroupWaitBitsEnd), (2 bytes).
    Removing freertos_evr.o(.ARM.exidx.text.EvrFreeRTOSEventGroups_EventGroupWaitBitsEnd), (8 bytes).
    Removing freertos_evr.o(.text.EvrFreeRTOSEventGroups_EventGroupClearBits), (2 bytes).
    Removing freertos_evr.o(.ARM.exidx.text.EvrFreeRTOSEventGroups_EventGroupClearBits), (8 bytes).
    Removing freertos_evr.o(.text.EvrFreeRTOSEventGroups_EventGroupClearBitsFromIsr), (2 bytes).
    Removing freertos_evr.o(.ARM.exidx.text.EvrFreeRTOSEventGroups_EventGroupClearBitsFromIsr), (8 bytes).
    Removing freertos_evr.o(.text.EvrFreeRTOSEventGroups_EventGroupSetBits), (2 bytes).
    Removing freertos_evr.o(.ARM.exidx.text.EvrFreeRTOSEventGroups_EventGroupSetBits), (8 bytes).
    Removing freertos_evr.o(.text.EvrFreeRTOSEventGroups_EventGroupSetBitsFromIsr), (2 bytes).
    Removing freertos_evr.o(.ARM.exidx.text.EvrFreeRTOSEventGroups_EventGroupSetBitsFromIsr), (8 bytes).
    Removing freertos_evr.o(.text.EvrFreeRTOSEventGroups_EventGroupDelete), (2 bytes).
    Removing freertos_evr.o(.ARM.exidx.text.EvrFreeRTOSEventGroups_EventGroupDelete), (8 bytes).
    Removing freertos_evr.o(.text.EvrFreeRTOSStreamBuf_StreamBufferCreateFailed), (2 bytes).
    Removing freertos_evr.o(.ARM.exidx.text.EvrFreeRTOSStreamBuf_StreamBufferCreateFailed), (8 bytes).
    Removing freertos_evr.o(.text.EvrFreeRTOSStreamBuf_StreamBufferCreateStaticFailed), (2 bytes).
    Removing freertos_evr.o(.ARM.exidx.text.EvrFreeRTOSStreamBuf_StreamBufferCreateStaticFailed), (8 bytes).
    Removing freertos_evr.o(.text.EvrFreeRTOSStreamBuf_StreamBufferCreate), (2 bytes).
    Removing freertos_evr.o(.ARM.exidx.text.EvrFreeRTOSStreamBuf_StreamBufferCreate), (8 bytes).
    Removing freertos_evr.o(.text.EvrFreeRTOSStreamBuf_StreamBufferDelete), (2 bytes).
    Removing freertos_evr.o(.ARM.exidx.text.EvrFreeRTOSStreamBuf_StreamBufferDelete), (8 bytes).
    Removing freertos_evr.o(.text.EvrFreeRTOSStreamBuf_StreamBufferReset), (2 bytes).
    Removing freertos_evr.o(.ARM.exidx.text.EvrFreeRTOSStreamBuf_StreamBufferReset), (8 bytes).
    Removing freertos_evr.o(.text.EvrFreeRTOSStreamBuf_StreamBufferBlockingOnSend), (2 bytes).
    Removing freertos_evr.o(.ARM.exidx.text.EvrFreeRTOSStreamBuf_StreamBufferBlockingOnSend), (8 bytes).
    Removing freertos_evr.o(.text.EvrFreeRTOSStreamBuf_StreamBufferSend), (2 bytes).
    Removing freertos_evr.o(.ARM.exidx.text.EvrFreeRTOSStreamBuf_StreamBufferSend), (8 bytes).
    Removing freertos_evr.o(.text.EvrFreeRTOSStreamBuf_StreamBufferSendFailed), (2 bytes).
    Removing freertos_evr.o(.ARM.exidx.text.EvrFreeRTOSStreamBuf_StreamBufferSendFailed), (8 bytes).
    Removing freertos_evr.o(.text.EvrFreeRTOSStreamBuf_StreamBufferSendFromIsr), (2 bytes).
    Removing freertos_evr.o(.ARM.exidx.text.EvrFreeRTOSStreamBuf_StreamBufferSendFromIsr), (8 bytes).
    Removing freertos_evr.o(.text.EvrFreeRTOSStreamBuf_StreamBufferBlockingOnReceive), (2 bytes).
    Removing freertos_evr.o(.ARM.exidx.text.EvrFreeRTOSStreamBuf_StreamBufferBlockingOnReceive), (8 bytes).
    Removing freertos_evr.o(.text.EvrFreeRTOSStreamBuf_StreamBufferReceive), (2 bytes).
    Removing freertos_evr.o(.ARM.exidx.text.EvrFreeRTOSStreamBuf_StreamBufferReceive), (8 bytes).
    Removing freertos_evr.o(.text.EvrFreeRTOSStreamBuf_StreamBufferReceiveFailed), (2 bytes).
    Removing freertos_evr.o(.ARM.exidx.text.EvrFreeRTOSStreamBuf_StreamBufferReceiveFailed), (8 bytes).
    Removing freertos_evr.o(.text.EvrFreeRTOSStreamBuf_StreamBufferReceiveFromIsr), (2 bytes).
    Removing freertos_evr.o(.ARM.exidx.text.EvrFreeRTOSStreamBuf_StreamBufferReceiveFromIsr), (8 bytes).
    Removing freertos_evr.o(.text.EvrFreeRTOSHeap_Malloc), (2 bytes).
    Removing freertos_evr.o(.ARM.exidx.text.EvrFreeRTOSHeap_Malloc), (8 bytes).
    Removing freertos_evr.o(.text.EvrFreeRTOSHeap_Free), (2 bytes).
    Removing freertos_evr.o(.ARM.exidx.text.EvrFreeRTOSHeap_Free), (8 bytes).
    Removing list.o(.text), (0 bytes).
    Removing list.o(.ARM.exidx.text.vListInitialise), (8 bytes).
    Removing list.o(.ARM.exidx.text.vListInitialiseItem), (8 bytes).
    Removing list.o(.ARM.exidx.text.vListInsertEnd), (8 bytes).
    Removing list.o(.text.vListInsert), (58 bytes).
    Removing list.o(.ARM.exidx.text.vListInsert), (8 bytes).
    Removing list.o(.ARM.exidx.text.uxListRemove), (8 bytes).
    Removing port.o(.text), (0 bytes).
    Removing port.o(.ARM.exidx.text.pxPortInitialiseStack), (8 bytes).
    Removing port.o(.ARM.exidx.text.prvTaskExitError), (8 bytes).
    Removing port.o(.ARM.exidx.text.SVC_Handler), (8 bytes).
    Removing port.o(.ARM.exidx.text.xPortStartScheduler), (8 bytes).
    Removing port.o(.ARM.exidx.text.vPortSetupTimerInterrupt), (8 bytes).
    Removing port.o(.ARM.exidx.text.prvPortStartFirstTask), (8 bytes).
    Removing port.o(.text.vPortEndScheduler), (38 bytes).
    Removing port.o(.ARM.exidx.text.vPortEndScheduler), (8 bytes).
    Removing port.o(.ARM.exidx.text.vPortEnterCritical), (8 bytes).
    Removing port.o(.ARM.exidx.text.vPortExitCritical), (8 bytes).
    Removing port.o(.ARM.exidx.text.PendSV_Handler), (8 bytes).
    Removing port.o(.ARM.exidx.text.SysTick_Handler), (8 bytes).
    Removing port.o(.text.vPortValidateInterruptPriority), (98 bytes).
    Removing port.o(.ARM.exidx.text.vPortValidateInterruptPriority), (8 bytes).
    Removing heap_4.o(.text), (0 bytes).
    Removing heap_4.o(.ARM.exidx.text.pvPortMalloc), (8 bytes).
    Removing heap_4.o(.ARM.exidx.text.vPortFree), (8 bytes).
    Removing heap_4.o(.text.xPortGetFreeHeapSize), (12 bytes).
    Removing heap_4.o(.ARM.exidx.text.xPortGetFreeHeapSize), (8 bytes).
    Removing heap_4.o(.text.xPortGetMinimumEverFreeHeapSize), (12 bytes).
    Removing heap_4.o(.ARM.exidx.text.xPortGetMinimumEverFreeHeapSize), (8 bytes).
    Removing heap_4.o(.text.vPortInitialiseBlocks), (2 bytes).
    Removing heap_4.o(.ARM.exidx.text.vPortInitialiseBlocks), (8 bytes).
    Removing heap_4.o(.text.pvPortCalloc), (36 bytes).
    Removing heap_4.o(.ARM.exidx.text.pvPortCalloc), (8 bytes).
    Removing heap_4.o(.text.vPortGetHeapStats), (158 bytes).
    Removing heap_4.o(.ARM.exidx.text.vPortGetHeapStats), (8 bytes).
    Removing queue.o(.text), (0 bytes).
    Removing queue.o(.text.xQueueGenericReset), (178 bytes).
    Removing queue.o(.ARM.exidx.text.xQueueGenericReset), (8 bytes).
    Removing queue.o(.text.xQueueGenericCreate), (146 bytes).
    Removing queue.o(.ARM.exidx.text.xQueueGenericCreate), (8 bytes).
    Removing queue.o(.text.xQueueCreateMutex), (40 bytes).
    Removing queue.o(.ARM.exidx.text.xQueueCreateMutex), (8 bytes).
    Removing queue.o(.text.xQueueGiveMutexRecursive), (66 bytes).
    Removing queue.o(.ARM.exidx.text.xQueueGiveMutexRecursive), (8 bytes).
    Removing queue.o(.text.xQueueGenericSend), (518 bytes).
    Removing queue.o(.ARM.exidx.text.xQueueGenericSend), (8 bytes).
    Removing queue.o(.text.xQueueTakeMutexRecursive), (60 bytes).
    Removing queue.o(.ARM.exidx.text.xQueueTakeMutexRecursive), (8 bytes).
    Removing queue.o(.text.xQueueSemaphoreTake), (430 bytes).
    Removing queue.o(.ARM.exidx.text.xQueueSemaphoreTake), (8 bytes).
    Removing queue.o(.text.xQueueCreateCountingSemaphore), (50 bytes).
    Removing queue.o(.ARM.exidx.text.xQueueCreateCountingSemaphore), (8 bytes).
    Removing queue.o(.text.prvUnlockQueue), (116 bytes).
    Removing queue.o(.ARM.exidx.text.prvUnlockQueue), (8 bytes).
    Removing queue.o(.text.xQueueGenericSendFromISR), (352 bytes).
    Removing queue.o(.ARM.exidx.text.xQueueGenericSendFromISR), (8 bytes).
    Removing queue.o(.text.xQueueGiveFromISR), (244 bytes).
    Removing queue.o(.ARM.exidx.text.xQueueGiveFromISR), (8 bytes).
    Removing queue.o(.text.xQueueReceive), (396 bytes).
    Removing queue.o(.ARM.exidx.text.xQueueReceive), (8 bytes).
    Removing queue.o(.text.xQueuePeek), (388 bytes).
    Removing queue.o(.ARM.exidx.text.xQueuePeek), (8 bytes).
    Removing queue.o(.text.xQueueReceiveFromISR), (268 bytes).
    Removing queue.o(.ARM.exidx.text.xQueueReceiveFromISR), (8 bytes).
    Removing queue.o(.text.xQueuePeekFromISR), (152 bytes).
    Removing queue.o(.ARM.exidx.text.xQueuePeekFromISR), (8 bytes).
    Removing queue.o(.text.uxQueueMessagesWaiting), (38 bytes).
    Removing queue.o(.ARM.exidx.text.uxQueueMessagesWaiting), (8 bytes).
    Removing queue.o(.text.uxQueueSpacesAvailable), (42 bytes).
    Removing queue.o(.ARM.exidx.text.uxQueueSpacesAvailable), (8 bytes).
    Removing queue.o(.text.uxQueueMessagesWaitingFromISR), (26 bytes).
    Removing queue.o(.ARM.exidx.text.uxQueueMessagesWaitingFromISR), (8 bytes).
    Removing queue.o(.text.vQueueDelete), (66 bytes).
    Removing queue.o(.ARM.exidx.text.vQueueDelete), (8 bytes).
    Removing queue.o(.text.vQueueUnregisterQueue), (62 bytes).
    Removing queue.o(.ARM.exidx.text.vQueueUnregisterQueue), (8 bytes).
    Removing queue.o(.text.uxQueueGetQueueNumber), (4 bytes).
    Removing queue.o(.ARM.exidx.text.uxQueueGetQueueNumber), (8 bytes).
    Removing queue.o(.text.vQueueSetQueueNumber), (4 bytes).
    Removing queue.o(.ARM.exidx.text.vQueueSetQueueNumber), (8 bytes).
    Removing queue.o(.text.ucQueueGetQueueType), (6 bytes).
    Removing queue.o(.ARM.exidx.text.ucQueueGetQueueType), (8 bytes).
    Removing queue.o(.text.xQueueIsQueueEmptyFromISR), (30 bytes).
    Removing queue.o(.ARM.exidx.text.xQueueIsQueueEmptyFromISR), (8 bytes).
    Removing queue.o(.text.xQueueIsQueueFullFromISR), (34 bytes).
    Removing queue.o(.ARM.exidx.text.xQueueIsQueueFullFromISR), (8 bytes).
    Removing queue.o(.text.vQueueAddToRegistry), (90 bytes).
    Removing queue.o(.ARM.exidx.text.vQueueAddToRegistry), (8 bytes).
    Removing queue.o(.text.pcQueueGetName), (58 bytes).
    Removing queue.o(.ARM.exidx.text.pcQueueGetName), (8 bytes).
    Removing queue.o(.bss.xQueueRegistry), (64 bytes).
    Removing tasks.o(.text), (0 bytes).
    Removing tasks.o(.ARM.exidx.text.xTaskCreate), (8 bytes).
    Removing tasks.o(.ARM.exidx.text.vTaskDelete), (8 bytes).
    Removing tasks.o(.text.xTaskDelayUntil), (294 bytes).
    Removing tasks.o(.ARM.exidx.text.xTaskDelayUntil), (8 bytes).
    Removing tasks.o(.ARM.exidx.text.vTaskSuspendAll), (8 bytes).
    Removing tasks.o(.text.prvAddCurrentTaskToDelayedList), (192 bytes).
    Removing tasks.o(.ARM.exidx.text.prvAddCurrentTaskToDelayedList), (8 bytes).
    Removing tasks.o(.ARM.exidx.text.xTaskResumeAll), (8 bytes).
    Removing tasks.o(.text.vTaskDelay), (194 bytes).
    Removing tasks.o(.ARM.exidx.text.vTaskDelay), (8 bytes).
    Removing tasks.o(.text.eTaskGetState), (156 bytes).
    Removing tasks.o(.ARM.exidx.text.eTaskGetState), (8 bytes).
    Removing tasks.o(.text.uxTaskPriorityGet), (30 bytes).
    Removing tasks.o(.ARM.exidx.text.uxTaskPriorityGet), (8 bytes).
    Removing tasks.o(.text.uxTaskPriorityGetFromISR), (48 bytes).
    Removing tasks.o(.ARM.exidx.text.uxTaskPriorityGetFromISR), (8 bytes).
    Removing tasks.o(.text.vTaskPrioritySet), (246 bytes).
    Removing tasks.o(.ARM.exidx.text.vTaskPrioritySet), (8 bytes).
    Removing tasks.o(.text.vTaskSuspend), (398 bytes).
    Removing tasks.o(.ARM.exidx.text.vTaskSuspend), (8 bytes).
    Removing tasks.o(.ARM.exidx.text.vTaskSwitchContext), (8 bytes).
    Removing tasks.o(.text.vTaskResume), (184 bytes).
    Removing tasks.o(.ARM.exidx.text.vTaskResume), (8 bytes).
    Removing tasks.o(.text.xTaskResumeFromISR), (224 bytes).
    Removing tasks.o(.ARM.exidx.text.xTaskResumeFromISR), (8 bytes).
    Removing tasks.o(.ARM.exidx.text.vTaskStartScheduler), (8 bytes).
    Removing tasks.o(.ARM.exidx.text.prvIdleTask), (8 bytes).
    Removing tasks.o(.text.vTaskEndScheduler), (32 bytes).
    Removing tasks.o(.ARM.exidx.text.vTaskEndScheduler), (8 bytes).
    Removing tasks.o(.ARM.exidx.text.xTaskIncrementTick), (8 bytes).
    Removing tasks.o(.text.xTaskGetTickCount), (12 bytes).
    Removing tasks.o(.ARM.exidx.text.xTaskGetTickCount), (8 bytes).
    Removing tasks.o(.text.xTaskGetTickCountFromISR), (18 bytes).
    Removing tasks.o(.ARM.exidx.text.xTaskGetTickCountFromISR), (8 bytes).
    Removing tasks.o(.text.uxTaskGetNumberOfTasks), (12 bytes).
    Removing tasks.o(.ARM.exidx.text.uxTaskGetNumberOfTasks), (8 bytes).
    Removing tasks.o(.text.pcTaskGetName), (38 bytes).
    Removing tasks.o(.ARM.exidx.text.pcTaskGetName), (8 bytes).
    Removing tasks.o(.text.uxTaskGetSystemState), (1178 bytes).
    Removing tasks.o(.ARM.exidx.text.uxTaskGetSystemState), (8 bytes).
    Removing tasks.o(.text.xTaskGetIdleTaskHandle), (34 bytes).
    Removing tasks.o(.ARM.exidx.text.xTaskGetIdleTaskHandle), (8 bytes).
    Removing tasks.o(.text.xTaskCatchUpTicks), (72 bytes).
    Removing tasks.o(.ARM.exidx.text.xTaskCatchUpTicks), (8 bytes).
    Removing tasks.o(.text.vTaskPlaceOnEventList), (54 bytes).
    Removing tasks.o(.ARM.exidx.text.vTaskPlaceOnEventList), (8 bytes).
    Removing tasks.o(.text.vTaskPlaceOnUnorderedEventList), (142 bytes).
    Removing tasks.o(.ARM.exidx.text.vTaskPlaceOnUnorderedEventList), (8 bytes).
    Removing tasks.o(.text.xTaskRemoveFromEventList), (240 bytes).
    Removing tasks.o(.ARM.exidx.text.xTaskRemoveFromEventList), (8 bytes).
    Removing tasks.o(.text.vTaskRemoveFromUnorderedEventList), (238 bytes).
    Removing tasks.o(.ARM.exidx.text.vTaskRemoveFromUnorderedEventList), (8 bytes).
    Removing tasks.o(.text.vTaskSetTimeOutState), (62 bytes).
    Removing tasks.o(.ARM.exidx.text.vTaskSetTimeOutState), (8 bytes).
    Removing tasks.o(.text.vTaskInternalSetTimeOutState), (26 bytes).
    Removing tasks.o(.ARM.exidx.text.vTaskInternalSetTimeOutState), (8 bytes).
    Removing tasks.o(.text.xTaskCheckForTimeOut), (146 bytes).
    Removing tasks.o(.ARM.exidx.text.xTaskCheckForTimeOut), (8 bytes).
    Removing tasks.o(.text.vTaskMissedYield), (14 bytes).
    Removing tasks.o(.ARM.exidx.text.vTaskMissedYield), (8 bytes).
    Removing tasks.o(.text.uxTaskGetTaskNumber), (10 bytes).
    Removing tasks.o(.ARM.exidx.text.uxTaskGetTaskNumber), (8 bytes).
    Removing tasks.o(.text.vTaskSetTaskNumber), (8 bytes).
    Removing tasks.o(.ARM.exidx.text.vTaskSetTaskNumber), (8 bytes).
    Removing tasks.o(.text.vTaskGetInfo), (300 bytes).
    Removing tasks.o(.ARM.exidx.text.vTaskGetInfo), (8 bytes).
    Removing tasks.o(.text.xTaskGetCurrentTaskHandle), (12 bytes).
    Removing tasks.o(.ARM.exidx.text.xTaskGetCurrentTaskHandle), (8 bytes).
    Removing tasks.o(.text.xTaskPriorityInherit), (190 bytes).
    Removing tasks.o(.ARM.exidx.text.xTaskPriorityInherit), (8 bytes).
    Removing tasks.o(.text.xTaskPriorityDisinherit), (198 bytes).
    Removing tasks.o(.ARM.exidx.text.xTaskPriorityDisinherit), (8 bytes).
    Removing tasks.o(.text.vTaskPriorityDisinheritAfterTimeout), (206 bytes).
    Removing tasks.o(.ARM.exidx.text.vTaskPriorityDisinheritAfterTimeout), (8 bytes).
    Removing tasks.o(.text.uxTaskResetEventItemValue), (26 bytes).
    Removing tasks.o(.ARM.exidx.text.uxTaskResetEventItemValue), (8 bytes).
    Removing tasks.o(.text.pvTaskIncrementMutexHeldCount), (24 bytes).
    Removing tasks.o(.ARM.exidx.text.pvTaskIncrementMutexHeldCount), (8 bytes).
    Removing tasks.o(.text.ulTaskGenericNotifyTake), (150 bytes).
    Removing tasks.o(.ARM.exidx.text.ulTaskGenericNotifyTake), (8 bytes).
    Removing tasks.o(.text.xTaskGenericNotifyWait), (194 bytes).
    Removing tasks.o(.ARM.exidx.text.xTaskGenericNotifyWait), (8 bytes).
    Removing tasks.o(.text.xTaskGenericNotify), (358 bytes).
    Removing tasks.o(.ARM.exidx.text.xTaskGenericNotify), (8 bytes).
    Removing tasks.o(.text.xTaskGenericNotifyFromISR), (402 bytes).
    Removing tasks.o(.ARM.exidx.text.xTaskGenericNotifyFromISR), (8 bytes).
    Removing tasks.o(.text.vTaskGenericNotifyGiveFromISR), (304 bytes).
    Removing tasks.o(.ARM.exidx.text.vTaskGenericNotifyGiveFromISR), (8 bytes).
    Removing tasks.o(.text.xTaskGenericNotifyStateClear), (66 bytes).
    Removing tasks.o(.ARM.exidx.text.xTaskGenericNotifyStateClear), (8 bytes).
    Removing tasks.o(.text.ulTaskGenericNotifyValueClear), (44 bytes).
    Removing tasks.o(.ARM.exidx.text.ulTaskGenericNotifyValueClear), (8 bytes).
    Removing timers.o(.text), (0 bytes).

377 unused section(s) (total 13586 bytes) removed from the image.

==============================================================================

Image Symbol Table

    Local Symbols

    Symbol Name                              Value     Ov Type        Size  Object(Section)

    ../clib/microlib/init/entry.s            0x00000000   Number         0  entry.o ABSOLUTE
    ../clib/microlib/init/entry.s            0x00000000   Number         0  entry2.o ABSOLUTE
    ../clib/microlib/init/entry.s            0x00000000   Number         0  entry5.o ABSOLUTE
    ../clib/microlib/init/entry.s            0x00000000   Number         0  entry7a.o ABSOLUTE
    ../clib/microlib/init/entry.s            0x00000000   Number         0  entry7b.o ABSOLUTE
    ../clib/microlib/init/entry.s            0x00000000   Number         0  entry8a.o ABSOLUTE
    ../clib/microlib/init/entry.s            0x00000000   Number         0  entry8b.o ABSOLUTE
    ../clib/microlib/init/entry.s            0x00000000   Number         0  entry9a.o ABSOLUTE
    ../clib/microlib/init/entry.s            0x00000000   Number         0  entry9b.o ABSOLUTE
    ../clib/microlib/init/entry.s            0x00000000   Number         0  entry10a.o ABSOLUTE
    ../clib/microlib/init/entry.s            0x00000000   Number         0  entry10b.o ABSOLUTE
    ../clib/microlib/init/entry.s            0x00000000   Number         0  entry11a.o ABSOLUTE
    ../clib/microlib/init/entry.s            0x00000000   Number         0  entry11b.o ABSOLUTE
    ../clib/microlib/string/memcpy.c         0x00000000   Number         0  memcpya.o ABSOLUTE
    ../clib/microlib/string/memcpy.c         0x00000000   Number         0  memcpyb.o ABSOLUTE
    ../clib/microlib/string/memset.c         0x00000000   Number         0  memseta.o ABSOLUTE
    RTE/Device/STM32F103C6/startup_stm32f10x_ld.s 0x00000000   Number         0  startup_stm32f10x_ld.o ABSOLUTE
    dc.s                                     0x00000000   Number         0  dc.o ABSOLUTE
    freertos_evr.c                           0x00000000   Number         0  freertos_evr.o ABSOLUTE
    gpio.c                                   0x00000000   Number         0  gpio.o ABSOLUTE
    handlers.s                               0x00000000   Number         0  handlers.o ABSOLUTE
    heap_4.c                                 0x00000000   Number         0  heap_4.o ABSOLUTE
    init.s                                   0x00000000   Number         0  init.o ABSOLUTE
    list.c                                   0x00000000   Number         0  list.o ABSOLUTE
    main.c                                   0x00000000   Number         0  main.o ABSOLUTE
    port.c                                   0x00000000   Number         0  port.o ABSOLUTE
    queue.c                                  0x00000000   Number         0  queue.o ABSOLUTE
    system_stm32f10x.c                       0x00000000   Number         0  system_stm32f10x.o ABSOLUTE
    tasks.c                                  0x00000000   Number         0  tasks.o ABSOLUTE
    timers.c                                 0x00000000   Number         0  timers.o ABSOLUTE
    RESET                                    0x08000000   Section      236  startup_stm32f10x_ld.o(RESET)
    .ARM.Collect$$$$00000000                 0x080000ec   Section        0  entry.o(.ARM.Collect$$$$00000000)
    .ARM.Collect$$$$00000001                 0x080000ec   Section        4  entry2.o(.ARM.Collect$$$$00000001)
    .ARM.Collect$$$$00000004                 0x080000f0   Section        4  entry5.o(.ARM.Collect$$$$00000004)
    .ARM.Collect$$$$00000008                 0x080000f4   Section        0  entry7b.o(.ARM.Collect$$$$00000008)
    .ARM.Collect$$$$0000000A                 0x080000f4   Section        0  entry8b.o(.ARM.Collect$$$$0000000A)
    .ARM.Collect$$$$0000000B                 0x080000f4   Section        8  entry9a.o(.ARM.Collect$$$$0000000B)
    __lit__00000000                          0x080000fc   Data           4  entry2.o(.ARM.Collect$$$$00002712)
    .ARM.Collect$$$$0000000D                 0x080000fc   Section        0  entry10a.o(.ARM.Collect$$$$0000000D)
    .ARM.Collect$$$$0000000F                 0x080000fc   Section        0  entry11a.o(.ARM.Collect$$$$0000000F)
    .ARM.Collect$$$$00002712                 0x080000fc   Section        4  entry2.o(.ARM.Collect$$$$00002712)
    .text                                    0x08000100   Section       36  startup_stm32f10x_ld.o(.text)
    .text                                    0x08000124   Section        0  memseta.o(.text)
    .text                                    0x08000148   Section       36  init.o(.text)
    [Anonymous Symbol]                       0x0800016c   Section        0  gpio.o(.text.Access)
    [Anonymous Symbol]                       0x080001a0   Section        0  port.o(.text.PendSV_Handler)
    pxCurrentTCBConst                        0x080001e0   Number         0  port.o(.text.PendSV_Handler)
    [Anonymous Symbol]                       0x080001e4   Section        0  gpio.o(.text.Release)
    [Anonymous Symbol]                       0x08000210   Section        0  port.o(.text.SVC_Handler)
    pxCurrentTCBConst2                       0x08000230   Number         0  port.o(.text.SVC_Handler)
    [Anonymous Symbol]                       0x08000234   Section        0  port.o(.text.SysTick_Handler)
    [Anonymous Symbol]                       0x08000264   Section        0  system_stm32f10x.o(.text.SystemInit)
    [Anonymous Symbol]                       0x08000374   Section        0  main.o(.text.main)
    prvIdleTask                              0x080003c5   Thumb Code   118  tasks.o(.text.prvIdleTask)
    [Anonymous Symbol]                       0x080003c4   Section        0  tasks.o(.text.prvIdleTask)
    prvPortStartFirstTask                    0x0800043d   Thumb Code    32  port.o(.text.prvPortStartFirstTask)
    [Anonymous Symbol]                       0x0800043c   Section        0  port.o(.text.prvPortStartFirstTask)
    prvTaskExitError                         0x0800045d   Thumb Code    50  port.o(.text.prvTaskExitError)
    [Anonymous Symbol]                       0x0800045c   Section        0  port.o(.text.prvTaskExitError)
    [Anonymous Symbol]                       0x08000490   Section        0  heap_4.o(.text.pvPortMalloc)
    [Anonymous Symbol]                       0x08000634   Section        0  port.o(.text.pxPortInitialiseStack)
    [Anonymous Symbol]                       0x08000654   Section        0  gpio.o(.text.setup_GPIO)
    [Anonymous Symbol]                       0x0800068c   Section        0  gpio.o(.text.setup_RCC)
    [Anonymous Symbol]                       0x080006a0   Section        0  list.o(.text.uxListRemove)
    [Anonymous Symbol]                       0x080006c4   Section        0  list.o(.text.vListInitialise)
    [Anonymous Symbol]                       0x080006dc   Section        0  list.o(.text.vListInitialiseItem)
    [Anonymous Symbol]                       0x080006e4   Section        0  list.o(.text.vListInsertEnd)
    [Anonymous Symbol]                       0x08000700   Section        0  port.o(.text.vPortEnterCritical)
    [Anonymous Symbol]                       0x08000748   Section        0  port.o(.text.vPortExitCritical)
    [Anonymous Symbol]                       0x08000778   Section        0  heap_4.o(.text.vPortFree)
    [Anonymous Symbol]                       0x0800083c   Section        0  port.o(.text.vPortSetupTimerInterrupt)
    [Anonymous Symbol]                       0x08000870   Section        0  main.o(.text.vTask1)
    [Anonymous Symbol]                       0x080008b0   Section        0  tasks.o(.text.vTaskDelete)
    [Anonymous Symbol]                       0x080009d4   Section        0  tasks.o(.text.vTaskStartScheduler)
    [Anonymous Symbol]                       0x08000a68   Section        0  tasks.o(.text.vTaskSuspendAll)
    __tagsym$$used.0                         0x08000a78   Number         0  tasks.o(.text.vTaskSwitchContext)
    [Anonymous Symbol]                       0x08000a78   Section        0  tasks.o(.text.vTaskSwitchContext)
    [Anonymous Symbol]                       0x08000b00   Section        0  port.o(.text.xPortStartScheduler)
    [Anonymous Symbol]                       0x08000bdc   Section        0  tasks.o(.text.xTaskCreate)
    [Anonymous Symbol]                       0x08000de0   Section        0  tasks.o(.text.xTaskIncrementTick)
    [Anonymous Symbol]                       0x08000f9c   Section        0  tasks.o(.text.xTaskResumeAll)
    i.__scatterload_copy                     0x08001120   Section       14  handlers.o(i.__scatterload_copy)
    i.__scatterload_null                     0x0800112e   Section        2  handlers.o(i.__scatterload_null)
    i.__scatterload_zeroinit                 0x08001130   Section       14  handlers.o(i.__scatterload_zeroinit)
    uxCriticalNesting                        0x20000004   Data           4  port.o(.data.uxCriticalNesting)
    [Anonymous Symbol]                       0x20000004   Section        0  port.o(.data.uxCriticalNesting)
    __tagsym$$used.1                         0x20000008   Number         0  tasks.o(.bss.pxCurrentTCB)
    pxDelayedTaskList                        0x2000000c   Data           4  tasks.o(.bss.pxDelayedTaskList)
    [Anonymous Symbol]                       0x2000000c   Section        0  tasks.o(.bss.pxDelayedTaskList)
    pxEnd                                    0x20000010   Data           4  heap_4.o(.bss.pxEnd)
    [Anonymous Symbol]                       0x20000010   Section        0  heap_4.o(.bss.pxEnd)
    pxOverflowDelayedTaskList                0x20000014   Data           4  tasks.o(.bss.pxOverflowDelayedTaskList)
    [Anonymous Symbol]                       0x20000014   Section        0  tasks.o(.bss.pxOverflowDelayedTaskList)
    pxReadyTasksLists                        0x20000018   Data         100  tasks.o(.bss.pxReadyTasksLists)
    [Anonymous Symbol]                       0x20000018   Section        0  tasks.o(.bss.pxReadyTasksLists)
    ucHeap                                   0x2000007c   Data       76800  heap_4.o(.bss.ucHeap)
    [Anonymous Symbol]                       0x2000007c   Section        0  heap_4.o(.bss.ucHeap)
    ucMaxSysCallPriority                     0x20012c7c   Data           1  port.o(.bss.ucMaxSysCallPriority)
    [Anonymous Symbol]                       0x20012c7c   Section        0  port.o(.bss.ucMaxSysCallPriority)
    ulMaxPRIGROUPValue                       0x20012c80   Data           4  port.o(.bss.ulMaxPRIGROUPValue)
    [Anonymous Symbol]                       0x20012c80   Section        0  port.o(.bss.ulMaxPRIGROUPValue)
    uxCurrentNumberOfTasks                   0x20012c84   Data           4  tasks.o(.bss.uxCurrentNumberOfTasks)
    [Anonymous Symbol]                       0x20012c84   Section        0  tasks.o(.bss.uxCurrentNumberOfTasks)
    uxDeletedTasksWaitingCleanUp             0x20012c88   Data           4  tasks.o(.bss.uxDeletedTasksWaitingCleanUp)
    [Anonymous Symbol]                       0x20012c88   Section        0  tasks.o(.bss.uxDeletedTasksWaitingCleanUp)
    uxSchedulerSuspended                     0x20012c8c   Data           4  tasks.o(.bss.uxSchedulerSuspended)
    [Anonymous Symbol]                       0x20012c8c   Section        0  tasks.o(.bss.uxSchedulerSuspended)
    uxTaskNumber                             0x20012c90   Data           4  tasks.o(.bss.uxTaskNumber)
    [Anonymous Symbol]                       0x20012c90   Section        0  tasks.o(.bss.uxTaskNumber)
    uxTopReadyPriority                       0x20012c94   Data           4  tasks.o(.bss.uxTopReadyPriority)
    [Anonymous Symbol]                       0x20012c94   Section        0  tasks.o(.bss.uxTopReadyPriority)
    xDelayedTaskList1                        0x20012c98   Data          20  tasks.o(.bss.xDelayedTaskList1)
    [Anonymous Symbol]                       0x20012c98   Section        0  tasks.o(.bss.xDelayedTaskList1)
    xDelayedTaskList2                        0x20012cac   Data          20  tasks.o(.bss.xDelayedTaskList2)
    [Anonymous Symbol]                       0x20012cac   Section        0  tasks.o(.bss.xDelayedTaskList2)
    xFreeBytesRemaining                      0x20012cc0   Data           4  heap_4.o(.bss.xFreeBytesRemaining)
    [Anonymous Symbol]                       0x20012cc0   Section        0  heap_4.o(.bss.xFreeBytesRemaining)
    xIdleTaskHandle                          0x20012cc4   Data           4  tasks.o(.bss.xIdleTaskHandle)
    [Anonymous Symbol]                       0x20012cc4   Section        0  tasks.o(.bss.xIdleTaskHandle)
    xMinimumEverFreeBytesRemaining           0x20012cc8   Data           4  heap_4.o(.bss.xMinimumEverFreeBytesRemaining)
    [Anonymous Symbol]                       0x20012cc8   Section        0  heap_4.o(.bss.xMinimumEverFreeBytesRemaining)
    xNextTaskUnblockTime                     0x20012ccc   Data           4  tasks.o(.bss.xNextTaskUnblockTime)
    [Anonymous Symbol]                       0x20012ccc   Section        0  tasks.o(.bss.xNextTaskUnblockTime)
    xNumOfOverflows                          0x20012cd0   Data           4  tasks.o(.bss.xNumOfOverflows)
    [Anonymous Symbol]                       0x20012cd0   Section        0  tasks.o(.bss.xNumOfOverflows)
    xNumberOfSuccessfulAllocations           0x20012cd4   Data           4  heap_4.o(.bss.xNumberOfSuccessfulAllocations)
    [Anonymous Symbol]                       0x20012cd4   Section        0  heap_4.o(.bss.xNumberOfSuccessfulAllocations)
    xNumberOfSuccessfulFrees                 0x20012cd8   Data           4  heap_4.o(.bss.xNumberOfSuccessfulFrees)
    [Anonymous Symbol]                       0x20012cd8   Section        0  heap_4.o(.bss.xNumberOfSuccessfulFrees)
    xPendedTicks                             0x20012cdc   Data           4  tasks.o(.bss.xPendedTicks)
    [Anonymous Symbol]                       0x20012cdc   Section        0  tasks.o(.bss.xPendedTicks)
    xPendingReadyList                        0x20012ce0   Data          20  tasks.o(.bss.xPendingReadyList)
    [Anonymous Symbol]                       0x20012ce0   Section        0  tasks.o(.bss.xPendingReadyList)
    xSchedulerRunning                        0x20012cf4   Data           4  tasks.o(.bss.xSchedulerRunning)
    [Anonymous Symbol]                       0x20012cf4   Section        0  tasks.o(.bss.xSchedulerRunning)
    xStart                                   0x20012cf8   Data           8  heap_4.o(.bss.xStart)
    [Anonymous Symbol]                       0x20012cf8   Section        0  heap_4.o(.bss.xStart)
    xSuspendedTaskList                       0x20012d00   Data          20  tasks.o(.bss.xSuspendedTaskList)
    [Anonymous Symbol]                       0x20012d00   Section        0  tasks.o(.bss.xSuspendedTaskList)
    xTasksWaitingTermination                 0x20012d14   Data          20  tasks.o(.bss.xTasksWaitingTermination)
    [Anonymous Symbol]                       0x20012d14   Section        0  tasks.o(.bss.xTasksWaitingTermination)
    xTickCount                               0x20012d28   Data           4  tasks.o(.bss.xTickCount)
    [Anonymous Symbol]                       0x20012d28   Section        0  tasks.o(.bss.xTickCount)
    xYieldPending                            0x20012d2c   Data           4  tasks.o(.bss.xYieldPending)
    [Anonymous Symbol]                       0x20012d2c   Section        0  tasks.o(.bss.xYieldPending)
    STACK                                    0x20012d30   Section     1024  startup_stm32f10x_ld.o(STACK)

    Global Symbols

    Symbol Name                              Value     Ov Type        Size  Object(Section)

    BuildAttributes$$THM_ISAv4$P$D$K$B$S$PE$A:L22UL41UL21$X:L11$S22US41US21$IEEE1$IW$~IW$USESV6$~STKCKD$USESV7$~SHL$OTIME$EBA8$MICROLIB$REQ8$PRES8$EABIv2 0x00000000   Number         0  anon$$obj.o ABSOLUTE
    __cpp_initialize__aeabi_                  - Undefined Weak Reference
    __cxa_finalize                            - Undefined Weak Reference
    __decompress                              - Undefined Weak Reference
    _clock_init                               - Undefined Weak Reference
    _microlib_exit                            - Undefined Weak Reference
    __Vectors_Size                           0x000000ec   Number         0  startup_stm32f10x_ld.o ABSOLUTE
    __Vectors                                0x08000000   Data           4  startup_stm32f10x_ld.o(RESET)
    __Vectors_End                            0x080000ec   Data           0  startup_stm32f10x_ld.o(RESET)
    __main                                   0x080000ed   Thumb Code     0  entry.o(.ARM.Collect$$$$00000000)
    _main_stk                                0x080000ed   Thumb Code     0  entry2.o(.ARM.Collect$$$$00000001)
    _main_scatterload                        0x080000f1   Thumb Code     0  entry5.o(.ARM.Collect$$$$00000004)
    __main_after_scatterload                 0x080000f5   Thumb Code     0  entry5.o(.ARM.Collect$$$$00000004)
    _main_clock                              0x080000f5   Thumb Code     0  entry7b.o(.ARM.Collect$$$$00000008)
    _main_cpp_init                           0x080000f5   Thumb Code     0  entry8b.o(.ARM.Collect$$$$0000000A)
    _main_init                               0x080000f5   Thumb Code     0  entry9a.o(.ARM.Collect$$$$0000000B)
    __rt_final_cpp                           0x080000fd   Thumb Code     0  entry10a.o(.ARM.Collect$$$$0000000D)
    __rt_final_exit                          0x080000fd   Thumb Code     0  entry11a.o(.ARM.Collect$$$$0000000F)
    Reset_Handler                            0x08000101   Thumb Code     8  startup_stm32f10x_ld.o(.text)
    NMI_Handler                              0x08000109   Thumb Code     2  startup_stm32f10x_ld.o(.text)
    HardFault_Handler                        0x0800010b   Thumb Code     2  startup_stm32f10x_ld.o(.text)
    MemManage_Handler                        0x0800010d   Thumb Code     2  startup_stm32f10x_ld.o(.text)
    BusFault_Handler                         0x0800010f   Thumb Code     2  startup_stm32f10x_ld.o(.text)
    UsageFault_Handler                       0x08000111   Thumb Code     2  startup_stm32f10x_ld.o(.text)
    DebugMon_Handler                         0x08000115   Thumb Code     2  startup_stm32f10x_ld.o(.text)
    ADC1_2_IRQHandler                        0x0800011b   Thumb Code     0  startup_stm32f10x_ld.o(.text)
    CAN1_RX1_IRQHandler                      0x0800011b   Thumb Code     0  startup_stm32f10x_ld.o(.text)
    CAN1_SCE_IRQHandler                      0x0800011b   Thumb Code     0  startup_stm32f10x_ld.o(.text)
    DMA1_Channel1_IRQHandler                 0x0800011b   Thumb Code     0  startup_stm32f10x_ld.o(.text)
    DMA1_Channel2_IRQHandler                 0x0800011b   Thumb Code     0  startup_stm32f10x_ld.o(.text)
    DMA1_Channel3_IRQHandler                 0x0800011b   Thumb Code     0  startup_stm32f10x_ld.o(.text)
    DMA1_Channel4_IRQHandler                 0x0800011b   Thumb Code     0  startup_stm32f10x_ld.o(.text)
    DMA1_Channel5_IRQHandler                 0x0800011b   Thumb Code     0  startup_stm32f10x_ld.o(.text)
    DMA1_Channel6_IRQHandler                 0x0800011b   Thumb Code     0  startup_stm32f10x_ld.o(.text)
    DMA1_Channel7_IRQHandler                 0x0800011b   Thumb Code     0  startup_stm32f10x_ld.o(.text)
    EXTI0_IRQHandler                         0x0800011b   Thumb Code     0  startup_stm32f10x_ld.o(.text)
    EXTI15_10_IRQHandler                     0x0800011b   Thumb Code     0  startup_stm32f10x_ld.o(.text)
    EXTI1_IRQHandler                         0x0800011b   Thumb Code     0  startup_stm32f10x_ld.o(.text)
    EXTI2_IRQHandler                         0x0800011b   Thumb Code     0  startup_stm32f10x_ld.o(.text)
    EXTI3_IRQHandler                         0x0800011b   Thumb Code     0  startup_stm32f10x_ld.o(.text)
    EXTI4_IRQHandler                         0x0800011b   Thumb Code     0  startup_stm32f10x_ld.o(.text)
    EXTI9_5_IRQHandler                       0x0800011b   Thumb Code     0  startup_stm32f10x_ld.o(.text)
    FLASH_IRQHandler                         0x0800011b   Thumb Code     0  startup_stm32f10x_ld.o(.text)
    I2C1_ER_IRQHandler                       0x0800011b   Thumb Code     0  startup_stm32f10x_ld.o(.text)
    I2C1_EV_IRQHandler                       0x0800011b   Thumb Code     0  startup_stm32f10x_ld.o(.text)
    PVD_IRQHandler                           0x0800011b   Thumb Code     0  startup_stm32f10x_ld.o(.text)
    RCC_IRQHandler                           0x0800011b   Thumb Code     0  startup_stm32f10x_ld.o(.text)
    RTCAlarm_IRQHandler                      0x0800011b   Thumb Code     0  startup_stm32f10x_ld.o(.text)
    RTC_IRQHandler                           0x0800011b   Thumb Code     0  startup_stm32f10x_ld.o(.text)
    SPI1_IRQHandler                          0x0800011b   Thumb Code     0  startup_stm32f10x_ld.o(.text)
    TAMPER_IRQHandler                        0x0800011b   Thumb Code     0  startup_stm32f10x_ld.o(.text)
    TIM1_BRK_IRQHandler                      0x0800011b   Thumb Code     0  startup_stm32f10x_ld.o(.text)
    TIM1_CC_IRQHandler                       0x0800011b   Thumb Code     0  startup_stm32f10x_ld.o(.text)
    TIM1_TRG_COM_IRQHandler                  0x0800011b   Thumb Code     0  startup_stm32f10x_ld.o(.text)
    TIM1_UP_IRQHandler                       0x0800011b   Thumb Code     0  startup_stm32f10x_ld.o(.text)
    TIM2_IRQHandler                          0x0800011b   Thumb Code     0  startup_stm32f10x_ld.o(.text)
    TIM3_IRQHandler                          0x0800011b   Thumb Code     0  startup_stm32f10x_ld.o(.text)
    USART1_IRQHandler                        0x0800011b   Thumb Code     0  startup_stm32f10x_ld.o(.text)
    USART2_IRQHandler                        0x0800011b   Thumb Code     0  startup_stm32f10x_ld.o(.text)
    USBWakeUp_IRQHandler                     0x0800011b   Thumb Code     0  startup_stm32f10x_ld.o(.text)
    USB_HP_CAN1_TX_IRQHandler                0x0800011b   Thumb Code     0  startup_stm32f10x_ld.o(.text)
    USB_LP_CAN1_RX0_IRQHandler               0x0800011b   Thumb Code     0  startup_stm32f10x_ld.o(.text)
    WWDG_IRQHandler                          0x0800011b   Thumb Code     0  startup_stm32f10x_ld.o(.text)
    __aeabi_memset                           0x08000125   Thumb Code    14  memseta.o(.text)
    __aeabi_memset4                          0x08000125   Thumb Code     0  memseta.o(.text)
    __aeabi_memset8                          0x08000125   Thumb Code     0  memseta.o(.text)
    __aeabi_memclr                           0x08000133   Thumb Code     4  memseta.o(.text)
    __aeabi_memclr4                          0x08000133   Thumb Code     0  memseta.o(.text)
    __aeabi_memclr8                          0x08000133   Thumb Code     0  memseta.o(.text)
    _memset$wrapper                          0x08000137   Thumb Code    18  memseta.o(.text)
    __scatterload                            0x08000149   Thumb Code    28  init.o(.text)
    __scatterload_rt2                        0x08000149   Thumb Code     0  init.o(.text)
    Access                                   0x0800016d   Thumb Code    38  gpio.o(.text.Access)
    PendSV_Handler                           0x080001a1   Thumb Code    68  port.o(.text.PendSV_Handler)
    Release                                  0x080001e5   Thumb Code    40  gpio.o(.text.Release)
    SVC_Handler                              0x08000211   Thumb Code    36  port.o(.text.SVC_Handler)
    SysTick_Handler                          0x08000235   Thumb Code    46  port.o(.text.SysTick_Handler)
    SystemInit                               0x08000265   Thumb Code   272  system_stm32f10x.o(.text.SystemInit)
    main                                     0x08000375   Thumb Code    72  main.o(.text.main)
    pvPortMalloc                             0x08000491   Thumb Code   418  heap_4.o(.text.pvPortMalloc)
    pxPortInitialiseStack                    0x08000635   Thumb Code    32  port.o(.text.pxPortInitialiseStack)
    setup_GPIO                               0x08000655   Thumb Code    54  gpio.o(.text.setup_GPIO)
    setup_RCC                                0x0800068d   Thumb Code    18  gpio.o(.text.setup_RCC)
    uxListRemove                             0x080006a1   Thumb Code    36  list.o(.text.uxListRemove)
    vListInitialise                          0x080006c5   Thumb Code    22  list.o(.text.vListInitialise)
    vListInitialiseItem                      0x080006dd   Thumb Code     6  list.o(.text.vListInitialiseItem)
    vListInsertEnd                           0x080006e5   Thumb Code    28  list.o(.text.vListInsertEnd)
    vPortEnterCritical                       0x08000701   Thumb Code    70  port.o(.text.vPortEnterCritical)
    vPortExitCritical                        0x08000749   Thumb Code    46  port.o(.text.vPortExitCritical)
    vPortFree                                0x08000779   Thumb Code   194  heap_4.o(.text.vPortFree)
    vPortSetupTimerInterrupt                 0x0800083d   Thumb Code    52  port.o(.text.vPortSetupTimerInterrupt)
    vTask1                                   0x08000871   Thumb Code    62  main.o(.text.vTask1)
    vTaskDelete                              0x080008b1   Thumb Code   290  tasks.o(.text.vTaskDelete)
    vTaskStartScheduler                      0x080009d5   Thumb Code   140  tasks.o(.text.vTaskStartScheduler)
    vTaskSuspendAll                          0x08000a69   Thumb Code    16  tasks.o(.text.vTaskSuspendAll)
    vTaskSwitchContext                       0x08000a79   Thumb Code   134  tasks.o(.text.vTaskSwitchContext)
    xPortStartScheduler                      0x08000b01   Thumb Code   218  port.o(.text.xPortStartScheduler)
    xTaskCreate                              0x08000bdd   Thumb Code   516  tasks.o(.text.xTaskCreate)
    xTaskIncrementTick                       0x08000de1   Thumb Code   442  tasks.o(.text.xTaskIncrementTick)
    xTaskResumeAll                           0x08000f9d   Thumb Code   388  tasks.o(.text.xTaskResumeAll)
    __scatterload_copy                       0x08001121   Thumb Code    14  handlers.o(i.__scatterload_copy)
    __scatterload_null                       0x0800112f   Thumb Code     2  handlers.o(i.__scatterload_null)
    __scatterload_zeroinit                   0x08001131   Thumb Code    14  handlers.o(i.__scatterload_zeroinit)
    uxTopUsedPriority                        0x08001140   Data           4  tasks.o(.rodata.uxTopUsedPriority)
    Region$$Table$$Base                      0x08001144   Number         0  anon$$obj.o(Region$$Table)
    Region$$Table$$Limit                     0x08001164   Number         0  anon$$obj.o(Region$$Table)
    SystemCoreClock                          0x20000000   Data           4  system_stm32f10x.o(.data.SystemCoreClock)
    pxCurrentTCB                             0x20000008   Data           4  tasks.o(.bss.pxCurrentTCB)
    __initial_sp                             0x20013130   Data           0  startup_stm32f10x_ld.o(STACK)



==============================================================================

Memory Map of the image

  Image Entry point : 0x08000101

  Load Region LR_1 (Base: 0x08000000, Size: 0x0000116c, Max: 0xffffffff, ABSOLUTE)

    Execution Region ER_RO (Exec base: 0x08000000, Load base: 0x08000000, Size: 0x00001164, Max: 0xffffffff, ABSOLUTE)

    Exec Addr    Load Addr    Size         Type   Attr      Idx    E Section Name        Object

    0x08000000   0x08000000   0x000000ec   Data   RO           38    RESET               startup_stm32f10x_ld.o
    0x080000ec   0x080000ec   0x00000000   Code   RO          512  * .ARM.Collect$$$$00000000  mc_w.l(entry.o)
    0x080000ec   0x080000ec   0x00000004   Code   RO          521    .ARM.Collect$$$$00000001  mc_w.l(entry2.o)
    0x080000f0   0x080000f0   0x00000004   Code   RO          524    .ARM.Collect$$$$00000004  mc_w.l(entry5.o)
    0x080000f4   0x080000f4   0x00000000   Code   RO          526    .ARM.Collect$$$$00000008  mc_w.l(entry7b.o)
    0x080000f4   0x080000f4   0x00000000   Code   RO          528    .ARM.Collect$$$$0000000A  mc_w.l(entry8b.o)
    0x080000f4   0x080000f4   0x00000008   Code   RO          529    .ARM.Collect$$$$0000000B  mc_w.l(entry9a.o)
    0x080000fc   0x080000fc   0x00000000   Code   RO          531    .ARM.Collect$$$$0000000D  mc_w.l(entry10a.o)
    0x080000fc   0x080000fc   0x00000000   Code   RO          533    .ARM.Collect$$$$0000000F  mc_w.l(entry11a.o)
    0x080000fc   0x080000fc   0x00000004   Code   RO          522    .ARM.Collect$$$$00002712  mc_w.l(entry2.o)
    0x08000100   0x08000100   0x00000024   Code   RO           39  * .text               startup_stm32f10x_ld.o
    0x08000124   0x08000124   0x00000024   Code   RO          517    .text               mc_w.l(memseta.o)
    0x08000148   0x08000148   0x00000024   Code   RO          535    .text               mc_w.l(init.o)
    0x0800016c   0x0800016c   0x00000026   Code   RO           19    .text.Access        gpio.o
    0x08000192   0x08000192   0x0000000e   PAD
    0x080001a0   0x080001a0   0x00000044   Code   RO          273    .text.PendSV_Handler  port.o
    0x080001e4   0x080001e4   0x00000028   Code   RO           21    .text.Release       gpio.o
    0x0800020c   0x0800020c   0x00000004   PAD
    0x08000210   0x08000210   0x00000024   Code   RO          259    .text.SVC_Handler   port.o
    0x08000234   0x08000234   0x0000002e   Code   RO          275    .text.SysTick_Handler  port.o
    0x08000262   0x08000262   0x00000002   PAD
    0x08000264   0x08000264   0x00000110   Code   RO           46    .text.SystemInit    system_stm32f10x.o
    0x08000374   0x08000374   0x00000050   Code   RO            2    .text.main          main.o
    0x080003c4   0x080003c4   0x00000076   Code   RO          414    .text.prvIdleTask   tasks.o
    0x0800043a   0x0800043a   0x00000002   PAD
    0x0800043c   0x0800043c   0x00000020   Code   RO          265    .text.prvPortStartFirstTask  port.o
    0x0800045c   0x0800045c   0x00000032   Code   RO          257    .text.prvTaskExitError  port.o
    0x0800048e   0x0800048e   0x00000002   PAD
    0x08000490   0x08000490   0x000001a2   Code   RO          290    .text.pvPortMalloc  heap_4.o
    0x08000632   0x08000632   0x00000002   PAD
    0x08000634   0x08000634   0x00000020   Code   RO          255    .text.pxPortInitialiseStack  port.o
    0x08000654   0x08000654   0x00000036   Code   RO           27    .text.setup_GPIO    gpio.o
    0x0800068a   0x0800068a   0x00000002   PAD
    0x0800068c   0x0800068c   0x00000012   Code   RO           25    .text.setup_RCC     gpio.o
    0x0800069e   0x0800069e   0x00000002   PAD
    0x080006a0   0x080006a0   0x00000024   Code   RO          245    .text.uxListRemove  list.o
    0x080006c4   0x080006c4   0x00000016   Code   RO          237    .text.vListInitialise  list.o
    0x080006da   0x080006da   0x00000002   PAD
    0x080006dc   0x080006dc   0x00000006   Code   RO          239    .text.vListInitialiseItem  list.o
    0x080006e2   0x080006e2   0x00000002   PAD
    0x080006e4   0x080006e4   0x0000001c   Code   RO          241    .text.vListInsertEnd  list.o
    0x08000700   0x08000700   0x00000046   Code   RO          269    .text.vPortEnterCritical  port.o
    0x08000746   0x08000746   0x00000002   PAD
    0x08000748   0x08000748   0x0000002e   Code   RO          271    .text.vPortExitCritical  port.o
    0x08000776   0x08000776   0x00000002   PAD
    0x08000778   0x08000778   0x000000c2   Code   RO          292    .text.vPortFree     heap_4.o
    0x0800083a   0x0800083a   0x00000002   PAD
    0x0800083c   0x0800083c   0x00000034   Code   RO          263    .text.vPortSetupTimerInterrupt  port.o
    0x08000870   0x08000870   0x0000003e   Code   RO            4    .text.vTask1        main.o
    0x080008ae   0x080008ae   0x00000002   PAD
    0x080008b0   0x080008b0   0x00000122   Code   RO          384    .text.vTaskDelete   tasks.o
    0x080009d2   0x080009d2   0x00000002   PAD
    0x080009d4   0x080009d4   0x00000094   Code   RO          412    .text.vTaskStartScheduler  tasks.o
    0x08000a68   0x08000a68   0x00000010   Code   RO          388    .text.vTaskSuspendAll  tasks.o
    0x08000a78   0x08000a78   0x00000086   Code   RO          406    .text.vTaskSwitchContext  tasks.o
    0x08000afe   0x08000afe   0x00000002   PAD
    0x08000b00   0x08000b00   0x000000da   Code   RO          261    .text.xPortStartScheduler  port.o
    0x08000bda   0x08000bda   0x00000002   PAD
    0x08000bdc   0x08000bdc   0x00000204   Code   RO          382    .text.xTaskCreate   tasks.o
    0x08000de0   0x08000de0   0x000001ba   Code   RO          418    .text.xTaskIncrementTick  tasks.o
    0x08000f9a   0x08000f9a   0x00000002   PAD
    0x08000f9c   0x08000f9c   0x00000184   Code   RO          392    .text.xTaskResumeAll  tasks.o
    0x08001120   0x08001120   0x0000000e   Code   RO          539    i.__scatterload_copy  mc_w.l(handlers.o)
    0x0800112e   0x0800112e   0x00000002   Code   RO          540    i.__scatterload_null  mc_w.l(handlers.o)
    0x08001130   0x08001130   0x0000000e   Code   RO          541    i.__scatterload_zeroinit  mc_w.l(handlers.o)
    0x0800113e   0x0800113e   0x00000002   PAD
    0x08001140   0x08001140   0x00000004   Data   RO          483    .rodata.uxTopUsedPriority  tasks.o
    0x08001144   0x08001144   0x00000020   Data   RO          538    Region$$Table       anon$$obj.o


    Execution Region ER_RW (Exec base: 0x20000000, Load base: 0x08001164, Size: 0x00000008, Max: 0xffffffff, ABSOLUTE)

    Exec Addr    Load Addr    Size         Type   Attr      Idx    E Section Name        Object

    0x20000000   0x08001164   0x00000004   Data   RW           50    .data.SystemCoreClock  system_stm32f10x.o
    0x20000004   0x08001168   0x00000004   Data   RW          281    .data.uxCriticalNesting  port.o


    Execution Region ER_ZI (Exec base: 0x20000008, Load base: 0x0800116c, Size: 0x00013128, Max: 0xffffffff, ABSOLUTE)

    Exec Addr    Load Addr    Size         Type   Attr      Idx    E Section Name        Object

    0x20000008        -       0x00000004   Zero   RW          482    .bss.pxCurrentTCB   tasks.o
    0x2000000c        -       0x00000004   Zero   RW          493    .bss.pxDelayedTaskList  tasks.o
    0x20000010        -       0x00000004   Zero   RW          304    .bss.pxEnd          heap_4.o
    0x20000014        -       0x00000004   Zero   RW          494    .bss.pxOverflowDelayedTaskList  tasks.o
    0x20000018        -       0x00000064   Zero   RW          484    .bss.pxReadyTasksLists  tasks.o
    0x2000007c        -       0x00012c00   Zero   RW          310    .bss.ucHeap         heap_4.o
    0x20012c7c        -       0x00000001   Zero   RW          279    .bss.ucMaxSysCallPriority  port.o
    0x20012c7d   0x0800116c   0x00000003   PAD
    0x20012c80        -       0x00000004   Zero   RW          280    .bss.ulMaxPRIGROUPValue  port.o
    0x20012c84        -       0x00000004   Zero   RW          489    .bss.uxCurrentNumberOfTasks  tasks.o
    0x20012c88        -       0x00000004   Zero   RW          488    .bss.uxDeletedTasksWaitingCleanUp  tasks.o
    0x20012c8c        -       0x00000004   Zero   RW          491    .bss.uxSchedulerSuspended  tasks.o
    0x20012c90        -       0x00000004   Zero   RW          486    .bss.uxTaskNumber   tasks.o
    0x20012c94        -       0x00000004   Zero   RW          485    .bss.uxTopReadyPriority  tasks.o
    0x20012c98        -       0x00000014   Zero   RW          502    .bss.xDelayedTaskList1  tasks.o
    0x20012cac        -       0x00000014   Zero   RW          503    .bss.xDelayedTaskList2  tasks.o
    0x20012cc0        -       0x00000004   Zero   RW          305    .bss.xFreeBytesRemaining  heap_4.o
    0x20012cc4        -       0x00000004   Zero   RW          498    .bss.xIdleTaskHandle  tasks.o
    0x20012cc8        -       0x00000004   Zero   RW          307    .bss.xMinimumEverFreeBytesRemaining  heap_4.o
    0x20012ccc        -       0x00000004   Zero   RW          499    .bss.xNextTaskUnblockTime  tasks.o
    0x20012cd0        -       0x00000004   Zero   RW          501    .bss.xNumOfOverflows  tasks.o
    0x20012cd4        -       0x00000004   Zero   RW          308    .bss.xNumberOfSuccessfulAllocations  heap_4.o
    0x20012cd8        -       0x00000004   Zero   RW          309    .bss.xNumberOfSuccessfulFrees  heap_4.o
    0x20012cdc        -       0x00000004   Zero   RW          500    .bss.xPendedTicks   tasks.o
    0x20012ce0        -       0x00000014   Zero   RW          497    .bss.xPendingReadyList  tasks.o
    0x20012cf4        -       0x00000004   Zero   RW          490    .bss.xSchedulerRunning  tasks.o
    0x20012cf8        -       0x00000008   Zero   RW          306    .bss.xStart         heap_4.o
    0x20012d00        -       0x00000014   Zero   RW          495    .bss.xSuspendedTaskList  tasks.o
    0x20012d14        -       0x00000014   Zero   RW          487    .bss.xTasksWaitingTermination  tasks.o
    0x20012d28        -       0x00000004   Zero   RW          492    .bss.xTickCount     tasks.o
    0x20012d2c        -       0x00000004   Zero   RW          496    .bss.xYieldPending  tasks.o
    0x20012d30        -       0x00000400   Zero   RW           36    STACK               startup_stm32f10x_ld.o


==============================================================================

Image component sizes


      Code (inc. data)   RO Data    RW Data    ZI Data      Debug   Object Name

       150          0          0          0          0       1685   gpio.o
       612          0          0          0      76828       5498   heap_4.o
        92          0          0          0          0       2411   list.o
       142          8          0          0          0       2481   main.o
       650         12          0          4          5       4001   port.o
        36          8        236          0       1024        896   startup_stm32f10x_ld.o
       272          0          0          4          0       2855   system_stm32f10x.o
      2052          8          4          0        260      36320   tasks.o

    ----------------------------------------------------------------------
      4056         36        272          8      78120      56147   Object Totals
         0          0         32          0          0          0   (incl. Generated)
        50          0          0          0          3          0   (incl. Padding)

    ----------------------------------------------------------------------

      Code (inc. data)   RO Data    RW Data    ZI Data      Debug   Library Member Name

         0          0          0          0          0          0   entry.o
         0          0          0          0          0          0   entry10a.o
         0          0          0          0          0          0   entry11a.o
         8          4          0          0          0          0   entry2.o
         4          0          0          0          0          0   entry5.o
         0          0          0          0          0          0   entry7b.o
         0          0          0          0          0          0   entry8b.o
         8          4          0          0          0          0   entry9a.o
        30          0          0          0          0          0   handlers.o
        36          8          0          0          0         68   init.o
        36          0          0          0          0        108   memseta.o

    ----------------------------------------------------------------------
       124         16          0          0          0        176   Library Totals
         2          0          0          0          0          0   (incl. Padding)

    ----------------------------------------------------------------------

      Code (inc. data)   RO Data    RW Data    ZI Data      Debug   Library Name

       122         16          0          0          0        176   mc_w.l

    ----------------------------------------------------------------------
       124         16          0          0          0        176   Library Totals

    ----------------------------------------------------------------------

==============================================================================


      Code (inc. data)   RO Data    RW Data    ZI Data      Debug   

      4180         52        272          8      78120      56355   Grand Totals
      4180         52        272          8      78120      56355   ELF Image Totals
      4180         52        272          8          0          0   ROM Totals

==============================================================================

    Total RO  Size (Code + RO Data)                 4452 (   4.35kB)
    Total RW  Size (RW Data + ZI Data)             78128 (  76.30kB)
    Total ROM Size (Code + RO Data + RW Data)       4460 (   4.36kB)

==============================================================================

