<html>
<body>
<pre>
<h1>µVision Build Log</h1>
<h2>Tool Versions:</h2>
IDE-Version: µVision V5.38.0.0
Copyright (C) 2022 ARM Ltd and ARM Germany GmbH. All rights reserved.
License Information: Leonardo Acha Boiano, Universidad Catolica Boliviana, LIC=----
 
Tool Versions:
Toolchain:       MDK-Lite  Version: 5.38.0.0
Toolchain Path:  C:\Keil_v5\ARM\ARMCLANG\Bin
C Compiler:      ArmClang.exe V6.19
Assembler:       Armasm.exe V6.19
Linker/Locator:  ArmLink.exe V6.19
Library Manager: ArmAr.exe V6.19
Hex Converter:   FromElf.exe V6.19
CPU DLL:         SARMCM3.DLL V5.38.0.0
Dialog DLL:      DCM.DLL V1.17.5.0
Target DLL:      STLink\ST-LINKIII-KEIL_SWO.dll V3.1.0.0
Dialog DLL:      TCM.DLL V1.56.4.0
 
<h2>Project:</h2>
C:\Users\ZEPHYRUS\Documents\UCB\Mecatronica\S7_MECATRONICA\imt232_sistemasEmbebidos2\embobados_lab\lab_03\nucleo_blink.uvprojx
Project File Date:  03/26/2023

<h2>Output:</h2>
*** Using Compiler 'V6.19', folder: 'C:\Keil_v5\ARM\ARMCLANG\Bin'
Build target 'Target 1'
Note: source file 'C:/Users/ZEPHYRUS/AppData/Local/Arm/Packs/ARM/CMSIS-FreeRTOS/10.5.1/Source/tasks.c' - object file renamed from '.\Objects\tasks.o' to '.\Objects\tasks_1.o'.
main.c(11): warning: In file included from...
./main.h(14): warning: In file included from...
./tasks.h(14): warning: In file included from...
./gpio.h(7): warning: In file included from...
C:/Users/ZEPHYRUS/AppData/Local/Arm/Packs/Keil/STM32F1xx_DFP/2.4.0/Device/Include\stm32f10x.h(18): warning: invalid UTF-8 in comment [-Winvalid-utf8]
  *              - To use or not the peripheral<92>s drivers in application code(i.e. 
                                               ^
C:/Users/ZEPHYRUS/AppData/Local/Arm/Packs/Keil/STM32F1xx_DFP/2.4.0/Device/Include\stm32f10x.h(19): warning: invalid UTF-8 in comment [-Winvalid-utf8]
  *                code will be based on direct access to peripheral<92>s registers 
                                                                    ^
C:/Users/ZEPHYRUS/AppData/Local/Arm/Packs/Keil/STM32F1xx_DFP/2.4.0/Device/Include\stm32f10x.h(26): warning: invalid UTF-8 in comment [-Winvalid-utf8]
  *           - Macros to access peripheral<92>s registers hardware
                                           ^
main.c(11): warning: In file included from...
./main.h(14): warning: In file included from...
./tasks.h(18): warning: In file included from...
./delay.h(23): warning: no newline at end of file [-Wnewline-eof]
/******************************************************************************/
                                                                                ^
main.c(11): warning: In file included from...
./main.h(14): warning: In file included from...
./tasks.h(19): warning: In file included from...
./usart.h(24): warning: no newline at end of file [-Wnewline-eof]
/******************************************************************************/
                                                                                ^
main.c(25): warning: a function declaration without a prototype is deprecated in all versions of C [-Wstrict-prototypes]
int main(){
        ^
         void
6 warnings generated.
compiling main.c...
tasks.c(11): warning: In file included from...
./tasks.h(14): warning: In file included from...
./gpio.h(7): warning: In file included from...
C:/Users/ZEPHYRUS/AppData/Local/Arm/Packs/Keil/STM32F1xx_DFP/2.4.0/Device/Include\stm32f10x.h(18): warning: invalid UTF-8 in comment [-Winvalid-utf8]
  *              - To use or not the peripheral<92>s drivers in application code(i.e. 
                                               ^
C:/Users/ZEPHYRUS/AppData/Local/Arm/Packs/Keil/STM32F1xx_DFP/2.4.0/Device/Include\stm32f10x.h(19): warning: invalid UTF-8 in comment [-Winvalid-utf8]
  *                code will be based on direct access to peripheral<92>s registers 
                                                                    ^
C:/Users/ZEPHYRUS/AppData/Local/Arm/Packs/Keil/STM32F1xx_DFP/2.4.0/Device/Include\stm32f10x.h(26): warning: invalid UTF-8 in comment [-Winvalid-utf8]
  *           - Macros to access peripheral<92>s registers hardware
                                           ^
tasks.c(11): warning: In file included from...
./tasks.h(18): warning: In file included from...
./delay.h(23): warning: no newline at end of file [-Wnewline-eof]
/******************************************************************************/
                                                                                ^
tasks.c(11): warning: In file included from...
./tasks.h(19): warning: In file included from...
./usart.h(24): warning: no newline at end of file [-Wnewline-eof]
/******************************************************************************/
                                                                                ^
tasks.c(51): warning: incompatible pointer types initializing 'TaskHandle_t *const' (aka 'struct tskTaskControlBlock **const') with an expression of type 'TaskHandle_t' (aka 'struct tskTaskControlBlock *'); take the address with & [-Wincompatible-pointer-types]
                {(TaskFunction_t)SquareTask, "SquareTask", TASK_SQUARE_STACK_DEPTH, &taskParams, TASK_SQUARE_PRIORITY, squareTask},
                                                                                                                       ^~~~~~~~~~
                                                                                                                       &
tasks.c(52): warning: incompatible pointer types initializing 'TaskHandle_t *const' (aka 'struct tskTaskControlBlock **const') with an expression of type 'TaskHandle_t' (aka 'struct tskTaskControlBlock *'); take the address with & [-Wincompatible-pointer-types]
                {(TaskFunction_t)DecrementTask, "DecrementTask", TASK_DECREMENT_STACK_DEPTH, &taskParams, TASK_DECREMENT_PRIORITY, decrementTask}};
                                                                                                                                   ^~~~~~~~~~~~~
                                                                                                                                   &
tasks.c(23): warning: padding struct 'TaskInitParams_t' with 2 bytes to align 'ParametersPtr' [-Wpadded]
        const void *ParametersPtr;                               /*< Parameter Pointer            */
                    ^
tasks.c(62): warning: passing 'const void *const' to parameter of type 'void *' discards qualifiers [-Wincompatible-pointer-types-discards-qualifiers]
                                                         TaskInitParameters[TaskCount].ParametersPtr,
                                                         ^~~~~~~~~~~~~~~~~~~~~~~~~~~~~~~~~~~~~~~~~~~
C:/Users/ZEPHYRUS/AppData/Local/Arm/Packs/ARM/CMSIS-FreeRTOS/10.5.1/Source/include/task.h(358): note: passing argument to parameter 'pvParameters' here
                            void * const pvParameters,
                                         ^
tasks.c(47): warning: mixing declarations and code is incompatible with standards before C99 [-Wdeclaration-after-statement]
        TaskParams_t taskParams = {queue1, queue2};
                     ^
tasks.c(80): warning: declaration shadows a variable in the global scope [-Wshadow]
        QueueHandle_t queue1 = params->queue1;
                      ^
./tasks.h(33): note: previous declaration is here
extern QueueHandle_t queue1;
                     ^
tasks.c(81): warning: declaration shadows a variable in the global scope [-Wshadow]
        QueueHandle_t queue2 = params->queue2;
                      ^
./tasks.h(34): note: previous declaration is here
extern QueueHandle_t queue2;
                     ^
tasks.c(81): warning: unused variable 'queue2' [-Wunused-variable]
        QueueHandle_t queue2 = params->queue2;
                      ^
tasks.c(80): warning: unused variable 'queue1' [-Wunused-variable]
        QueueHandle_t queue1 = params->queue1;
                      ^
tasks.c(140): warning: declaration shadows a variable in the global scope [-Wshadow]
        QueueHandle_t queue1 = params->queue1;
                      ^
./tasks.h(33): note: previous declaration is here
extern QueueHandle_t queue1;
                     ^
tasks.c(141): warning: declaration shadows a variable in the global scope [-Wshadow]
        QueueHandle_t queue2 = params->queue2;
                      ^
./tasks.h(34): note: previous declaration is here
extern QueueHandle_t queue2;
                     ^
tasks.c(140): warning: unused variable 'queue1' [-Wunused-variable]
        QueueHandle_t queue1 = params->queue1;
                      ^
tasks.c(141): warning: unused variable 'queue2' [-Wunused-variable]
        QueueHandle_t queue2 = params->queue2;
                      ^
18 warnings generated.
compiling tasks.c...
linking...
Program Size: Code=8384 RO-data=280 RW-data=8 ZI-data=12192  
".\Objects\nucleo_blink.axf" - 0 Error(s), 24 Warning(s).

<h2>Software Packages used:</h2>

Package Vendor: ARM
                http://www.keil.com/pack/ARM.CMSIS.5.9.0.pack
                ARM.CMSIS.5.9.0
                CMSIS (Common Microcontroller Software Interface Standard)
   * Component: CORE Version: 5.6.0

Package Vendor: ARM
                https://www.keil.com/pack/ARM.CMSIS-FreeRTOS.10.5.1.pack
                ARM.CMSIS-FreeRTOS.10.5.1
                Bundle of FreeRTOS for Cortex-M and Cortex-A
   * Component: Config Variant: FreeRTOS Version: 10.5.1
   * Component: Core Variant: Cortex-M Version: 10.5.1
   * Component: Heap Variant: Heap_4 Version: 10.5.1
   * Component: Timers Version: 10.5.1

Package Vendor: Keil
                http://www.keil.com/pack/Keil.STM32F1xx_DFP.2.4.0.pack
                Keil.STM32F1xx_DFP.2.4.0
                STMicroelectronics STM32F1 Series Device Support, Drivers and Examples
   * Component: Startup Version: 1.0.0

<h2>Collection of Component include folders:</h2>
  ./RTE/Device/STM32F103C6
  ./RTE/RTOS
  ./RTE/_Target_1
  C:/Users/ZEPHYRUS/AppData/Local/Arm/Packs/ARM/CMSIS-FreeRTOS/10.5.1/CMSIS/RTOS2/FreeRTOS/Include
  C:/Users/ZEPHYRUS/AppData/Local/Arm/Packs/ARM/CMSIS-FreeRTOS/10.5.1/Source/include
  C:/Users/ZEPHYRUS/AppData/Local/Arm/Packs/ARM/CMSIS-FreeRTOS/10.5.1/Source/portable/GCC/ARM_CM3
  C:/Users/ZEPHYRUS/AppData/Local/Arm/Packs/ARM/CMSIS/5.9.0/CMSIS/Core/Include
  C:/Users/ZEPHYRUS/AppData/Local/Arm/Packs/Keil/STM32F1xx_DFP/2.4.0/Device/Include

<h2>Collection of Component Files used:</h2>

   * Component: ARM.FreeRTOS::RTOS:Config:FreeRTOS:10.5.1
      Include file:  Config/ARMCM/FreeRTOSConfig.h

   * Component: ARM.FreeRTOS::RTOS:Core:Cortex-M:10.5.1
      Source file:   Source/portable/GCC/ARM_CM3/port.c
      Include file:  Source/include/semphr.h
      Source file:   Source/list.c
      Include file:  Source/include/FreeRTOS.h
      Include file:  Source/include/task.h
      Source file:   Source/queue.c
      Include file:  Source/include/queue.h
      Source file:   Source/tasks.c
      Source file:   CMSIS/RTOS2/FreeRTOS/Source/freertos_evr.c

   * Component: ARM.FreeRTOS::RTOS:Heap:Heap_4:10.5.1
      Source file:   Source/portable/MemMang/heap_4.c

   * Component: ARM.FreeRTOS::RTOS:Timers:10.5.1
      Include file:  Source/include/timers.h
      Source file:   Source/timers.c

   * Component: ARM::CMSIS:CORE:5.6.0

   * Component: Keil::Device:Startup:1.0.0
      Include file:  RTE_Driver/Config/RTE_Device.h
      Source file:   Device/Source/ARM/STM32F1xx_OPT.s
      Source file:   Device/Source/ARM/startup_stm32f10x_ld.s
      Source file:   Device/Source/system_stm32f10x.c
Build Time Elapsed:  00:00:01
</pre>
</body>
</html>
