Component: Arm Compiler for Embedded 6.19 Tool: armlink [5e73cb00]

==============================================================================

Section Cross References

    main.o(.text.main) refers to gpio.o(.text.setup_RCC) for setup_RCC
    main.o(.text.main) refers to gpio.o(.text.setup_GPIO) for setup_GPIO
    main.o(.text.main) refers to usart.o(.text.usart1_init) for usart1_init
    main.o(.text.main) refers to usart.o(.text.usart1_sendStr) for usart1_sendStr
    main.o(.text.main) refers to tasks.o(.text.initialize_tasks) for initialize_tasks
    main.o(.text.main) refers to tasks_1.o(.text.vTaskStartScheduler) for vTaskStartScheduler
    main.o(.ARM.exidx.text.main) refers to main.o(.text.main) for [Anonymous Symbol]
    delay.o(.ARM.exidx.text.delay_ms) refers to delay.o(.text.delay_ms) for [Anonymous Symbol]
    gpio.o(.ARM.exidx.text.Access) refers to gpio.o(.text.Access) for [Anonymous Symbol]
    gpio.o(.ARM.exidx.text.Release) refers to gpio.o(.text.Release) for [Anonymous Symbol]
    gpio.o(.ARM.exidx.text.Check) refers to gpio.o(.text.Check) for [Anonymous Symbol]
    gpio.o(.ARM.exidx.text.setup_RCC) refers to gpio.o(.text.setup_RCC) for [Anonymous Symbol]
    gpio.o(.ARM.exidx.text.setup_GPIO) refers to gpio.o(.text.setup_GPIO) for [Anonymous Symbol]
    usart.o(.text) refers (Special) to _printf_percent.o(.ARM.Collect$$_printf_percent$$00000000) for _printf_percent
    usart.o(.text) refers (Special) to _printf_d.o(.ARM.Collect$$_printf_percent$$00000009) for _printf_d
    usart.o(.text) refers (Special) to _printf_dec.o(.text) for _printf_int_dec
    usart.o(.text.usart1_init) refers (Special) to _printf_percent.o(.ARM.Collect$$_printf_percent$$00000000) for _printf_percent
    usart.o(.text.usart1_init) refers (Special) to _printf_d.o(.ARM.Collect$$_printf_percent$$00000009) for _printf_d
    usart.o(.text.usart1_init) refers (Special) to _printf_dec.o(.text) for _printf_int_dec
    usart.o(.ARM.exidx.text.usart1_init) refers (Special) to _printf_percent.o(.ARM.Collect$$_printf_percent$$00000000) for _printf_percent
    usart.o(.ARM.exidx.text.usart1_init) refers (Special) to _printf_d.o(.ARM.Collect$$_printf_percent$$00000009) for _printf_d
    usart.o(.ARM.exidx.text.usart1_init) refers (Special) to _printf_dec.o(.text) for _printf_int_dec
    usart.o(.ARM.exidx.text.usart1_init) refers to usart.o(.text.usart1_init) for [Anonymous Symbol]
    usart.o(.text.usart1_sendByte) refers (Special) to _printf_percent.o(.ARM.Collect$$_printf_percent$$00000000) for _printf_percent
    usart.o(.text.usart1_sendByte) refers (Special) to _printf_d.o(.ARM.Collect$$_printf_percent$$00000009) for _printf_d
    usart.o(.text.usart1_sendByte) refers (Special) to _printf_dec.o(.text) for _printf_int_dec
    usart.o(.ARM.exidx.text.usart1_sendByte) refers (Special) to _printf_percent.o(.ARM.Collect$$_printf_percent$$00000000) for _printf_percent
    usart.o(.ARM.exidx.text.usart1_sendByte) refers (Special) to _printf_d.o(.ARM.Collect$$_printf_percent$$00000009) for _printf_d
    usart.o(.ARM.exidx.text.usart1_sendByte) refers (Special) to _printf_dec.o(.text) for _printf_int_dec
    usart.o(.ARM.exidx.text.usart1_sendByte) refers to usart.o(.text.usart1_sendByte) for [Anonymous Symbol]
    usart.o(.text.usart1_sendStr) refers (Special) to _printf_percent.o(.ARM.Collect$$_printf_percent$$00000000) for _printf_percent
    usart.o(.text.usart1_sendStr) refers (Special) to _printf_d.o(.ARM.Collect$$_printf_percent$$00000009) for _printf_d
    usart.o(.text.usart1_sendStr) refers (Special) to _printf_dec.o(.text) for _printf_int_dec
    usart.o(.ARM.exidx.text.usart1_sendStr) refers (Special) to _printf_percent.o(.ARM.Collect$$_printf_percent$$00000000) for _printf_percent
    usart.o(.ARM.exidx.text.usart1_sendStr) refers (Special) to _printf_d.o(.ARM.Collect$$_printf_percent$$00000009) for _printf_d
    usart.o(.ARM.exidx.text.usart1_sendStr) refers (Special) to _printf_dec.o(.text) for _printf_int_dec
    usart.o(.ARM.exidx.text.usart1_sendStr) refers to usart.o(.text.usart1_sendStr) for [Anonymous Symbol]
    usart.o(.text.usart1_sendInt) refers (Special) to _printf_percent.o(.ARM.Collect$$_printf_percent$$00000000) for _printf_percent
    usart.o(.text.usart1_sendInt) refers (Special) to _printf_d.o(.ARM.Collect$$_printf_percent$$00000009) for _printf_d
    usart.o(.text.usart1_sendInt) refers (Special) to _printf_dec.o(.text) for _printf_int_dec
    usart.o(.text.usart1_sendInt) refers to noretval__2sprintf.o(.text) for __2sprintf
    usart.o(.ARM.exidx.text.usart1_sendInt) refers (Special) to _printf_percent.o(.ARM.Collect$$_printf_percent$$00000000) for _printf_percent
    usart.o(.ARM.exidx.text.usart1_sendInt) refers (Special) to _printf_d.o(.ARM.Collect$$_printf_percent$$00000009) for _printf_d
    usart.o(.ARM.exidx.text.usart1_sendInt) refers (Special) to _printf_dec.o(.text) for _printf_int_dec
[...]
    Removing freertos_evr.o(.text.EvrFreeRTOSStreamBuf_StreamBufferSendFailed), (2 bytes).
    Removing freertos_evr.o(.ARM.exidx.text.EvrFreeRTOSStreamBuf_StreamBufferSendFailed), (8 bytes).
    Removing freertos_evr.o(.text.EvrFreeRTOSStreamBuf_StreamBufferSendFromIsr), (2 bytes).
    Removing freertos_evr.o(.ARM.exidx.text.EvrFreeRTOSStreamBuf_StreamBufferSendFromIsr), (8 bytes).
    Removing freertos_evr.o(.text.EvrFreeRTOSStreamBuf_StreamBufferBlockingOnReceive), (2 bytes).
    Removing freertos_evr.o(.ARM.exidx.text.EvrFreeRTOSStreamBuf_StreamBufferBlockingOnReceive), (8 bytes).
    Removing freertos_evr.o(.text.EvrFreeRTOSStreamBuf_StreamBufferReceive), (2 bytes).
    Removing freertos_evr.o(.ARM.exidx.text.EvrFreeRTOSStreamBuf_StreamBufferReceive), (8 bytes).
    Removing freertos_evr.o(.text.EvrFreeRTOSStreamBuf_StreamBufferReceiveFailed), (2 bytes).
    Removing freertos_evr.o(.ARM.exidx.text.EvrFreeRTOSStreamBuf_StreamBufferReceiveFailed), (8 bytes).
    Removing freertos_evr.o(.text.EvrFreeRTOSStreamBuf_StreamBufferReceiveFromIsr), (2 bytes).
    Removing freertos_evr.o(.ARM.exidx.text.EvrFreeRTOSStreamBuf_StreamBufferReceiveFromIsr), (8 bytes).
    Removing freertos_evr.o(.text.EvrFreeRTOSHeap_Malloc), (2 bytes).
    Removing freertos_evr.o(.ARM.exidx.text.EvrFreeRTOSHeap_Malloc), (8 bytes).
    Removing freertos_evr.o(.text.EvrFreeRTOSHeap_Free), (2 bytes).
    Removing freertos_evr.o(.ARM.exidx.text.EvrFreeRTOSHeap_Free), (8 bytes).
    Removing list.o(.text), (0 bytes).
    Removing list.o(.ARM.exidx.text.vListInitialise), (8 bytes).
    Removing list.o(.ARM.exidx.text.vListInitialiseItem), (8 bytes).
    Removing list.o(.text.vListInsertEnd), (28 bytes).
    Removing list.o(.ARM.exidx.text.vListInsertEnd), (8 bytes).
    Removing list.o(.ARM.exidx.text.vListInsert), (8 bytes).
    Removing list.o(.ARM.exidx.text.uxListRemove), (8 bytes).
    Removing port.o(.text), (0 bytes).
    Removing port.o(.ARM.exidx.text.pxPortInitialiseStack), (8 bytes).
    Removing port.o(.ARM.exidx.text.prvTaskExitError), (8 bytes).
    Removing port.o(.ARM.exidx.text.SVC_Handler), (8 bytes).
    Removing port.o(.ARM.exidx.text.xPortStartScheduler), (8 bytes).
    Removing port.o(.ARM.exidx.text.vPortSetupTimerInterrupt), (8 bytes).
    Removing port.o(.ARM.exidx.text.prvPortStartFirstTask), (8 bytes).
    Removing port.o(.text.vPortEndScheduler), (38 bytes).
    Removing port.o(.ARM.exidx.text.vPortEndScheduler), (8 bytes).
    Removing port.o(.ARM.exidx.text.vPortEnterCritical), (8 bytes).
    Removing port.o(.ARM.exidx.text.vPortExitCritical), (8 bytes).
    Removing port.o(.ARM.exidx.text.PendSV_Handler), (8 bytes).
    Removing port.o(.ARM.exidx.text.SysTick_Handler), (8 bytes).
    Removing port.o(.text.vPortValidateInterruptPriority), (98 bytes).
    Removing port.o(.ARM.exidx.text.vPortValidateInterruptPriority), (8 bytes).
    Removing heap_4.o(.text), (0 bytes).
    Removing heap_4.o(.ARM.exidx.text.pvPortMalloc), (8 bytes).
    Removing heap_4.o(.ARM.exidx.text.vPortFree), (8 bytes).
    Removing heap_4.o(.text.xPortGetFreeHeapSize), (12 bytes).
    Removing heap_4.o(.ARM.exidx.text.xPortGetFreeHeapSize), (8 bytes).
    Removing heap_4.o(.text.xPortGetMinimumEverFreeHeapSize), (12 bytes).
    Removing heap_4.o(.ARM.exidx.text.xPortGetMinimumEverFreeHeapSize), (8 bytes).
    Removing heap_4.o(.text.vPortInitialiseBlocks), (2 bytes).
    Removing heap_4.o(.ARM.exidx.text.vPortInitialiseBlocks), (8 bytes).
    Removing heap_4.o(.text.pvPortCalloc), (36 bytes).
    Removing heap_4.o(.ARM.exidx.text.pvPortCalloc), (8 bytes).
    Removing heap_4.o(.text.vPortGetHeapStats), (158 bytes).
    Removing heap_4.o(.ARM.exidx.text.vPortGetHeapStats), (8 bytes).
    Removing queue.o(.text), (0 bytes).
    Removing queue.o(.text.xQueueGenericReset), (178 bytes).
    Removing queue.o(.ARM.exidx.text.xQueueGenericReset), (8 bytes).
    Removing queue.o(.ARM.exidx.text.xQueueGenericCreate), (8 bytes).
    Removing queue.o(.ARM.exidx.text.xQueueCreateMutex), (8 bytes).
    Removing queue.o(.text.xQueueGiveMutexRecursive), (66 bytes).
    Removing queue.o(.ARM.exidx.text.xQueueGiveMutexRecursive), (8 bytes).
    Removing queue.o(.ARM.exidx.text.xQueueGenericSend), (8 bytes).
    Removing queue.o(.text.xQueueTakeMutexRecursive), (60 bytes).
    Removing queue.o(.ARM.exidx.text.xQueueTakeMutexRecursive), (8 bytes).
    Removing queue.o(.ARM.exidx.text.xQueueSemaphoreTake), (8 bytes).
    Removing queue.o(.text.xQueueCreateCountingSemaphore), (50 bytes).
    Removing queue.o(.ARM.exidx.text.xQueueCreateCountingSemaphore), (8 bytes).
    Removing queue.o(.ARM.exidx.text.prvUnlockQueue), (8 bytes).
    Removing queue.o(.text.xQueueGenericSendFromISR), (352 bytes).
    Removing queue.o(.ARM.exidx.text.xQueueGenericSendFromISR), (8 bytes).
    Removing queue.o(.text.xQueueGiveFromISR), (244 bytes).
    Removing queue.o(.ARM.exidx.text.xQueueGiveFromISR), (8 bytes).
    Removing queue.o(.text.xQueueReceive), (396 bytes).
    Removing queue.o(.ARM.exidx.text.xQueueReceive), (8 bytes).
    Removing queue.o(.text.xQueuePeek), (388 bytes).
    Removing queue.o(.ARM.exidx.text.xQueuePeek), (8 bytes).
    Removing queue.o(.text.xQueueReceiveFromISR), (268 bytes).
    Removing queue.o(.ARM.exidx.text.xQueueReceiveFromISR), (8 bytes).
    Removing queue.o(.text.xQueuePeekFromISR), (152 bytes).
    Removing queue.o(.ARM.exidx.text.xQueuePeekFromISR), (8 bytes).
    Removing queue.o(.text.uxQueueMessagesWaiting), (38 bytes).
    Removing queue.o(.ARM.exidx.text.uxQueueMessagesWaiting), (8 bytes).
    Removing queue.o(.text.uxQueueSpacesAvailable), (42 bytes).
    Removing queue.o(.ARM.exidx.text.uxQueueSpacesAvailable), (8 bytes).
    Removing queue.o(.text.uxQueueMessagesWaitingFromISR), (26 bytes).
    Removing queue.o(.ARM.exidx.text.uxQueueMessagesWaitingFromISR), (8 bytes).
    Removing queue.o(.text.vQueueDelete), (66 bytes).
    Removing queue.o(.ARM.exidx.text.vQueueDelete), (8 bytes).
    Removing queue.o(.text.vQueueUnregisterQueue), (62 bytes).
    Removing queue.o(.ARM.exidx.text.vQueueUnregisterQueue), (8 bytes).
    Removing queue.o(.text.uxQueueGetQueueNumber), (4 bytes).
    Removing queue.o(.ARM.exidx.text.uxQueueGetQueueNumber), (8 bytes).
    Removing queue.o(.text.vQueueSetQueueNumber), (4 bytes).
    Removing queue.o(.ARM.exidx.text.vQueueSetQueueNumber), (8 bytes).
    Removing queue.o(.text.ucQueueGetQueueType), (6 bytes).
    Removing queue.o(.ARM.exidx.text.ucQueueGetQueueType), (8 bytes).
    Removing queue.o(.text.xQueueIsQueueEmptyFromISR), (30 bytes).
    Removing queue.o(.ARM.exidx.text.xQueueIsQueueEmptyFromISR), (8 bytes).
    Removing queue.o(.text.xQueueIsQueueFullFromISR), (34 bytes).
    Removing queue.o(.ARM.exidx.text.xQueueIsQueueFullFromISR), (8 bytes).
    Removing queue.o(.text.vQueueAddToRegistry), (90 bytes).
    Removing queue.o(.ARM.exidx.text.vQueueAddToRegistry), (8 bytes).
    Removing queue.o(.text.pcQueueGetName), (58 bytes).
    Removing queue.o(.ARM.exidx.text.pcQueueGetName), (8 bytes).
    Removing queue.o(.bss.xQueueRegistry), (64 bytes).
    Removing tasks_1.o(.text), (0 bytes).
    Removing tasks_1.o(.ARM.exidx.text.xTaskCreate), (8 bytes).
    Removing tasks_1.o(.text.vTaskDelete), (290 bytes).
    Removing tasks_1.o(.ARM.exidx.text.vTaskDelete), (8 bytes).
    Removing tasks_1.o(.text.xTaskDelayUntil), (294 bytes).
    Removing tasks_1.o(.ARM.exidx.text.xTaskDelayUntil), (8 bytes).
    Removing tasks_1.o(.ARM.exidx.text.vTaskSuspendAll), (8 bytes).
    Removing tasks_1.o(.ARM.exidx.text.prvAddCurrentTaskToDelayedList), (8 bytes).
    Removing tasks_1.o(.ARM.exidx.text.xTaskResumeAll), (8 bytes).
    Removing tasks_1.o(.text.vTaskDelay), (194 bytes).
    Removing tasks_1.o(.ARM.exidx.text.vTaskDelay), (8 bytes).
    Removing tasks_1.o(.text.eTaskGetState), (156 bytes).
    Removing tasks_1.o(.ARM.exidx.text.eTaskGetState), (8 bytes).
    Removing tasks_1.o(.text.uxTaskPriorityGet), (30 bytes).
    Removing tasks_1.o(.ARM.exidx.text.uxTaskPriorityGet), (8 bytes).
    Removing tasks_1.o(.text.uxTaskPriorityGetFromISR), (48 bytes).
    Removing tasks_1.o(.ARM.exidx.text.uxTaskPriorityGetFromISR), (8 bytes).
    Removing tasks_1.o(.text.vTaskPrioritySet), (246 bytes).
    Removing tasks_1.o(.ARM.exidx.text.vTaskPrioritySet), (8 bytes).
    Removing tasks_1.o(.text.vTaskSuspend), (398 bytes).
    Removing tasks_1.o(.ARM.exidx.text.vTaskSuspend), (8 bytes).
    Removing tasks_1.o(.ARM.exidx.text.vTaskSwitchContext), (8 bytes).
    Removing tasks_1.o(.text.vTaskResume), (184 bytes).
    Removing tasks_1.o(.ARM.exidx.text.vTaskResume), (8 bytes).
    Removing tasks_1.o(.text.xTaskResumeFromISR), (224 bytes).
    Removing tasks_1.o(.ARM.exidx.text.xTaskResumeFromISR), (8 bytes).
    Removing tasks_1.o(.ARM.exidx.text.vTaskStartScheduler), (8 bytes).
    Removing tasks_1.o(.ARM.exidx.text.prvIdleTask), (8 bytes).
    Removing tasks_1.o(.text.vTaskEndScheduler), (32 bytes).
    Removing tasks_1.o(.ARM.exidx.text.vTaskEndScheduler), (8 bytes).
    Removing tasks_1.o(.ARM.exidx.text.xTaskIncrementTick), (8 bytes).
    Removing tasks_1.o(.text.xTaskGetTickCount), (12 bytes).
    Removing tasks_1.o(.ARM.exidx.text.xTaskGetTickCount), (8 bytes).
    Removing tasks_1.o(.text.xTaskGetTickCountFromISR), (18 bytes).
    Removing tasks_1.o(.ARM.exidx.text.xTaskGetTickCountFromISR), (8 bytes).
    Removing tasks_1.o(.text.uxTaskGetNumberOfTasks), (12 bytes).
    Removing tasks_1.o(.ARM.exidx.text.uxTaskGetNumberOfTasks), (8 bytes).
    Removing tasks_1.o(.text.pcTaskGetName), (38 bytes).
    Removing tasks_1.o(.ARM.exidx.text.pcTaskGetName), (8 bytes).
    Removing tasks_1.o(.text.uxTaskGetSystemState), (1178 bytes).
    Removing tasks_1.o(.ARM.exidx.text.uxTaskGetSystemState), (8 bytes).
    Removing tasks_1.o(.text.xTaskGetIdleTaskHandle), (34 bytes).
    Removing tasks_1.o(.ARM.exidx.text.xTaskGetIdleTaskHandle), (8 bytes).
    Removing tasks_1.o(.text.xTaskCatchUpTicks), (72 bytes).
    Removing tasks_1.o(.ARM.exidx.text.xTaskCatchUpTicks), (8 bytes).
    Removing tasks_1.o(.ARM.exidx.text.vTaskPlaceOnEventList), (8 bytes).
    Removing tasks_1.o(.text.vTaskPlaceOnUnorderedEventList), (142 bytes).
    Removing tasks_1.o(.ARM.exidx.text.vTaskPlaceOnUnorderedEventList), (8 bytes).
    Removing tasks_1.o(.ARM.exidx.text.xTaskRemoveFromEventList), (8 bytes).
    Removing tasks_1.o(.text.vTaskRemoveFromUnorderedEventList), (238 bytes).
    Removing tasks_1.o(.ARM.exidx.text.vTaskRemoveFromUnorderedEventList), (8 bytes).
    Removing tasks_1.o(.text.vTaskSetTimeOutState), (62 bytes).
    Removing tasks_1.o(.ARM.exidx.text.vTaskSetTimeOutState), (8 bytes).
    Removing tasks_1.o(.ARM.exidx.text.vTaskInternalSetTimeOutState), (8 bytes).
    Removing tasks_1.o(.ARM.exidx.text.xTaskCheckForTimeOut), (8 bytes).
    Removing tasks_1.o(.ARM.exidx.text.vTaskMissedYield), (8 bytes).
    Removing tasks_1.o(.text.uxTaskGetTaskNumber), (10 bytes).
    Removing tasks_1.o(.ARM.exidx.text.uxTaskGetTaskNumber), (8 bytes).
    Removing tasks_1.o(.text.vTaskSetTaskNumber), (8 bytes).
    Removing tasks_1.o(.ARM.exidx.text.vTaskSetTaskNumber), (8 bytes).
    Removing tasks_1.o(.text.vTaskGetInfo), (300 bytes).
    Removing tasks_1.o(.ARM.exidx.text.vTaskGetInfo), (8 bytes).
    Removing tasks_1.o(.text.xTaskGetCurrentTaskHandle), (12 bytes).
    Removing tasks_1.o(.ARM.exidx.text.xTaskGetCurrentTaskHandle), (8 bytes).
    Removing tasks_1.o(.ARM.exidx.text.xTaskPriorityInherit), (8 bytes).
    Removing tasks_1.o(.ARM.exidx.text.xTaskPriorityDisinherit), (8 bytes).
    Removing tasks_1.o(.ARM.exidx.text.vTaskPriorityDisinheritAfterTimeout), (8 bytes).
    Removing tasks_1.o(.text.uxTaskResetEventItemValue), (26 bytes).
    Removing tasks_1.o(.ARM.exidx.text.uxTaskResetEventItemValue), (8 bytes).
    Removing tasks_1.o(.ARM.exidx.text.pvTaskIncrementMutexHeldCount), (8 bytes).
    Removing tasks_1.o(.text.ulTaskGenericNotifyTake), (150 bytes).
    Removing tasks_1.o(.ARM.exidx.text.ulTaskGenericNotifyTake), (8 bytes).
    Removing tasks_1.o(.text.xTaskGenericNotifyWait), (194 bytes).
    Removing tasks_1.o(.ARM.exidx.text.xTaskGenericNotifyWait), (8 bytes).
    Removing tasks_1.o(.text.xTaskGenericNotify), (358 bytes).
    Removing tasks_1.o(.ARM.exidx.text.xTaskGenericNotify), (8 bytes).
    Removing tasks_1.o(.text.xTaskGenericNotifyFromISR), (402 bytes).
    Removing tasks_1.o(.ARM.exidx.text.xTaskGenericNotifyFromISR), (8 bytes).
    Removing tasks_1.o(.text.vTaskGenericNotifyGiveFromISR), (304 bytes).
    Removing tasks_1.o(.ARM.exidx.text.vTaskGenericNotifyGiveFromISR), (8 bytes).
    Removing tasks_1.o(.text.xTaskGenericNotifyStateClear), (66 bytes).
    Removing tasks_1.o(.ARM.exidx.text.xTaskGenericNotifyStateClear), (8 bytes).
    Removing tasks_1.o(.text.ulTaskGenericNotifyValueClear), (44 bytes).
    Removing tasks_1.o(.ARM.exidx.text.ulTaskGenericNotifyValueClear), (8 bytes).
    Removing timers.o(.text), (0 bytes).

370 unused section(s) (total 10838 bytes) removed from the image.

==============================================================================

Image Symbol Table

    Local Symbols

    Symbol Name                              Value     Ov Type        Size  Object(Section)

    ../clib/angel/boardlib.s                 0x00000000   Number         0  boardinit1.o ABSOLUTE
    ../clib/angel/boardlib.s                 0x00000000   Number         0  boardinit2.o ABSOLUTE
    ../clib/angel/boardlib.s                 0x00000000   Number         0  boardinit3.o ABSOLUTE
    ../clib/angel/boardlib.s                 0x00000000   Number         0  boardshut.o ABSOLUTE
    ../clib/angel/handlers.s                 0x00000000   Number         0  __scatter_copy.o ABSOLUTE
    ../clib/angel/handlers.s                 0x00000000   Number         0  __scatter_zi.o ABSOLUTE
    ../clib/angel/kernel.s                   0x00000000   Number         0  __rtentry.o ABSOLUTE
    ../clib/angel/kernel.s                   0x00000000   Number         0  __rtentry2.o ABSOLUTE
    ../clib/angel/kernel.s                   0x00000000   Number         0  __rtentry4.o ABSOLUTE
    ../clib/angel/kernel.s                   0x00000000   Number         0  rtexit.o ABSOLUTE
    ../clib/angel/kernel.s                   0x00000000   Number         0  rtexit2.o ABSOLUTE
    ../clib/angel/rt.s                       0x00000000   Number         0  rt_raise.o ABSOLUTE
    ../clib/angel/scatter.s                  0x00000000   Number         0  __scatter.o ABSOLUTE
    ../clib/angel/startup.s                  0x00000000   Number         0  __main.o ABSOLUTE
    ../clib/angel/sys.s                      0x00000000   Number         0  sys_stackheap_outer.o ABSOLUTE
    ../clib/angel/sys.s                      0x00000000   Number         0  libspace.o ABSOLUTE
    ../clib/angel/sys.s                      0x00000000   Number         0  use_no_semi.o ABSOLUTE
    ../clib/angel/sys.s                      0x00000000   Number         0  indicate_semi.o ABSOLUTE
    ../clib/angel/sysapp.c                   0x00000000   Number         0  sys_exit.o ABSOLUTE
    ../clib/angel/sysapp.c                   0x00000000   Number         0  sys_exit_hlt.o ABSOLUTE
    ../clib/angel/sysapp.c                   0x00000000   Number         0  sys_command.o ABSOLUTE
    ../clib/angel/sysapp.c                   0x00000000   Number         0  sys_command_hlt.o ABSOLUTE
    ../clib/angel/sysapp.c                   0x00000000   Number         0  sys_wrch.o ABSOLUTE
    ../clib/angel/sysapp.c                   0x00000000   Number         0  sys_wrch_hlt.o ABSOLUTE
    ../clib/armsys.c                         0x00000000   Number         0  argv_veneer.o ABSOLUTE
    ../clib/armsys.c                         0x00000000   Number         0  argv_veneer.o ABSOLUTE
    ../clib/armsys.c                         0x00000000   Number         0  _get_argv_nomalloc.o ABSOLUTE
    ../clib/armsys.c                         0x00000000   Number         0  no_argv.o ABSOLUTE
    ../clib/heapalloc.c                      0x00000000   Number         0  hrguard.o ABSOLUTE
    ../clib/heapaux.c                        0x00000000   Number         0  heapauxi.o ABSOLUTE
    ../clib/libinit.s                        0x00000000   Number         0  libinit.o ABSOLUTE
    ../clib/libinit.s                        0x00000000   Number         0  libinit2.o ABSOLUTE
    ../clib/libinit.s                        0x00000000   Number         0  libshutdown.o ABSOLUTE
    ../clib/libinit.s                        0x00000000   Number         0  libshutdown2.o ABSOLUTE
    ../clib/memcpset.s                       0x00000000   Number         0  rt_memcpy_v6.o ABSOLUTE
    ../clib/memcpset.s                       0x00000000   Number         0  aeabi_memset4.o ABSOLUTE
    ../clib/memcpset.s                       0x00000000   Number         0  rt_memclr.o ABSOLUTE
    ../clib/memcpset.s                       0x00000000   Number         0  rt_memcpy_w.o ABSOLUTE
    ../clib/memcpset.s                       0x00000000   Number         0  rt_memclr_w.o ABSOLUTE
    ../clib/printf.c                         0x00000000   Number         0  __2sprintf.o ABSOLUTE
    ../clib/printf.c                         0x00000000   Number         0  noretval__2sprintf.o ABSOLUTE
    ../clib/printf.c                         0x00000000   Number         0  __printf.o ABSOLUTE
    ../clib/printf.c                         0x00000000   Number         0  _printf_dec.o ABSOLUTE
    ../clib/printf.c                         0x00000000   Number         0  __printf_flags.o ABSOLUTE
    ../clib/printf.c                         0x00000000   Number         0  __printf_ss.o ABSOLUTE
    ../clib/printf.c                         0x00000000   Number         0  __printf_flags_ss.o ABSOLUTE
    ../clib/printf.c                         0x00000000   Number         0  __printf_wp.o ABSOLUTE
    ../clib/printf.c                         0x00000000   Number         0  __printf_flags_wp.o ABSOLUTE
    ../clib/printf.c                         0x00000000   Number         0  __printf_ss_wp.o ABSOLUTE
    ../clib/printf.c                         0x00000000   Number         0  __printf_flags_ss_wp.o ABSOLUTE
    ../clib/printf.c                         0x00000000   Number         0  _printf_intcommon.o ABSOLUTE
    ../clib/printf.c                         0x00000000   Number         0  _printf_char_common.o ABSOLUTE
    ../clib/printf.c                         0x00000000   Number         0  _sputc.o ABSOLUTE
    ../clib/printf.c                         0x00000000   Number         0  __printf_nopercent.o ABSOLUTE
    ../clib/printf_percent.s                 0x00000000   Number         0  _printf_d.o ABSOLUTE
    ../clib/printf_percent.s                 0x00000000   Number         0  _printf_percent.o ABSOLUTE
    ../clib/printf_percent.s                 0x00000000   Number         0  _printf_percent_end.o ABSOLUTE
    ../clib/signal.c                         0x00000000   Number         0  defsig_rtmem_outer.o ABSOLUTE
    ../clib/signal.c                         0x00000000   Number         0  defsig_rtmem_formal.o ABSOLUTE
    ../clib/signal.c                         0x00000000   Number         0  defsig_exit.o ABSOLUTE
    ../clib/signal.c                         0x00000000   Number         0  defsig_rtmem_inner.o ABSOLUTE
    ../clib/signal.c                         0x00000000   Number         0  __raise.o ABSOLUTE
    ../clib/signal.c                         0x00000000   Number         0  defsig_general.o ABSOLUTE
    ../clib/signal.c                         0x00000000   Number         0  defsig_abrt_inner.o ABSOLUTE
    ../clib/signal.c                         0x00000000   Number         0  defsig_fpe_inner.o ABSOLUTE
    ../clib/signal.c                         0x00000000   Number         0  defsig_rtred_inner.o ABSOLUTE
    ../clib/signal.c                         0x00000000   Number         0  defsig_stak_inner.o ABSOLUTE
    ../clib/signal.c                         0x00000000   Number         0  defsig_pvfn_inner.o ABSOLUTE
    ../clib/signal.c                         0x00000000   Number         0  defsig_cppl_inner.o ABSOLUTE
    ../clib/signal.c                         0x00000000   Number         0  defsig_segv_inner.o ABSOLUTE
    ../clib/signal.c                         0x00000000   Number         0  defsig_other.o ABSOLUTE
    ../clib/signal.s                         0x00000000   Number         0  defsig.o ABSOLUTE
    ../clib/stdlib.c                         0x00000000   Number         0  exit.o ABSOLUTE
    ../fplib/fpinit.s                        0x00000000   Number         0  fpinit.o ABSOLUTE
    ../fplib/fpinit_empty.s                  0x00000000   Number         0  fpinit_empty.o ABSOLUTE
    RTE/Device/STM32F103C6/startup_stm32f10x_ld.s 0x00000000   Number         0  startup_stm32f10x_ld.o ABSOLUTE
    dc.s                                     0x00000000   Number         0  dc.o ABSOLUTE
    delay.c                                  0x00000000   Number         0  delay.o ABSOLUTE
    freertos_evr.c                           0x00000000   Number         0  freertos_evr.o ABSOLUTE
    gpio.c                                   0x00000000   Number         0  gpio.o ABSOLUTE
    heap_4.c                                 0x00000000   Number         0  heap_4.o ABSOLUTE
    list.c                                   0x00000000   Number         0  list.o ABSOLUTE
    main.c                                   0x00000000   Number         0  main.o ABSOLUTE
    port.c                                   0x00000000   Number         0  port.o ABSOLUTE
    queue.c                                  0x00000000   Number         0  queue.o ABSOLUTE
    system_stm32f10x.c                       0x00000000   Number         0  system_stm32f10x.o ABSOLUTE
    tasks.c                                  0x00000000   Number         0  tasks.o ABSOLUTE
    tasks.c                                  0x00000000   Number         0  tasks_1.o ABSOLUTE
    timers.c                                 0x00000000   Number         0  timers.o ABSOLUTE
    usart.c                                  0x00000000   Number         0  usart.o ABSOLUTE
    RESET                                    0x08000000   Section      236  startup_stm32f10x_ld.o(RESET)
    !!!main                                  0x080000ec   Section        8  __main.o(!!!main)
    !!!scatter                               0x080000f4   Section       52  __scatter.o(!!!scatter)
    !!handler_copy                           0x08000128   Section       26  __scatter_copy.o(!!handler_copy)
    !!handler_zi                             0x08000144   Section       28  __scatter_zi.o(!!handler_zi)
    .ARM.Collect$$_printf_percent$$00000000  0x08000160   Section        0  _printf_percent.o(.ARM.Collect$$_printf_percent$$00000000)
    .ARM.Collect$$_printf_percent$$00000009  0x08000160   Section        6  _printf_d.o(.ARM.Collect$$_printf_percent$$00000009)
    .ARM.Collect$$_printf_percent$$00000017  0x08000166   Section        4  _printf_percent_end.o(.ARM.Collect$$_printf_percent$$00000017)
    .ARM.Collect$$libinit$$00000000          0x0800016a   Section        2  libinit.o(.ARM.Collect$$libinit$$00000000)
    .ARM.Collect$$libinit$$00000002          0x0800016c   Section        0  libinit2.o(.ARM.Collect$$libinit$$00000002)
    .ARM.Collect$$libinit$$00000004          0x0800016c   Section        0  libinit2.o(.ARM.Collect$$libinit$$00000004)
    .ARM.Collect$$libinit$$00000006          0x0800016c   Section        0  libinit2.o(.ARM.Collect$$libinit$$00000006)
    .ARM.Collect$$libinit$$0000000C          0x0800016c   Section        0  libinit2.o(.ARM.Collect$$libinit$$0000000C)
    .ARM.Collect$$libinit$$0000000E          0x0800016c   Section        0  libinit2.o(.ARM.Collect$$libinit$$0000000E)
    .ARM.Collect$$libinit$$00000010          0x0800016c   Section        0  libinit2.o(.ARM.Collect$$libinit$$00000010)
    .ARM.Collect$$libinit$$00000013          0x0800016c   Section        0  libinit2.o(.ARM.Collect$$libinit$$00000013)
    .ARM.Collect$$libinit$$00000015          0x0800016c   Section        0  libinit2.o(.ARM.Collect$$libinit$$00000015)
    .ARM.Collect$$libinit$$00000017          0x0800016c   Section        0  libinit2.o(.ARM.Collect$$libinit$$00000017)
    .ARM.Collect$$libinit$$00000019          0x0800016c   Section        0  libinit2.o(.ARM.Collect$$libinit$$00000019)
    .ARM.Collect$$libinit$$0000001B          0x0800016c   Section        0  libinit2.o(.ARM.Collect$$libinit$$0000001B)
    .ARM.Collect$$libinit$$0000001D          0x0800016c   Section        0  libinit2.o(.ARM.Collect$$libinit$$0000001D)
    .ARM.Collect$$libinit$$0000001F          0x0800016c   Section        0  libinit2.o(.ARM.Collect$$libinit$$0000001F)
    .ARM.Collect$$libinit$$00000021          0x0800016c   Section        0  libinit2.o(.ARM.Collect$$libinit$$00000021)
    .ARM.Collect$$libinit$$00000023          0x0800016c   Section        0  libinit2.o(.ARM.Collect$$libinit$$00000023)
    .ARM.Collect$$libinit$$00000025          0x0800016c   Section        0  libinit2.o(.ARM.Collect$$libinit$$00000025)
    .ARM.Collect$$libinit$$00000027          0x0800016c   Section        0  libinit2.o(.ARM.Collect$$libinit$$00000027)
    .ARM.Collect$$libinit$$0000002E          0x0800016c   Section        0  libinit2.o(.ARM.Collect$$libinit$$0000002E)
    .ARM.Collect$$libinit$$00000030          0x0800016c   Section        0  libinit2.o(.ARM.Collect$$libinit$$00000030)
    .ARM.Collect$$libinit$$00000032          0x0800016c   Section        0  libinit2.o(.ARM.Collect$$libinit$$00000032)
    .ARM.Collect$$libinit$$00000034          0x0800016c   Section        0  libinit2.o(.ARM.Collect$$libinit$$00000034)
    .ARM.Collect$$libinit$$00000035          0x0800016c   Section        2  libinit2.o(.ARM.Collect$$libinit$$00000035)
    .ARM.Collect$$libshutdown$$00000000      0x0800016e   Section        2  libshutdown.o(.ARM.Collect$$libshutdown$$00000000)
    .ARM.Collect$$libshutdown$$00000002      0x08000170   Section        0  libshutdown2.o(.ARM.Collect$$libshutdown$$00000002)
    .ARM.Collect$$libshutdown$$00000004      0x08000170   Section        0  libshutdown2.o(.ARM.Collect$$libshutdown$$00000004)
    .ARM.Collect$$libshutdown$$00000007      0x08000170   Section        0  libshutdown2.o(.ARM.Collect$$libshutdown$$00000007)
    .ARM.Collect$$libshutdown$$0000000A      0x08000170   Section        0  libshutdown2.o(.ARM.Collect$$libshutdown$$0000000A)
    .ARM.Collect$$libshutdown$$0000000C      0x08000170   Section        0  libshutdown2.o(.ARM.Collect$$libshutdown$$0000000C)
    .ARM.Collect$$libshutdown$$0000000F      0x08000170   Section        0  libshutdown2.o(.ARM.Collect$$libshutdown$$0000000F)
    .ARM.Collect$$libshutdown$$00000010      0x08000170   Section        2  libshutdown2.o(.ARM.Collect$$libshutdown$$00000010)
    .ARM.Collect$$rtentry$$00000000          0x08000172   Section        0  __rtentry.o(.ARM.Collect$$rtentry$$00000000)
    .ARM.Collect$$rtentry$$00000002          0x08000172   Section        0  __rtentry2.o(.ARM.Collect$$rtentry$$00000002)
    .ARM.Collect$$rtentry$$00000004          0x08000172   Section        6  __rtentry4.o(.ARM.Collect$$rtentry$$00000004)
    .ARM.Collect$$rtentry$$00000009          0x08000178   Section        0  __rtentry2.o(.ARM.Collect$$rtentry$$00000009)
    .ARM.Collect$$rtentry$$0000000A          0x08000178   Section        4  __rtentry2.o(.ARM.Collect$$rtentry$$0000000A)
    .ARM.Collect$$rtentry$$0000000C          0x0800017c   Section        0  __rtentry2.o(.ARM.Collect$$rtentry$$0000000C)
    .ARM.Collect$$rtentry$$0000000D          0x0800017c   Section        8  __rtentry2.o(.ARM.Collect$$rtentry$$0000000D)
    .ARM.Collect$$rtexit$$00000000           0x08000184   Section        2  rtexit.o(.ARM.Collect$$rtexit$$00000000)
    .ARM.Collect$$rtexit$$00000002           0x08000186   Section        0  rtexit2.o(.ARM.Collect$$rtexit$$00000002)
    .ARM.Collect$$rtexit$$00000003           0x08000186   Section        4  rtexit2.o(.ARM.Collect$$rtexit$$00000003)
    .ARM.Collect$$rtexit$$00000004           0x0800018a   Section        6  rtexit2.o(.ARM.Collect$$rtexit$$00000004)
    .text                                    0x08000190   Section       64  startup_stm32f10x_ld.o(.text)
    .text                                    0x080001d0   Section        0  noretval__2sprintf.o(.text)
    .text                                    0x080001f8   Section        0  __printf.o(.text)
    .text                                    0x08000260   Section        0  _printf_dec.o(.text)
    .text                                    0x080002d8   Section      138  rt_memcpy_v6.o(.text)
    .text                                    0x08000362   Section       16  aeabi_memset4.o(.text)
    .text                                    0x08000372   Section       68  rt_memclr.o(.text)
    .text                                    0x080003b6   Section        0  heapauxi.o(.text)
    .text                                    0x080003bc   Section        0  _printf_intcommon.o(.text)
    _printf_input_char                       0x08000471   Thumb Code    10  _printf_char_common.o(.text)
    .text                                    0x08000470   Section        0  _printf_char_common.o(.text)
    .text                                    0x080004a0   Section        0  _sputc.o(.text)
    .text                                    0x080004aa   Section      100  rt_memcpy_w.o(.text)
    .text                                    0x0800050e   Section       78  rt_memclr_w.o(.text)
    .text                                    0x0800055c   Section       74  sys_stackheap_outer.o(.text)
    .text                                    0x080005a6   Section        0  exit.o(.text)
    .text                                    0x080005b8   Section        8  libspace.o(.text)
    .text                                    0x080005c0   Section        0  sys_exit.o(.text)
    .text                                    0x080005cc   Section        2  use_no_semi.o(.text)
    .text                                    0x080005ce   Section        0  indicate_semi.o(.text)
    [Anonymous Symbol]                       0x080005d0   Section        0  gpio.o(.text.Access)
    [Anonymous Symbol]                       0x08000620   Section        0  tasks.o(.text.DecrementTask)
    [Anonymous Symbol]                       0x080006f0   Section        0  port.o(.text.PendSV_Handler)
    pxCurrentTCBConst                        0x08000730   Number         0  port.o(.text.PendSV_Handler)
    [Anonymous Symbol]                       0x08000734   Section        0  gpio.o(.text.Release)
    [Anonymous Symbol]                       0x08000790   Section        0  port.o(.text.SVC_Handler)
    pxCurrentTCBConst2                       0x080007b0   Number         0  port.o(.text.SVC_Handler)
    [Anonymous Symbol]                       0x080007b4   Section        0  tasks.o(.text.SquareTask)
    [Anonymous Symbol]                       0x08000878   Section        0  port.o(.text.SysTick_Handler)
    [Anonymous Symbol]                       0x080008a8   Section        0  system_stm32f10x.o(.text.SystemInit)
    [Anonymous Symbol]                       0x080009b8   Section        0  delay.o(.text.delay_ms)
    [Anonymous Symbol]                       0x080009cc   Section        0  tasks.o(.text.initialize_tasks)
    [Anonymous Symbol]                       0x08000ac4   Section        0  main.o(.text.main)
    prvAddCurrentTaskToDelayedList           0x08000b1d   Thumb Code   192  tasks_1.o(.text.prvAddCurrentTaskToDelayedList)
    [Anonymous Symbol]                       0x08000b1c   Section        0  tasks_1.o(.text.prvAddCurrentTaskToDelayedList)
    prvIdleTask                              0x08000bdd   Thumb Code   118  tasks_1.o(.text.prvIdleTask)
    [Anonymous Symbol]                       0x08000bdc   Section        0  tasks_1.o(.text.prvIdleTask)
    prvPortStartFirstTask                    0x08000c55   Thumb Code    32  port.o(.text.prvPortStartFirstTask)
    [Anonymous Symbol]                       0x08000c54   Section        0  port.o(.text.prvPortStartFirstTask)
    prvTaskExitError                         0x08000c75   Thumb Code    50  port.o(.text.prvTaskExitError)
    [Anonymous Symbol]                       0x08000c74   Section        0  port.o(.text.prvTaskExitError)
    prvUnlockQueue                           0x08000ca9   Thumb Code   116  queue.o(.text.prvUnlockQueue)
    [Anonymous Symbol]                       0x08000ca8   Section        0  queue.o(.text.prvUnlockQueue)
    [Anonymous Symbol]                       0x08000d1c   Section        0  heap_4.o(.text.pvPortMalloc)
    [Anonymous Symbol]                       0x08000ec0   Section        0  tasks_1.o(.text.pvTaskIncrementMutexHeldCount)
    [Anonymous Symbol]                       0x08000ed8   Section        0  port.o(.text.pxPortInitialiseStack)
    [Anonymous Symbol]                       0x08000ef8   Section        0  gpio.o(.text.setup_GPIO)
    [Anonymous Symbol]                       0x08000f48   Section        0  gpio.o(.text.setup_RCC)
    [Anonymous Symbol]                       0x08000f5c   Section        0  usart.o(.text.usart1_init)
    [Anonymous Symbol]                       0x08000fa8   Section        0  usart.o(.text.usart1_sendStr)
    [Anonymous Symbol]                       0x08000fcc   Section        0  list.o(.text.uxListRemove)
    [Anonymous Symbol]                       0x08000ff0   Section        0  list.o(.text.vListInitialise)
    [Anonymous Symbol]                       0x08001008   Section        0  list.o(.text.vListInitialiseItem)
    [Anonymous Symbol]                       0x08001010   Section        0  list.o(.text.vListInsert)
    [Anonymous Symbol]                       0x0800104c   Section        0  port.o(.text.vPortEnterCritical)
    [Anonymous Symbol]                       0x08001094   Section        0  port.o(.text.vPortExitCritical)
    [Anonymous Symbol]                       0x080010c4   Section        0  heap_4.o(.text.vPortFree)
    [Anonymous Symbol]                       0x08001188   Section        0  port.o(.text.vPortSetupTimerInterrupt)
    [Anonymous Symbol]                       0x080011ac   Section        0  tasks_1.o(.text.vTaskInternalSetTimeOutState)
    [Anonymous Symbol]                       0x080011c8   Section        0  tasks_1.o(.text.vTaskMissedYield)
    [Anonymous Symbol]                       0x080011d8   Section        0  tasks_1.o(.text.vTaskPlaceOnEventList)
    [Anonymous Symbol]                       0x08001210   Section        0  tasks_1.o(.text.vTaskPriorityDisinheritAfterTimeout)
    [Anonymous Symbol]                       0x080012e0   Section        0  tasks_1.o(.text.vTaskStartScheduler)
    [Anonymous Symbol]                       0x08001374   Section        0  tasks_1.o(.text.vTaskSuspendAll)
    __tagsym$$used.0                         0x08001384   Number         0  tasks_1.o(.text.vTaskSwitchContext)
    [Anonymous Symbol]                       0x08001384   Section        0  tasks_1.o(.text.vTaskSwitchContext)
    [Anonymous Symbol]                       0x0800140c   Section        0  port.o(.text.xPortStartScheduler)
    [Anonymous Symbol]                       0x080014e8   Section        0  queue.o(.text.xQueueCreateMutex)
    [Anonymous Symbol]                       0x08001510   Section        0  queue.o(.text.xQueueGenericCreate)
    [Anonymous Symbol]                       0x080015a4   Section        0  queue.o(.text.xQueueGenericSend)
    [Anonymous Symbol]                       0x080017ac   Section        0  queue.o(.text.xQueueSemaphoreTake)
    [Anonymous Symbol]                       0x0800195c   Section        0  tasks_1.o(.text.xTaskCheckForTimeOut)
    [Anonymous Symbol]                       0x080019f0   Section        0  tasks_1.o(.text.xTaskCreate)
    [Anonymous Symbol]                       0x08001bf4   Section        0  tasks_1.o(.text.xTaskIncrementTick)
    [Anonymous Symbol]                       0x08001db0   Section        0  tasks_1.o(.text.xTaskPriorityDisinherit)
    [Anonymous Symbol]                       0x08001e78   Section        0  tasks_1.o(.text.xTaskPriorityInherit)
    [Anonymous Symbol]                       0x08001f38   Section        0  tasks_1.o(.text.xTaskRemoveFromEventList)
    [Anonymous Symbol]                       0x08002028   Section        0  tasks_1.o(.text.xTaskResumeAll)
    .L.str.3                                 0x080021ac   Data           5  tasks.o(.rodata.str1.1)
    [Anonymous Symbol]                       0x080021ac   Section        0  tasks.o(.rodata.str1.1)
    uxCriticalNesting                        0x20000004   Data           4  port.o(.data.uxCriticalNesting)
    [Anonymous Symbol]                       0x20000004   Section        0  port.o(.data.uxCriticalNesting)
    .bss                                     0x20000008   Section       96  libspace.o(.bss)
    __tagsym$$used.1                         0x2000006c   Number         0  tasks_1.o(.bss.pxCurrentTCB)
    pxDelayedTaskList                        0x20000070   Data           4  tasks_1.o(.bss.pxDelayedTaskList)
    [Anonymous Symbol]                       0x20000070   Section        0  tasks_1.o(.bss.pxDelayedTaskList)
    pxEnd                                    0x20000074   Data           4  heap_4.o(.bss.pxEnd)
    [Anonymous Symbol]                       0x20000074   Section        0  heap_4.o(.bss.pxEnd)
    pxOverflowDelayedTaskList                0x20000078   Data           4  tasks_1.o(.bss.pxOverflowDelayedTaskList)
    [Anonymous Symbol]                       0x20000078   Section        0  tasks_1.o(.bss.pxOverflowDelayedTaskList)
    pxReadyTasksLists                        0x2000007c   Data         100  tasks_1.o(.bss.pxReadyTasksLists)
    [Anonymous Symbol]                       0x2000007c   Section        0  tasks_1.o(.bss.pxReadyTasksLists)
    ucHeap                                   0x200000f0   Data       10240  heap_4.o(.bss.ucHeap)
    [Anonymous Symbol]                       0x200000f0   Section        0  heap_4.o(.bss.ucHeap)
    ucMaxSysCallPriority                     0x200028f0   Data           1  port.o(.bss.ucMaxSysCallPriority)
    [Anonymous Symbol]                       0x200028f0   Section        0  port.o(.bss.ucMaxSysCallPriority)
    ulMaxPRIGROUPValue                       0x200028f4   Data           4  port.o(.bss.ulMaxPRIGROUPValue)
    [Anonymous Symbol]                       0x200028f4   Section        0  port.o(.bss.ulMaxPRIGROUPValue)
    uxCurrentNumberOfTasks                   0x200028f8   Data           4  tasks_1.o(.bss.uxCurrentNumberOfTasks)
    [Anonymous Symbol]                       0x200028f8   Section        0  tasks_1.o(.bss.uxCurrentNumberOfTasks)
    uxDeletedTasksWaitingCleanUp             0x200028fc   Data           4  tasks_1.o(.bss.uxDeletedTasksWaitingCleanUp)
    [Anonymous Symbol]                       0x200028fc   Section        0  tasks_1.o(.bss.uxDeletedTasksWaitingCleanUp)
    uxSchedulerSuspended                     0x20002900   Data           4  tasks_1.o(.bss.uxSchedulerSuspended)
    [Anonymous Symbol]                       0x20002900   Section        0  tasks_1.o(.bss.uxSchedulerSuspended)
    uxTaskNumber                             0x20002904   Data           4  tasks_1.o(.bss.uxTaskNumber)
    [Anonymous Symbol]                       0x20002904   Section        0  tasks_1.o(.bss.uxTaskNumber)
    uxTopReadyPriority                       0x20002908   Data           4  tasks_1.o(.bss.uxTopReadyPriority)
    [Anonymous Symbol]                       0x20002908   Section        0  tasks_1.o(.bss.uxTopReadyPriority)
    xDelayedTaskList1                        0x2000290c   Data          20  tasks_1.o(.bss.xDelayedTaskList1)
    [Anonymous Symbol]                       0x2000290c   Section        0  tasks_1.o(.bss.xDelayedTaskList1)
    xDelayedTaskList2                        0x20002920   Data          20  tasks_1.o(.bss.xDelayedTaskList2)
    [Anonymous Symbol]                       0x20002920   Section        0  tasks_1.o(.bss.xDelayedTaskList2)
    xFreeBytesRemaining                      0x20002934   Data           4  heap_4.o(.bss.xFreeBytesRemaining)
    [Anonymous Symbol]                       0x20002934   Section        0  heap_4.o(.bss.xFreeBytesRemaining)
    xIdleTaskHandle                          0x20002938   Data           4  tasks_1.o(.bss.xIdleTaskHandle)
    [Anonymous Symbol]                       0x20002938   Section        0  tasks_1.o(.bss.xIdleTaskHandle)
    xMinimumEverFreeBytesRemaining           0x2000293c   Data           4  heap_4.o(.bss.xMinimumEverFreeBytesRemaining)
    [Anonymous Symbol]                       0x2000293c   Section        0  heap_4.o(.bss.xMinimumEverFreeBytesRemaining)
    xNextTaskUnblockTime                     0x20002944   Data           4  tasks_1.o(.bss.xNextTaskUnblockTime)
    [Anonymous Symbol]                       0x20002944   Section        0  tasks_1.o(.bss.xNextTaskUnblockTime)
    xNumOfOverflows                          0x20002948   Data           4  tasks_1.o(.bss.xNumOfOverflows)
    [Anonymous Symbol]                       0x20002948   Section        0  tasks_1.o(.bss.xNumOfOverflows)
    xNumberOfSuccessfulAllocations           0x2000294c   Data           4  heap_4.o(.bss.xNumberOfSuccessfulAllocations)
    [Anonymous Symbol]                       0x2000294c   Section        0  heap_4.o(.bss.xNumberOfSuccessfulAllocations)
    xNumberOfSuccessfulFrees                 0x20002950   Data           4  heap_4.o(.bss.xNumberOfSuccessfulFrees)
    [Anonymous Symbol]                       0x20002950   Section        0  heap_4.o(.bss.xNumberOfSuccessfulFrees)
    xPendedTicks                             0x20002954   Data           4  tasks_1.o(.bss.xPendedTicks)
    [Anonymous Symbol]                       0x20002954   Section        0  tasks_1.o(.bss.xPendedTicks)
    xPendingReadyList                        0x20002958   Data          20  tasks_1.o(.bss.xPendingReadyList)
    [Anonymous Symbol]                       0x20002958   Section        0  tasks_1.o(.bss.xPendingReadyList)
    xSchedulerRunning                        0x2000296c   Data           4  tasks_1.o(.bss.xSchedulerRunning)
    [Anonymous Symbol]                       0x2000296c   Section        0  tasks_1.o(.bss.xSchedulerRunning)
    xStart                                   0x20002970   Data           8  heap_4.o(.bss.xStart)
    [Anonymous Symbol]                       0x20002970   Section        0  heap_4.o(.bss.xStart)
    xSuspendedTaskList                       0x20002978   Data          20  tasks_1.o(.bss.xSuspendedTaskList)
    [Anonymous Symbol]                       0x20002978   Section        0  tasks_1.o(.bss.xSuspendedTaskList)
    xTasksWaitingTermination                 0x2000298c   Data          20  tasks_1.o(.bss.xTasksWaitingTermination)
    [Anonymous Symbol]                       0x2000298c   Section        0  tasks_1.o(.bss.xTasksWaitingTermination)
    xTickCount                               0x200029a0   Data           4  tasks_1.o(.bss.xTickCount)
    [Anonymous Symbol]                       0x200029a0   Section        0  tasks_1.o(.bss.xTickCount)
    xYieldPending                            0x200029a4   Data           4  tasks_1.o(.bss.xYieldPending)
    [Anonymous Symbol]                       0x200029a4   Section        0  tasks_1.o(.bss.xYieldPending)
    Heap_Mem                                 0x200029a8   Data         512  startup_stm32f10x_ld.o(HEAP)
    HEAP                                     0x200029a8   Section      512  startup_stm32f10x_ld.o(HEAP)
    Stack_Mem                                0x20002ba8   Data        1024  startup_stm32f10x_ld.o(STACK)
    STACK                                    0x20002ba8   Section     1024  startup_stm32f10x_ld.o(STACK)
    __initial_sp                             0x20002fa8   Data           0  startup_stm32f10x_ld.o(STACK)

    Global Symbols

    Symbol Name                              Value     Ov Type        Size  Object(Section)

    BuildAttributes$$THM_ISAv4$P$D$K$B$S$PE$A:L22UL41UL21$X:L11$S22US41US21$IEEE1$IW$~IW$USESV6$~STKCKD$USESV7$~SHL$OTIME$ROPI$EBA8$UX$STANDARDLIB$REQ8$PRES8$EABIv2 0x00000000   Number         0  anon$$obj.o ABSOLUTE
    __fp_init_empty                          0x00000000   Number         0  fpinit_empty.o ABSOLUTE
    __ARM_exceptions_init                     - Undefined Weak Reference
    __alloca_initialize                       - Undefined Weak Reference
    __arm_preinit_                            - Undefined Weak Reference
    __arm_relocate_pie_                       - Undefined Weak Reference
    __cpp_initialize__aeabi_                  - Undefined Weak Reference
    __cxa_finalize                            - Undefined Weak Reference
    __rt_locale                               - Undefined Weak Reference
    __sigvec_lookup                           - Undefined Weak Reference
    _atexit_init                              - Undefined Weak Reference
    _call_atexit_fns                          - Undefined Weak Reference
    _clock_init                               - Undefined Weak Reference
    _fp_trap_init                             - Undefined Weak Reference
    _fp_trap_shutdown                         - Undefined Weak Reference
    _get_lc_collate                           - Undefined Weak Reference
    _get_lc_ctype                             - Undefined Weak Reference
    _get_lc_monetary                          - Undefined Weak Reference
    _get_lc_numeric                           - Undefined Weak Reference
    _get_lc_time                              - Undefined Weak Reference
    _getenv_init                              - Undefined Weak Reference
    _handle_redirection                       - Undefined Weak Reference
    _init_alloc                               - Undefined Weak Reference
    _init_user_alloc                          - Undefined Weak Reference
    _initio                                   - Undefined Weak Reference
    _printf_post_padding                      - Undefined Weak Reference
    _printf_pre_padding                       - Undefined Weak Reference
    _printf_truncate_signed                   - Undefined Weak Reference
    _printf_truncate_unsigned                 - Undefined Weak Reference
    _rand_init                                - Undefined Weak Reference
    _signal_finish                            - Undefined Weak Reference
    _signal_init                              - Undefined Weak Reference
    _terminate_alloc                          - Undefined Weak Reference
    _terminate_user_alloc                     - Undefined Weak Reference
    _terminateio                              - Undefined Weak Reference
    __Vectors_Size                           0x000000ec   Number         0  startup_stm32f10x_ld.o ABSOLUTE
    __Vectors                                0x08000000   Data           4  startup_stm32f10x_ld.o(RESET)
    __Vectors_End                            0x080000ec   Data           0  startup_stm32f10x_ld.o(RESET)
    __main                                   0x080000ed   Thumb Code     8  __main.o(!!!main)
    __scatterload                            0x080000f5   Thumb Code     0  __scatter.o(!!!scatter)
    __scatterload_rt2                        0x080000f5   Thumb Code    44  __scatter.o(!!!scatter)
    __scatterload_rt2_thumb_only             0x080000f5   Thumb Code     0  __scatter.o(!!!scatter)
    __scatterload_null                       0x08000103   Thumb Code     0  __scatter.o(!!!scatter)
    __scatterload_copy                       0x08000129   Thumb Code    26  __scatter_copy.o(!!handler_copy)
    __scatterload_zeroinit                   0x08000145   Thumb Code    28  __scatter_zi.o(!!handler_zi)
    _printf_d                                0x08000161   Thumb Code     0  _printf_d.o(.ARM.Collect$$_printf_percent$$00000009)
    _printf_percent                          0x08000161   Thumb Code     0  _printf_percent.o(.ARM.Collect$$_printf_percent$$00000000)
    _printf_percent_end                      0x08000167   Thumb Code     0  _printf_percent_end.o(.ARM.Collect$$_printf_percent$$00000017)
    __rt_lib_init                            0x0800016b   Thumb Code     0  libinit.o(.ARM.Collect$$libinit$$00000000)
    __rt_lib_init_alloca_1                   0x0800016d   Thumb Code     0  libinit2.o(.ARM.Collect$$libinit$$00000030)
    __rt_lib_init_argv_1                     0x0800016d   Thumb Code     0  libinit2.o(.ARM.Collect$$libinit$$0000002E)
    __rt_lib_init_atexit_1                   0x0800016d   Thumb Code     0  libinit2.o(.ARM.Collect$$libinit$$0000001D)
    __rt_lib_init_clock_1                    0x0800016d   Thumb Code     0  libinit2.o(.ARM.Collect$$libinit$$00000023)
    __rt_lib_init_cpp_1                      0x0800016d   Thumb Code     0  libinit2.o(.ARM.Collect$$libinit$$00000034)
    __rt_lib_init_exceptions_1               0x0800016d   Thumb Code     0  libinit2.o(.ARM.Collect$$libinit$$00000032)
    __rt_lib_init_fp_1                       0x0800016d   Thumb Code     0  libinit2.o(.ARM.Collect$$libinit$$00000002)
    __rt_lib_init_fp_trap_1                  0x0800016d   Thumb Code     0  libinit2.o(.ARM.Collect$$libinit$$00000021)
    __rt_lib_init_getenv_1                   0x0800016d   Thumb Code     0  libinit2.o(.ARM.Collect$$libinit$$00000025)
    __rt_lib_init_heap_1                     0x0800016d   Thumb Code     0  libinit2.o(.ARM.Collect$$libinit$$0000000C)
    __rt_lib_init_lc_collate_1               0x0800016d   Thumb Code     0  libinit2.o(.ARM.Collect$$libinit$$00000013)
    __rt_lib_init_lc_ctype_1                 0x0800016d   Thumb Code     0  libinit2.o(.ARM.Collect$$libinit$$00000015)
    __rt_lib_init_lc_monetary_1              0x0800016d   Thumb Code     0  libinit2.o(.ARM.Collect$$libinit$$00000017)
    __rt_lib_init_lc_numeric_1               0x0800016d   Thumb Code     0  libinit2.o(.ARM.Collect$$libinit$$00000019)
    __rt_lib_init_lc_time_1                  0x0800016d   Thumb Code     0  libinit2.o(.ARM.Collect$$libinit$$0000001B)
    __rt_lib_init_preinit_1                  0x0800016d   Thumb Code     0  libinit2.o(.ARM.Collect$$libinit$$00000006)
    __rt_lib_init_rand_1                     0x0800016d   Thumb Code     0  libinit2.o(.ARM.Collect$$libinit$$00000010)
    __rt_lib_init_relocate_pie_1             0x0800016d   Thumb Code     0  libinit2.o(.ARM.Collect$$libinit$$00000004)
    __rt_lib_init_return                     0x0800016d   Thumb Code     0  libinit2.o(.ARM.Collect$$libinit$$00000035)
    __rt_lib_init_signal_1                   0x0800016d   Thumb Code     0  libinit2.o(.ARM.Collect$$libinit$$0000001F)
    __rt_lib_init_stdio_1                    0x0800016d   Thumb Code     0  libinit2.o(.ARM.Collect$$libinit$$00000027)
    __rt_lib_init_user_alloc_1               0x0800016d   Thumb Code     0  libinit2.o(.ARM.Collect$$libinit$$0000000E)
    __rt_lib_shutdown                        0x0800016f   Thumb Code     0  libshutdown.o(.ARM.Collect$$libshutdown$$00000000)
    __rt_lib_shutdown_cpp_1                  0x08000171   Thumb Code     0  libshutdown2.o(.ARM.Collect$$libshutdown$$00000002)
    __rt_lib_shutdown_fp_trap_1              0x08000171   Thumb Code     0  libshutdown2.o(.ARM.Collect$$libshutdown$$00000007)
    __rt_lib_shutdown_heap_1                 0x08000171   Thumb Code     0  libshutdown2.o(.ARM.Collect$$libshutdown$$0000000F)
    __rt_lib_shutdown_return                 0x08000171   Thumb Code     0  libshutdown2.o(.ARM.Collect$$libshutdown$$00000010)
    __rt_lib_shutdown_signal_1               0x08000171   Thumb Code     0  libshutdown2.o(.ARM.Collect$$libshutdown$$0000000A)
    __rt_lib_shutdown_stdio_1                0x08000171   Thumb Code     0  libshutdown2.o(.ARM.Collect$$libshutdown$$00000004)
    __rt_lib_shutdown_user_alloc_1           0x08000171   Thumb Code     0  libshutdown2.o(.ARM.Collect$$libshutdown$$0000000C)
    __rt_entry                               0x08000173   Thumb Code     0  __rtentry.o(.ARM.Collect$$rtentry$$00000000)
    __rt_entry_presh_1                       0x08000173   Thumb Code     0  __rtentry2.o(.ARM.Collect$$rtentry$$00000002)
    __rt_entry_sh                            0x08000173   Thumb Code     0  __rtentry4.o(.ARM.Collect$$rtentry$$00000004)
    __rt_entry_li                            0x08000179   Thumb Code     0  __rtentry2.o(.ARM.Collect$$rtentry$$0000000A)
    __rt_entry_postsh_1                      0x08000179   Thumb Code     0  __rtentry2.o(.ARM.Collect$$rtentry$$00000009)
    __rt_entry_main                          0x0800017d   Thumb Code     0  __rtentry2.o(.ARM.Collect$$rtentry$$0000000D)
    __rt_entry_postli_1                      0x0800017d   Thumb Code     0  __rtentry2.o(.ARM.Collect$$rtentry$$0000000C)
    __rt_exit                                0x08000185   Thumb Code     0  rtexit.o(.ARM.Collect$$rtexit$$00000000)
    __rt_exit_ls                             0x08000187   Thumb Code     0  rtexit2.o(.ARM.Collect$$rtexit$$00000003)
    __rt_exit_prels_1                        0x08000187   Thumb Code     0  rtexit2.o(.ARM.Collect$$rtexit$$00000002)
    __rt_exit_exit                           0x0800018b   Thumb Code     0  rtexit2.o(.ARM.Collect$$rtexit$$00000004)
    Reset_Handler                            0x08000191   Thumb Code     8  startup_stm32f10x_ld.o(.text)
    NMI_Handler                              0x08000199   Thumb Code     2  startup_stm32f10x_ld.o(.text)
    HardFault_Handler                        0x0800019b   Thumb Code     2  startup_stm32f10x_ld.o(.text)
    MemManage_Handler                        0x0800019d   Thumb Code     2  startup_stm32f10x_ld.o(.text)
    BusFault_Handler                         0x0800019f   Thumb Code     2  startup_stm32f10x_ld.o(.text)
    UsageFault_Handler                       0x080001a1   Thumb Code     2  startup_stm32f10x_ld.o(.text)
    DebugMon_Handler                         0x080001a5   Thumb Code     2  startup_stm32f10x_ld.o(.text)
    ADC1_2_IRQHandler                        0x080001ab   Thumb Code     0  startup_stm32f10x_ld.o(.text)
    CAN1_RX1_IRQHandler                      0x080001ab   Thumb Code     0  startup_stm32f10x_ld.o(.text)
    CAN1_SCE_IRQHandler                      0x080001ab   Thumb Code     0  startup_stm32f10x_ld.o(.text)
    DMA1_Channel1_IRQHandler                 0x080001ab   Thumb Code     0  startup_stm32f10x_ld.o(.text)
    DMA1_Channel2_IRQHandler                 0x080001ab   Thumb Code     0  startup_stm32f10x_ld.o(.text)
    DMA1_Channel3_IRQHandler                 0x080001ab   Thumb Code     0  startup_stm32f10x_ld.o(.text)
    DMA1_Channel4_IRQHandler                 0x080001ab   Thumb Code     0  startup_stm32f10x_ld.o(.text)
    DMA1_Channel5_IRQHandler                 0x080001ab   Thumb Code     0  startup_stm32f10x_ld.o(.text)
    DMA1_Channel6_IRQHandler                 0x080001ab   Thumb Code     0  startup_stm32f10x_ld.o(.text)
    DMA1_Channel7_IRQHandler                 0x080001ab   Thumb Code     0  startup_stm32f10x_ld.o(.text)
    EXTI0_IRQHandler                         0x080001ab   Thumb Code     0  startup_stm32f10x_ld.o(.text)
    EXTI15_10_IRQHandler                     0x080001ab   Thumb Code     0  startup_stm32f10x_ld.o(.text)
    EXTI1_IRQHandler                         0x080001ab   Thumb Code     0  startup_stm32f10x_ld.o(.text)
    EXTI2_IRQHandler                         0x080001ab   Thumb Code     0  startup_stm32f10x_ld.o(.text)
    EXTI3_IRQHandler                         0x080001ab   Thumb Code     0  startup_stm32f10x_ld.o(.text)
    EXTI4_IRQHandler                         0x080001ab   Thumb Code     0  startup_stm32f10x_ld.o(.text)
    EXTI9_5_IRQHandler                       0x080001ab   Thumb Code     0  startup_stm32f10x_ld.o(.text)
    FLASH_IRQHandler                         0x080001ab   Thumb Code     0  startup_stm32f10x_ld.o(.text)
    I2C1_ER_IRQHandler                       0x080001ab   Thumb Code     0  startup_stm32f10x_ld.o(.text)
    I2C1_EV_IRQHandler                       0x080001ab   Thumb Code     0  startup_stm32f10x_ld.o(.text)
    PVD_IRQHandler                           0x080001ab   Thumb Code     0  startup_stm32f10x_ld.o(.text)
    RCC_IRQHandler                           0x080001ab   Thumb Code     0  startup_stm32f10x_ld.o(.text)
    RTCAlarm_IRQHandler                      0x080001ab   Thumb Code     0  startup_stm32f10x_ld.o(.text)
    RTC_IRQHandler                           0x080001ab   Thumb Code     0  startup_stm32f10x_ld.o(.text)
    SPI1_IRQHandler                          0x080001ab   Thumb Code     0  startup_stm32f10x_ld.o(.text)
    TAMPER_IRQHandler                        0x080001ab   Thumb Code     0  startup_stm32f10x_ld.o(.text)
    TIM1_BRK_IRQHandler                      0x080001ab   Thumb Code     0  startup_stm32f10x_ld.o(.text)
    TIM1_CC_IRQHandler                       0x080001ab   Thumb Code     0  startup_stm32f10x_ld.o(.text)
    TIM1_TRG_COM_IRQHandler                  0x080001ab   Thumb Code     0  startup_stm32f10x_ld.o(.text)
    TIM1_UP_IRQHandler                       0x080001ab   Thumb Code     0  startup_stm32f10x_ld.o(.text)
    TIM2_IRQHandler                          0x080001ab   Thumb Code     0  startup_stm32f10x_ld.o(.text)
    TIM3_IRQHandler                          0x080001ab   Thumb Code     0  startup_stm32f10x_ld.o(.text)
    USART1_IRQHandler                        0x080001ab   Thumb Code     0  startup_stm32f10x_ld.o(.text)
    USART2_IRQHandler                        0x080001ab   Thumb Code     0  startup_stm32f10x_ld.o(.text)
    USBWakeUp_IRQHandler                     0x080001ab   Thumb Code     0  startup_stm32f10x_ld.o(.text)
    USB_HP_CAN1_TX_IRQHandler                0x080001ab   Thumb Code     0  startup_stm32f10x_ld.o(.text)
    USB_LP_CAN1_RX0_IRQHandler               0x080001ab   Thumb Code     0  startup_stm32f10x_ld.o(.text)
    WWDG_IRQHandler                          0x080001ab   Thumb Code     0  startup_stm32f10x_ld.o(.text)
    __user_initial_stackheap                 0x080001ad   Thumb Code     0  startup_stm32f10x_ld.o(.text)
    __2sprintf                               0x080001d1   Thumb Code    34  noretval__2sprintf.o(.text)
    __printf                                 0x080001f9   Thumb Code   104  __printf.o(.text)
    _printf_int_dec                          0x08000261   Thumb Code   104  _printf_dec.o(.text)
    __aeabi_memcpy                           0x080002d9   Thumb Code     0  rt_memcpy_v6.o(.text)
    __rt_memcpy                              0x080002d9   Thumb Code   138  rt_memcpy_v6.o(.text)
    _memcpy_lastbytes                        0x0800033f   Thumb Code     0  rt_memcpy_v6.o(.text)
    __aeabi_memset4                          0x08000363   Thumb Code    16  aeabi_memset4.o(.text)
    __aeabi_memset8                          0x08000363   Thumb Code     0  aeabi_memset4.o(.text)
    __aeabi_memclr                           0x08000373   Thumb Code     0  rt_memclr.o(.text)
    __rt_memclr                              0x08000373   Thumb Code     0  rt_memclr.o(.text)
    _memset                                  0x08000377   Thumb Code    64  rt_memclr.o(.text)
    __use_two_region_memory                  0x080003b7   Thumb Code     2  heapauxi.o(.text)
    __rt_heap_escrow$2region                 0x080003b9   Thumb Code     2  heapauxi.o(.text)
    __rt_heap_expand$2region                 0x080003bb   Thumb Code     2  heapauxi.o(.text)
    _printf_int_common                       0x080003bd   Thumb Code   178  _printf_intcommon.o(.text)
    _printf_char_common                      0x0800047b   Thumb Code    32  _printf_char_common.o(.text)
    _sputc                                   0x080004a1   Thumb Code    10  _sputc.o(.text)
    __aeabi_memcpy4                          0x080004ab   Thumb Code     0  rt_memcpy_w.o(.text)
    __aeabi_memcpy8                          0x080004ab   Thumb Code     0  rt_memcpy_w.o(.text)
    __rt_memcpy_w                            0x080004ab   Thumb Code   100  rt_memcpy_w.o(.text)
    _memcpy_lastbytes_aligned                0x080004f3   Thumb Code     0  rt_memcpy_w.o(.text)
    __aeabi_memclr4                          0x0800050f   Thumb Code     0  rt_memclr_w.o(.text)
    __aeabi_memclr8                          0x0800050f   Thumb Code     0  rt_memclr_w.o(.text)
    __rt_memclr_w                            0x0800050f   Thumb Code     0  rt_memclr_w.o(.text)
    _memset_w                                0x08000513   Thumb Code    74  rt_memclr_w.o(.text)
    __user_setup_stackheap                   0x0800055d   Thumb Code    74  sys_stackheap_outer.o(.text)
    exit                                     0x080005a7   Thumb Code    18  exit.o(.text)
    __user_libspace                          0x080005b9   Thumb Code     8  libspace.o(.text)
    __user_perproc_libspace                  0x080005b9   Thumb Code     0  libspace.o(.text)
    __user_perthread_libspace                0x080005b9   Thumb Code     0  libspace.o(.text)
    _sys_exit                                0x080005c1   Thumb Code     8  sys_exit.o(.text)
    __I$use$semihosting                      0x080005cd   Thumb Code     0  use_no_semi.o(.text)
    __use_no_semihosting_swi                 0x080005cd   Thumb Code     2  use_no_semi.o(.text)
    __semihosting_library_function           0x080005cf   Thumb Code     0  indicate_semi.o(.text)
    Access                                   0x080005d1   Thumb Code    80  gpio.o(.text.Access)
    DecrementTask                            0x08000621   Thumb Code   120  tasks.o(.text.DecrementTask)
    PendSV_Handler                           0x080006f1   Thumb Code    68  port.o(.text.PendSV_Handler)
    Release                                  0x08000735   Thumb Code    80  gpio.o(.text.Release)
    SVC_Handler                              0x08000791   Thumb Code    36  port.o(.text.SVC_Handler)
    SquareTask                               0x080007b5   Thumb Code   124  tasks.o(.text.SquareTask)
    SysTick_Handler                          0x08000879   Thumb Code    46  port.o(.text.SysTick_Handler)
    SystemInit                               0x080008a9   Thumb Code   272  system_stm32f10x.o(.text.SystemInit)
    delay_ms                                 0x080009b9   Thumb Code    20  delay.o(.text.delay_ms)
    initialize_tasks                         0x080009cd   Thumb Code   220  tasks.o(.text.initialize_tasks)
    main                                     0x08000ac5   Thumb Code    36  main.o(.text.main)
    pvPortMalloc                             0x08000d1d   Thumb Code   418  heap_4.o(.text.pvPortMalloc)
    pvTaskIncrementMutexHeldCount            0x08000ec1   Thumb Code    24  tasks_1.o(.text.pvTaskIncrementMutexHeldCount)
    pxPortInitialiseStack                    0x08000ed9   Thumb Code    32  port.o(.text.pxPortInitialiseStack)
    setup_GPIO                               0x08000ef9   Thumb Code    78  gpio.o(.text.setup_GPIO)
    setup_RCC                                0x08000f49   Thumb Code    18  gpio.o(.text.setup_RCC)
    usart1_init                              0x08000f5d   Thumb Code    74  usart.o(.text.usart1_init)
    usart1_sendStr                           0x08000fa9   Thumb Code    36  usart.o(.text.usart1_sendStr)
    uxListRemove                             0x08000fcd   Thumb Code    36  list.o(.text.uxListRemove)
    vListInitialise                          0x08000ff1   Thumb Code    22  list.o(.text.vListInitialise)
    vListInitialiseItem                      0x08001009   Thumb Code     6  list.o(.text.vListInitialiseItem)
    vListInsert                              0x08001011   Thumb Code    58  list.o(.text.vListInsert)
    vPortEnterCritical                       0x0800104d   Thumb Code    70  port.o(.text.vPortEnterCritical)
    vPortExitCritical                        0x08001095   Thumb Code    46  port.o(.text.vPortExitCritical)
    vPortFree                                0x080010c5   Thumb Code   194  heap_4.o(.text.vPortFree)
    vPortSetupTimerInterrupt                 0x08001189   Thumb Code    34  port.o(.text.vPortSetupTimerInterrupt)
    vTaskInternalSetTimeOutState             0x080011ad   Thumb Code    26  tasks_1.o(.text.vTaskInternalSetTimeOutState)
    vTaskMissedYield                         0x080011c9   Thumb Code    14  tasks_1.o(.text.vTaskMissedYield)
    vTaskPlaceOnEventList                    0x080011d9   Thumb Code    54  tasks_1.o(.text.vTaskPlaceOnEventList)
    vTaskPriorityDisinheritAfterTimeout      0x08001211   Thumb Code   206  tasks_1.o(.text.vTaskPriorityDisinheritAfterTimeout)
    vTaskStartScheduler                      0x080012e1   Thumb Code   140  tasks_1.o(.text.vTaskStartScheduler)
    vTaskSuspendAll                          0x08001375   Thumb Code    16  tasks_1.o(.text.vTaskSuspendAll)
    vTaskSwitchContext                       0x08001385   Thumb Code   134  tasks_1.o(.text.vTaskSwitchContext)
    xPortStartScheduler                      0x0800140d   Thumb Code   218  port.o(.text.xPortStartScheduler)
    xQueueCreateMutex                        0x080014e9   Thumb Code    40  queue.o(.text.xQueueCreateMutex)
    xQueueGenericCreate                      0x08001511   Thumb Code   146  queue.o(.text.xQueueGenericCreate)
    xQueueGenericSend                        0x080015a5   Thumb Code   518  queue.o(.text.xQueueGenericSend)
    xQueueSemaphoreTake                      0x080017ad   Thumb Code   430  queue.o(.text.xQueueSemaphoreTake)
    xTaskCheckForTimeOut                     0x0800195d   Thumb Code   146  tasks_1.o(.text.xTaskCheckForTimeOut)
    xTaskCreate                              0x080019f1   Thumb Code   516  tasks_1.o(.text.xTaskCreate)
    xTaskIncrementTick                       0x08001bf5   Thumb Code   442  tasks_1.o(.text.xTaskIncrementTick)
    xTaskPriorityDisinherit                  0x08001db1   Thumb Code   198  tasks_1.o(.text.xTaskPriorityDisinherit)
    xTaskPriorityInherit                     0x08001e79   Thumb Code   190  tasks_1.o(.text.xTaskPriorityInherit)
    xTaskRemoveFromEventList                 0x08001f39   Thumb Code   240  tasks_1.o(.text.xTaskRemoveFromEventList)
    xTaskResumeAll                           0x08002029   Thumb Code   388  tasks_1.o(.text.xTaskResumeAll)
    uxTopUsedPriority                        0x080021b4   Data           4  tasks_1.o(.rodata.uxTopUsedPriority)
    Region$$Table$$Base                      0x080021b8   Number         0  anon$$obj.o(Region$$Table)
    Region$$Table$$Limit                     0x080021d8   Number         0  anon$$obj.o(Region$$Table)
    SystemCoreClock                          0x20000000   Data           4  system_stm32f10x.o(.data.SystemCoreClock)
    __libspace_start                         0x20000008   Data          96  libspace.o(.bss)
    __temporary_stack_top$libspace           0x20000068   Data           0  libspace.o(.bss)
    decrementTask                            0x20000068   Data           4  main.o(.bss.decrementTask)
    pxCurrentTCB                             0x2000006c   Data           4  tasks_1.o(.bss.pxCurrentTCB)
    queue1                                   0x200000e0   Data           4  main.o(.bss.queue1)
    queue2                                   0x200000e4   Data           4  main.o(.bss.queue2)
    result                                   0x200000e8   Data           4  main.o(.bss.result)
    squareTask                               0x200000ec   Data           4  main.o(.bss.squareTask)
    xMutex                                   0x20002940   Data           4  main.o(.bss.xMutex)



==============================================================================

Memory Map of the image

  Image Entry point : 0x08000191

  Load Region LR_1 (Base: 0x08000000, Size: 0x000021e0, Max: 0xffffffff, ABSOLUTE)

    Execution Region ER_RO (Exec base: 0x08000000, Load base: 0x08000000, Size: 0x000021d8, Max: 0xffffffff, ABSOLUTE)

    Exec Addr    Load Addr    Size         Type   Attr      Idx    E Section Name        Object

    0x08000000   0x08000000   0x000000ec   Data   RO           77    RESET               startup_stm32f10x_ld.o
    0x080000ec   0x080000ec   0x00000008   Code   RO          591  * !!!main             c_w.l(__main.o)
    0x080000f4   0x080000f4   0x00000034   Code   RO          769    !!!scatter          c_w.l(__scatter.o)
    0x08000128   0x08000128   0x0000001a   Code   RO          771    !!handler_copy      c_w.l(__scatter_copy.o)
    0x08000142   0x08000142   0x00000002   PAD
    0x08000144   0x08000144   0x0000001c   Code   RO          773    !!handler_zi        c_w.l(__scatter_zi.o)
    0x08000160   0x08000160   0x00000000   Code   RO          582    .ARM.Collect$$_printf_percent$$00000000  c_w.l(_printf_percent.o)
    0x08000160   0x08000160   0x00000006   Code   RO          581    .ARM.Collect$$_printf_percent$$00000009  c_w.l(_printf_d.o)
    0x08000166   0x08000166   0x00000004   Code   RO          600    .ARM.Collect$$_printf_percent$$00000017  c_w.l(_printf_percent_end.o)
    0x0800016a   0x0800016a   0x00000002   Code   RO          631    .ARM.Collect$$libinit$$00000000  c_w.l(libinit.o)
    0x0800016c   0x0800016c   0x00000000   Code   RO          638    .ARM.Collect$$libinit$$00000002  c_w.l(libinit2.o)
    0x0800016c   0x0800016c   0x00000000   Code   RO          640    .ARM.Collect$$libinit$$00000004  c_w.l(libinit2.o)
    0x0800016c   0x0800016c   0x00000000   Code   RO          642    .ARM.Collect$$libinit$$00000006  c_w.l(libinit2.o)
    0x0800016c   0x0800016c   0x00000000   Code   RO          645    .ARM.Collect$$libinit$$0000000C  c_w.l(libinit2.o)
    0x0800016c   0x0800016c   0x00000000   Code   RO          647    .ARM.Collect$$libinit$$0000000E  c_w.l(libinit2.o)
    0x0800016c   0x0800016c   0x00000000   Code   RO          649    .ARM.Collect$$libinit$$00000010  c_w.l(libinit2.o)
    0x0800016c   0x0800016c   0x00000000   Code   RO          652    .ARM.Collect$$libinit$$00000013  c_w.l(libinit2.o)
    0x0800016c   0x0800016c   0x00000000   Code   RO          654    .ARM.Collect$$libinit$$00000015  c_w.l(libinit2.o)
    0x0800016c   0x0800016c   0x00000000   Code   RO          656    .ARM.Collect$$libinit$$00000017  c_w.l(libinit2.o)
    0x0800016c   0x0800016c   0x00000000   Code   RO          658    .ARM.Collect$$libinit$$00000019  c_w.l(libinit2.o)
    0x0800016c   0x0800016c   0x00000000   Code   RO          660    .ARM.Collect$$libinit$$0000001B  c_w.l(libinit2.o)
    0x0800016c   0x0800016c   0x00000000   Code   RO          662    .ARM.Collect$$libinit$$0000001D  c_w.l(libinit2.o)
    0x0800016c   0x0800016c   0x00000000   Code   RO          664    .ARM.Collect$$libinit$$0000001F  c_w.l(libinit2.o)
    0x0800016c   0x0800016c   0x00000000   Code   RO          666    .ARM.Collect$$libinit$$00000021  c_w.l(libinit2.o)
    0x0800016c   0x0800016c   0x00000000   Code   RO          668    .ARM.Collect$$libinit$$00000023  c_w.l(libinit2.o)
    0x0800016c   0x0800016c   0x00000000   Code   RO          670    .ARM.Collect$$libinit$$00000025  c_w.l(libinit2.o)
    0x0800016c   0x0800016c   0x00000000   Code   RO          672    .ARM.Collect$$libinit$$00000027  c_w.l(libinit2.o)
    0x0800016c   0x0800016c   0x00000000   Code   RO          676    .ARM.Collect$$libinit$$0000002E  c_w.l(libinit2.o)
    0x0800016c   0x0800016c   0x00000000   Code   RO          678    .ARM.Collect$$libinit$$00000030  c_w.l(libinit2.o)
    0x0800016c   0x0800016c   0x00000000   Code   RO          680    .ARM.Collect$$libinit$$00000032  c_w.l(libinit2.o)
    0x0800016c   0x0800016c   0x00000000   Code   RO          682    .ARM.Collect$$libinit$$00000034  c_w.l(libinit2.o)
    0x0800016c   0x0800016c   0x00000002   Code   RO          683    .ARM.Collect$$libinit$$00000035  c_w.l(libinit2.o)
    0x0800016e   0x0800016e   0x00000002   Code   RO          705    .ARM.Collect$$libshutdown$$00000000  c_w.l(libshutdown.o)
    0x08000170   0x08000170   0x00000000   Code   RO          720    .ARM.Collect$$libshutdown$$00000002  c_w.l(libshutdown2.o)
    0x08000170   0x08000170   0x00000000   Code   RO          722    .ARM.Collect$$libshutdown$$00000004  c_w.l(libshutdown2.o)
    0x08000170   0x08000170   0x00000000   Code   RO          725    .ARM.Collect$$libshutdown$$00000007  c_w.l(libshutdown2.o)
    0x08000170   0x08000170   0x00000000   Code   RO          728    .ARM.Collect$$libshutdown$$0000000A  c_w.l(libshutdown2.o)
    0x08000170   0x08000170   0x00000000   Code   RO          730    .ARM.Collect$$libshutdown$$0000000C  c_w.l(libshutdown2.o)
    0x08000170   0x08000170   0x00000000   Code   RO          733    .ARM.Collect$$libshutdown$$0000000F  c_w.l(libshutdown2.o)
    0x08000170   0x08000170   0x00000002   Code   RO          734    .ARM.Collect$$libshutdown$$00000010  c_w.l(libshutdown2.o)
    0x08000172   0x08000172   0x00000000   Code   RO          593    .ARM.Collect$$rtentry$$00000000  c_w.l(__rtentry.o)
    0x08000172   0x08000172   0x00000000   Code   RO          606    .ARM.Collect$$rtentry$$00000002  c_w.l(__rtentry2.o)
    0x08000172   0x08000172   0x00000006   Code   RO          618    .ARM.Collect$$rtentry$$00000004  c_w.l(__rtentry4.o)
    0x08000178   0x08000178   0x00000000   Code   RO          608    .ARM.Collect$$rtentry$$00000009  c_w.l(__rtentry2.o)
    0x08000178   0x08000178   0x00000004   Code   RO          609    .ARM.Collect$$rtentry$$0000000A  c_w.l(__rtentry2.o)
    0x0800017c   0x0800017c   0x00000000   Code   RO          611    .ARM.Collect$$rtentry$$0000000C  c_w.l(__rtentry2.o)
    0x0800017c   0x0800017c   0x00000008   Code   RO          612    .ARM.Collect$$rtentry$$0000000D  c_w.l(__rtentry2.o)
    0x08000184   0x08000184   0x00000002   Code   RO          635    .ARM.Collect$$rtexit$$00000000  c_w.l(rtexit.o)
    0x08000186   0x08000186   0x00000000   Code   RO          685    .ARM.Collect$$rtexit$$00000002  c_w.l(rtexit2.o)
    0x08000186   0x08000186   0x00000004   Code   RO          686    .ARM.Collect$$rtexit$$00000003  c_w.l(rtexit2.o)
    0x0800018a   0x0800018a   0x00000006   Code   RO          687    .ARM.Collect$$rtexit$$00000004  c_w.l(rtexit2.o)
    0x08000190   0x08000190   0x00000040   Code   RO           78  * .text               startup_stm32f10x_ld.o
    0x080001d0   0x080001d0   0x00000028   Code   RO          555    .text               c_w.l(noretval__2sprintf.o)
    0x080001f8   0x080001f8   0x00000068   Code   RO          557    .text               c_w.l(__printf.o)
    0x08000260   0x08000260   0x00000078   Code   RO          559    .text               c_w.l(_printf_dec.o)
    0x080002d8   0x080002d8   0x0000008a   Code   RO          583    .text               c_w.l(rt_memcpy_v6.o)
    0x08000362   0x08000362   0x00000010   Code   RO          585    .text               c_w.l(aeabi_memset4.o)
    0x08000372   0x08000372   0x00000044   Code   RO          587    .text               c_w.l(rt_memclr.o)
    0x080003b6   0x080003b6   0x00000006   Code   RO          589    .text               c_w.l(heapauxi.o)
    0x080003bc   0x080003bc   0x000000b2   Code   RO          594    .text               c_w.l(_printf_intcommon.o)
    0x0800046e   0x0800046e   0x00000002   PAD
    0x08000470   0x08000470   0x00000030   Code   RO          596    .text               c_w.l(_printf_char_common.o)
    0x080004a0   0x080004a0   0x0000000a   Code   RO          598    .text               c_w.l(_sputc.o)
    0x080004aa   0x080004aa   0x00000064   Code   RO          601    .text               c_w.l(rt_memcpy_w.o)
    0x0800050e   0x0800050e   0x0000004e   Code   RO          603    .text               c_w.l(rt_memclr_w.o)
    0x0800055c   0x0800055c   0x0000004a   Code   RO          622    .text               c_w.l(sys_stackheap_outer.o)
    0x080005a6   0x080005a6   0x00000012   Code   RO          624    .text               c_w.l(exit.o)
    0x080005b8   0x080005b8   0x00000008   Code   RO          632    .text               c_w.l(libspace.o)
    0x080005c0   0x080005c0   0x0000000c   Code   RO          695    .text               c_w.l(sys_exit.o)
    0x080005cc   0x080005cc   0x00000002   Code   RO          710    .text               c_w.l(use_no_semi.o)
    0x080005ce   0x080005ce   0x00000000   Code   RO          712    .text               c_w.l(indicate_semi.o)
    0x080005ce   0x080005ce   0x00000002   PAD
    0x080005d0   0x080005d0   0x00000050   Code   RO           27    .text.Access        gpio.o
    0x08000620   0x08000620   0x000000c4   Code   RO           65    .text.DecrementTask  tasks.o
    0x080006e4   0x080006e4   0x0000000c   PAD
    0x080006f0   0x080006f0   0x00000044   Code   RO          312    .text.PendSV_Handler  port.o
    0x08000734   0x08000734   0x00000050   Code   RO           29    .text.Release       gpio.o
    0x08000784   0x08000784   0x0000000c   PAD
    0x08000790   0x08000790   0x00000024   Code   RO          298    .text.SVC_Handler   port.o
    0x080007b4   0x080007b4   0x000000c4   Code   RO           63    .text.SquareTask    tasks.o
    0x08000878   0x08000878   0x0000002e   Code   RO          314    .text.SysTick_Handler  port.o
    0x080008a6   0x080008a6   0x00000002   PAD
    0x080008a8   0x080008a8   0x00000110   Code   RO           85    .text.SystemInit    system_stm32f10x.o
    0x080009b8   0x080009b8   0x00000014   Code   RO           17    .text.delay_ms      delay.o
    0x080009cc   0x080009cc   0x000000f8   Code   RO           61    .text.initialize_tasks  tasks.o
    0x08000ac4   0x08000ac4   0x00000058   Code   RO            2    .text.main          main.o
    0x08000b1c   0x08000b1c   0x000000c0   Code   RO          429    .text.prvAddCurrentTaskToDelayedList  tasks_1.o
    0x08000bdc   0x08000bdc   0x00000076   Code   RO          453    .text.prvIdleTask   tasks_1.o
    0x08000c52   0x08000c52   0x00000002   PAD
    0x08000c54   0x08000c54   0x00000020   Code   RO          304    .text.prvPortStartFirstTask  port.o
    0x08000c74   0x08000c74   0x00000032   Code   RO          296    .text.prvTaskExitError  port.o
    0x08000ca6   0x08000ca6   0x00000002   PAD
    0x08000ca8   0x08000ca8   0x00000074   Code   RO          374    .text.prvUnlockQueue  queue.o
    0x08000d1c   0x08000d1c   0x000001a2   Code   RO          329    .text.pvPortMalloc  heap_4.o
    0x08000ebe   0x08000ebe   0x00000002   PAD
    0x08000ec0   0x08000ec0   0x00000018   Code   RO          505    .text.pvTaskIncrementMutexHeldCount  tasks_1.o
    0x08000ed8   0x08000ed8   0x00000020   Code   RO          294    .text.pxPortInitialiseStack  port.o
    0x08000ef8   0x08000ef8   0x0000004e   Code   RO           35    .text.setup_GPIO    gpio.o
    0x08000f46   0x08000f46   0x00000002   PAD
    0x08000f48   0x08000f48   0x00000012   Code   RO           33    .text.setup_RCC     gpio.o
    0x08000f5a   0x08000f5a   0x00000002   PAD
    0x08000f5c   0x08000f5c   0x0000004a   Code   RO           45    .text.usart1_init   usart.o
    0x08000fa6   0x08000fa6   0x00000002   PAD
    0x08000fa8   0x08000fa8   0x00000024   Code   RO           49    .text.usart1_sendStr  usart.o
    0x08000fcc   0x08000fcc   0x00000024   Code   RO          284    .text.uxListRemove  list.o
    0x08000ff0   0x08000ff0   0x00000016   Code   RO          276    .text.vListInitialise  list.o
    0x08001006   0x08001006   0x00000002   PAD
    0x08001008   0x08001008   0x00000006   Code   RO          278    .text.vListInitialiseItem  list.o
    0x0800100e   0x0800100e   0x00000002   PAD
    0x08001010   0x08001010   0x0000003a   Code   RO          282    .text.vListInsert   list.o
    0x0800104a   0x0800104a   0x00000002   PAD
    0x0800104c   0x0800104c   0x00000046   Code   RO          308    .text.vPortEnterCritical  port.o
    0x08001092   0x08001092   0x00000002   PAD
    0x08001094   0x08001094   0x0000002e   Code   RO          310    .text.vPortExitCritical  port.o
    0x080010c2   0x080010c2   0x00000002   PAD
    0x080010c4   0x080010c4   0x000000c2   Code   RO          331    .text.vPortFree     heap_4.o
    0x08001186   0x08001186   0x00000002   PAD
    0x08001188   0x08001188   0x00000022   Code   RO          302    .text.vPortSetupTimerInterrupt  port.o
    0x080011aa   0x080011aa   0x00000002   PAD
    0x080011ac   0x080011ac   0x0000001a   Code   RO          483    .text.vTaskInternalSetTimeOutState  tasks_1.o
    0x080011c6   0x080011c6   0x00000002   PAD
    0x080011c8   0x080011c8   0x0000000e   Code   RO          487    .text.vTaskMissedYield  tasks_1.o
    0x080011d6   0x080011d6   0x00000002   PAD
    0x080011d8   0x080011d8   0x00000036   Code   RO          473    .text.vTaskPlaceOnEventList  tasks_1.o
    0x0800120e   0x0800120e   0x00000002   PAD
    0x08001210   0x08001210   0x000000ce   Code   RO          501    .text.vTaskPriorityDisinheritAfterTimeout  tasks_1.o
    0x080012de   0x080012de   0x00000002   PAD
    0x080012e0   0x080012e0   0x00000094   Code   RO          451    .text.vTaskStartScheduler  tasks_1.o
    0x08001374   0x08001374   0x00000010   Code   RO          427    .text.vTaskSuspendAll  tasks_1.o
    0x08001384   0x08001384   0x00000086   Code   RO          445    .text.vTaskSwitchContext  tasks_1.o
    0x0800140a   0x0800140a   0x00000002   PAD
    0x0800140c   0x0800140c   0x000000da   Code   RO          300    .text.xPortStartScheduler  port.o
    0x080014e6   0x080014e6   0x00000002   PAD
    0x080014e8   0x080014e8   0x00000028   Code   RO          362    .text.xQueueCreateMutex  queue.o
    0x08001510   0x08001510   0x00000092   Code   RO          360    .text.xQueueGenericCreate  queue.o
    0x080015a2   0x080015a2   0x00000002   PAD
    0x080015a4   0x080015a4   0x00000206   Code   RO          366    .text.xQueueGenericSend  queue.o
    0x080017aa   0x080017aa   0x00000002   PAD
    0x080017ac   0x080017ac   0x000001ae   Code   RO          370    .text.xQueueSemaphoreTake  queue.o
    0x0800195a   0x0800195a   0x00000002   PAD
    0x0800195c   0x0800195c   0x00000092   Code   RO          485    .text.xTaskCheckForTimeOut  tasks_1.o
    0x080019ee   0x080019ee   0x00000002   PAD
    0x080019f0   0x080019f0   0x00000204   Code   RO          421    .text.xTaskCreate   tasks_1.o
    0x08001bf4   0x08001bf4   0x000001ba   Code   RO          457    .text.xTaskIncrementTick  tasks_1.o
    0x08001dae   0x08001dae   0x00000002   PAD
    0x08001db0   0x08001db0   0x000000c6   Code   RO          499    .text.xTaskPriorityDisinherit  tasks_1.o
    0x08001e76   0x08001e76   0x00000002   PAD
    0x08001e78   0x08001e78   0x000000be   Code   RO          497    .text.xTaskPriorityInherit  tasks_1.o
    0x08001f36   0x08001f36   0x00000002   PAD
    0x08001f38   0x08001f38   0x000000f0   Code   RO          477    .text.xTaskRemoveFromEventList  tasks_1.o
    0x08002028   0x08002028   0x00000184   Code   RO          431    .text.xTaskResumeAll  tasks_1.o
    0x080021ac   0x080021ac   0x00000005   Data   RO           67    .rodata.str1.1      tasks.o
    0x080021b1   0x080021b1   0x00000003   PAD
    0x080021b4   0x080021b4   0x00000004   Data   RO          522    .rodata.uxTopUsedPriority  tasks_1.o
    0x080021b8   0x080021b8   0x00000020   Data   RO          768    Region$$Table       anon$$obj.o


    Execution Region ER_RW (Exec base: 0x20000000, Load base: 0x080021d8, Size: 0x00000008, Max: 0xffffffff, ABSOLUTE)

    Exec Addr    Load Addr    Size         Type   Attr      Idx    E Section Name        Object

    0x20000000   0x080021d8   0x00000004   Data   RW           89    .data.SystemCoreClock  system_stm32f10x.o
    0x20000004   0x080021dc   0x00000004   Data   RW          320    .data.uxCriticalNesting  port.o


    Execution Region ER_ZI (Exec base: 0x20000008, Load base: 0x080021e0, Size: 0x00002fa0, Max: 0xffffffff, ABSOLUTE)

    Exec Addr    Load Addr    Size         Type   Attr      Idx    E Section Name        Object

    0x20000008        -       0x00000060   Zero   RW          633    .bss                c_w.l(libspace.o)
    0x20000068        -       0x00000004   Zero   RW            5    .bss.decrementTask  main.o
    0x2000006c        -       0x00000004   Zero   RW          521    .bss.pxCurrentTCB   tasks_1.o
    0x20000070        -       0x00000004   Zero   RW          532    .bss.pxDelayedTaskList  tasks_1.o
    0x20000074        -       0x00000004   Zero   RW          343    .bss.pxEnd          heap_4.o
    0x20000078        -       0x00000004   Zero   RW          533    .bss.pxOverflowDelayedTaskList  tasks_1.o
    0x2000007c        -       0x00000064   Zero   RW          523    .bss.pxReadyTasksLists  tasks_1.o
    0x200000e0        -       0x00000004   Zero   RW            7    .bss.queue1         main.o
    0x200000e4        -       0x00000004   Zero   RW            8    .bss.queue2         main.o
    0x200000e8        -       0x00000004   Zero   RW            9    .bss.result         main.o
    0x200000ec        -       0x00000004   Zero   RW            4    .bss.squareTask     main.o
    0x200000f0        -       0x00002800   Zero   RW          349    .bss.ucHeap         heap_4.o
    0x200028f0        -       0x00000001   Zero   RW          318    .bss.ucMaxSysCallPriority  port.o
    0x200028f1   0x080021e0   0x00000003   PAD
    0x200028f4        -       0x00000004   Zero   RW          319    .bss.ulMaxPRIGROUPValue  port.o
    0x200028f8        -       0x00000004   Zero   RW          528    .bss.uxCurrentNumberOfTasks  tasks_1.o
    0x200028fc        -       0x00000004   Zero   RW          527    .bss.uxDeletedTasksWaitingCleanUp  tasks_1.o
    0x20002900        -       0x00000004   Zero   RW          530    .bss.uxSchedulerSuspended  tasks_1.o
    0x20002904        -       0x00000004   Zero   RW          525    .bss.uxTaskNumber   tasks_1.o
    0x20002908        -       0x00000004   Zero   RW          524    .bss.uxTopReadyPriority  tasks_1.o
    0x2000290c        -       0x00000014   Zero   RW          541    .bss.xDelayedTaskList1  tasks_1.o
    0x20002920        -       0x00000014   Zero   RW          542    .bss.xDelayedTaskList2  tasks_1.o
    0x20002934        -       0x00000004   Zero   RW          344    .bss.xFreeBytesRemaining  heap_4.o
    0x20002938        -       0x00000004   Zero   RW          537    .bss.xIdleTaskHandle  tasks_1.o
    0x2000293c        -       0x00000004   Zero   RW          346    .bss.xMinimumEverFreeBytesRemaining  heap_4.o
    0x20002940        -       0x00000004   Zero   RW            6    .bss.xMutex         main.o
    0x20002944        -       0x00000004   Zero   RW          538    .bss.xNextTaskUnblockTime  tasks_1.o
    0x20002948        -       0x00000004   Zero   RW          540    .bss.xNumOfOverflows  tasks_1.o
    0x2000294c        -       0x00000004   Zero   RW          347    .bss.xNumberOfSuccessfulAllocations  heap_4.o
    0x20002950        -       0x00000004   Zero   RW          348    .bss.xNumberOfSuccessfulFrees  heap_4.o
    0x20002954        -       0x00000004   Zero   RW          539    .bss.xPendedTicks   tasks_1.o
    0x20002958        -       0x00000014   Zero   RW          536    .bss.xPendingReadyList  tasks_1.o
    0x2000296c        -       0x00000004   Zero   RW          529    .bss.xSchedulerRunning  tasks_1.o
    0x20002970        -       0x00000008   Zero   RW          345    .bss.xStart         heap_4.o
    0x20002978        -       0x00000014   Zero   RW          534    .bss.xSuspendedTaskList  tasks_1.o
    0x2000298c        -       0x00000014   Zero   RW          526    .bss.xTasksWaitingTermination  tasks_1.o
    0x200029a0        -       0x00000004   Zero   RW          531    .bss.xTickCount     tasks_1.o
    0x200029a4        -       0x00000004   Zero   RW          535    .bss.xYieldPending  tasks_1.o
    0x200029a8        -       0x00000200   Zero   RW           76    HEAP                startup_stm32f10x_ld.o
    0x20002ba8        -       0x00000400   Zero   RW           75    STACK               startup_stm32f10x_ld.o


==============================================================================

Image component sizes


      Code (inc. data)   RO Data    RW Data    ZI Data      Debug   Object Name

        20          0          0          0          0        663   delay.o
       256          0          0          0          0       1817   gpio.o
       612          0          0          0      10268       5495   heap_4.o
       122          0          0          0          0       2411   list.o
        88         52          0          0         24       1145   main.o
       632         12          0          4          5       3997   port.o
      1250          0          0          0          0      21809   queue.o
        64         26        236          0       1536        900   startup_stm32f10x_ld.o
       272          0          0          4          0       2855   system_stm32f10x.o
       640        176          5          0          0       2738   tasks.o
      3052          8          4          0        260      36320   tasks_1.o
       110          0          0          0          0       2307   usart.o

    ----------------------------------------------------------------------
      7196        286        280          8      12096      82457   Object Totals
         0          0         32          0          0          0   (incl. Generated)
        78         12          3          0          3          0   (incl. Padding)

    ----------------------------------------------------------------------

      Code (inc. data)   RO Data    RW Data    ZI Data      Debug   Library Member Name

         8          0          0          0          0         68   __main.o
       104          0          0          0          0         84   __printf.o
         0          0          0          0          0          0   __rtentry.o
        12          0          0          0          0          0   __rtentry2.o
         6          0          0          0          0          0   __rtentry4.o
        52          8          0          0          0          0   __scatter.o
        26          0          0          0          0          0   __scatter_copy.o
        28          0          0          0          0          0   __scatter_zi.o
        48          6          0          0          0         96   _printf_char_common.o
         6          0          0          0          0          0   _printf_d.o
       120         16          0          0          0         92   _printf_dec.o
       178          0          0          0          0         88   _printf_intcommon.o
         0          0          0          0          0          0   _printf_percent.o
         4          0          0          0          0          0   _printf_percent_end.o
        10          0          0          0          0         68   _sputc.o
        16          0          0          0          0         68   aeabi_memset4.o
        18          0          0          0          0         80   exit.o
         6          0          0          0          0        152   heapauxi.o
         0          0          0          0          0          0   indicate_semi.o
         2          0          0          0          0          0   libinit.o
         2          0          0          0          0          0   libinit2.o
         2          0          0          0          0          0   libshutdown.o
         2          0          0          0          0          0   libshutdown2.o
         8          4          0          0         96         68   libspace.o
        40          6          0          0          0         84   noretval__2sprintf.o
        68          0          0          0          0         68   rt_memclr.o
        78          0          0          0          0         80   rt_memclr_w.o
       138          0          0          0          0         68   rt_memcpy_v6.o
       100          0          0          0          0         80   rt_memcpy_w.o
         2          0          0          0          0          0   rtexit.o
        10          0          0          0          0          0   rtexit2.o
        12          4          0          0          0         68   sys_exit.o
        74          0          0          0          0         80   sys_stackheap_outer.o
         2          0          0          0          0         68   use_no_semi.o

    ----------------------------------------------------------------------
      1188         44          0          0         96       1460   Library Totals
         6          0          0          0          0          0   (incl. Padding)

    ----------------------------------------------------------------------

      Code (inc. data)   RO Data    RW Data    ZI Data      Debug   Library Name

      1182         44          0          0         96       1460   c_w.l

    ----------------------------------------------------------------------
      1188         44          0          0         96       1460   Library Totals

    ----------------------------------------------------------------------

==============================================================================


      Code (inc. data)   RO Data    RW Data    ZI Data      Debug   

      8384        330        280          8      12192      83037   Grand Totals
      8384        330        280          8      12192      83037   ELF Image Totals
      8384        330        280          8          0          0   ROM Totals

==============================================================================

    Total RO  Size (Code + RO Data)                 8664 (   8.46kB)
    Total RW  Size (RW Data + ZI Data)             12200 (  11.91kB)
    Total ROM Size (Code + RO Data + RW Data)       8672 (   8.47kB)

==============================================================================

